done 2/normal: Blue:0.000/0.000/0.500/0.000/-/38.267/54.395/54.387/68.629/-/-;M=6/0;R=28/4;AM=0/0|Red:0.000/0.000/0.500/0.000/-/38.267/54.387/54.395/-/-/-;M=6/0;R=36/9;AM=0/0|Approach:0.000,Missile:30.000,Gunnery:0.000,Sniping:38.633,Brawl:0.000|collisions=0|events=8|winner=Red;time=68.633 wall=1.3s
done 2/mirror: Blue:0.000/0.000/0.500/0.000/-/38.267/44.733/44.732/-/-/-;M=6/0;R=22/10;AM=0/0|Red:0.000/0.000/0.500/0.000/-/38.267/44.732/44.733/67.246/-/-;M=6/0;R=22/10;AM=0/0|Approach:0.000,Missile:30.000,Gunnery:0.000,Sniping:37.250,Brawl:0.000|collisions=0|events=14|winner=Blue;time=67.250 wall=0.7s
done 1/normal: Blue:0.000/0.000/0.500/0.000/124.883/38.267/52.429/65.050/-/-/-;M=13/2;R=96/34;AM=0/0|Red:0.000/0.000/0.500/0.000/-/38.267/47.741/54.402/-/178.892/-;M=7/0;R=50/10;AM=0/0|Approach:0.000,Missile:30.000,Gunnery:30.000,Sniping:118.900,Brawl:0.000|collisions=0|events=21|winner=Blue;time=178.900 wall=2.3s
done 1/mirror: Blue:0.000/0.000/0.500/0.000/71.000/38.017/44.490/44.491/-/-/-;M=6/1;R=22/10;AM=0/0|Red:0.000/0.000/0.500/0.000/-/38.017/44.491/44.490/73.614/-/-;M=6/0;R=26/12;AM=0/0|Approach:0.000,Missile:30.000,Gunnery:0.000,Sniping:43.617,Brawl:0.000|collisions=0|events=14|winner=Blue;time=73.617 wall=0.4s
AM InFlight at outcome: 0
Contact: median=0.00 min=0.00 max=0.00 occurred=4/4
Blue Contact: median=0.00 min=0.00 max=0.00 occurred=4/4
Red Contact: median=0.00 min=0.00 max=0.00 occurred=4/4
Identified: median=0.00 min=0.00 max=0.00 occurred=4/4
Blue Identified: median=0.00 min=0.00 max=0.00 occurred=4/4
Red Identified: median=0.00 min=0.00 max=0.00 occurred=4/4
Locked: median=0.50 min=0.50 max=0.50 occurred=4/4
Blue Locked: median=0.50 min=0.50 max=0.50 occurred=4/4
Red Locked: median=0.50 min=0.50 max=0.50 occurred=4/4
MissileLaunch: median=0.00 min=0.00 max=0.00 occurred=4/4
Blue MissileLaunch: median=0.00 min=0.00 max=0.00 occurred=4/4
Red MissileLaunch: median=0.00 min=0.00 max=0.00 occurred=4/4
MissileHit: median=97.94 min=71.00 max=124.88 occurred=2/4
Blue MissileHit: median=97.94 min=71.00 max=124.88 occurred=2/4
Red MissileHit: no events
RailLaunch: median=38.27 min=38.02 max=38.27 occurred=4/4
Blue RailLaunch: median=38.27 min=38.02 max=38.27 occurred=4/4
Red RailLaunch: median=38.27 min=38.02 max=38.27 occurred=4/4
RailHit: median=46.24 min=44.49 max=54.39 occurred=4/4
Blue RailHit: median=48.58 min=44.49 max=54.40 occurred=4/4
Red RailHit: median=46.24 min=44.49 max=54.39 occurred=4/4
ModuleDestroyed: median=49.56 min=44.49 max=54.40 occurred=4/4
Blue ModuleDestroyed: median=49.56 min=44.49 max=65.05 occurred=4/4
Red ModuleDestroyed: median=49.56 min=44.49 max=54.40 occurred=4/4
Disabled: median=68.63 min=67.25 max=73.61 occurred=3/4
Blue Disabled: median=68.63 min=68.63 max=68.63 occurred=1/4
Red Disabled: median=70.43 min=67.25 max=73.61 occurred=2/4
Destroyed: median=178.89 min=178.89 max=178.89 occurred=1/4
Blue Destroyed: no events
Red Destroyed: median=178.89 min=178.89 max=178.89 occurred=1/4
Close: no events
Blue Close: no events
Red Close: no events
Outcome: median=71.12 min=67.25 max=178.90 occurred=4/4
Wall: median=1.00 min=0.41 max=2.32 occurred=4/4
wins Blue: 3/4
wins Red: 1/4
draws: 0/4; unresolved: 0
position normal: Blue 1/2, Red 1/2
position mirror: Blue 2/2, Red 0/2
phase Approach >=60s: 0/4
phase Missile >=60s: 0/4
phase Gunnery >=60s: 0/4
phase Sniping >=60s: 1/4
phase Brawl >=60s: 0/4
friendly collisions: mean=0.00
batch wall=2.7s jobs=2 csv=C:\Users\yurib\Documents\New project\space_fleet\shots\mars-balance-final\duel-Escort-80000-Mars-Mars.csv
