done 1/normal: Blue:0.000/0.000/0.000/0.000/-/0.050/1.516/1.202/-/-/1.000;M=1/0;R=4/4;AM=0/0|Red:0.000/0.000/0.000/0.000/-/0.067/1.175/1.524/1.537/-/1.000;M=1/0;R=4/4;AM=0/0|Approach:0.000,Missile:0.000,Gunnery:0.000,Sniping:0.000,Brawl:1.550|collisions=0|events=6|winner=Blue;time=1.550 wall=0.1s
done 2/normal: Blue:0.000/0.000/0.000/0.000/-/0.150/1.615/1.287/-/-/1.000;M=1/0;R=4/4;AM=0/0|Red:0.000/0.000/0.000/0.000/-/0.150/1.260/1.623/1.626/-/1.000;M=1/0;R=4/4;AM=0/0|Approach:0.000,Missile:0.000,Gunnery:0.000,Sniping:0.000,Brawl:1.633|collisions=0|events=7|winner=Blue;time=1.633 wall=0.1s
done 2/mirror: Blue:0.000/0.000/0.000/0.000/-/0.150/1.615/1.287/-/-/1.000;M=1/0;R=4/4;AM=0/0|Red:0.000/0.000/0.000/0.000/-/0.150/1.260/1.623/1.629/-/1.000;M=1/0;R=4/4;AM=0/0|Approach:0.000,Missile:0.000,Gunnery:0.000,Sniping:0.000,Brawl:1.633|collisions=0|events=7|winner=Blue;time=1.633 wall=0.0s
done 1/mirror: Blue:0.000/0.000/0.000/0.000/-/0.050/1.516/1.202/-/-/1.000;M=1/0;R=4/4;AM=0/0|Red:0.000/0.000/0.000/0.000/-/0.067/1.175/1.526/-/-/1.000;M=1/0;R=4/4;AM=0/0|Approach:1470.000,Missile:0.000,Gunnery:0.000,Sniping:0.000,Brawl:30.000|collisions=0|events=5|winner=Draw;time=1500.000 wall=1.5s
AM InFlight at outcome: 0
Contact: median=0.00 min=0.00 max=0.00 occurred=4/4
Blue Contact: median=0.00 min=0.00 max=0.00 occurred=4/4
Red Contact: median=0.00 min=0.00 max=0.00 occurred=4/4
Identified: median=0.00 min=0.00 max=0.00 occurred=4/4
Blue Identified: median=0.00 min=0.00 max=0.00 occurred=4/4
Red Identified: median=0.00 min=0.00 max=0.00 occurred=4/4
Locked: median=0.00 min=0.00 max=0.00 occurred=4/4
Blue Locked: median=0.00 min=0.00 max=0.00 occurred=4/4
Red Locked: median=0.00 min=0.00 max=0.00 occurred=4/4
MissileLaunch: median=0.00 min=0.00 max=0.00 occurred=4/4
Blue MissileLaunch: median=0.00 min=0.00 max=0.00 occurred=4/4
Red MissileLaunch: median=0.00 min=0.00 max=0.00 occurred=4/4
MissileHit: no events
Blue MissileHit: no events
Red MissileHit: no events
RailLaunch: median=0.10 min=0.05 max=0.15 occurred=4/4
Blue RailLaunch: median=0.10 min=0.05 max=0.15 occurred=4/4
Red RailLaunch: median=0.11 min=0.07 max=0.15 occurred=4/4
RailHit: median=1.22 min=1.18 max=1.26 occurred=4/4
Blue RailHit: median=1.57 min=1.52 max=1.62 occurred=4/4
Red RailHit: median=1.22 min=1.18 max=1.26 occurred=4/4
ModuleDestroyed: median=1.24 min=1.20 max=1.29 occurred=4/4
Blue ModuleDestroyed: median=1.24 min=1.20 max=1.29 occurred=4/4
Red ModuleDestroyed: median=1.57 min=1.52 max=1.62 occurred=4/4
Disabled: median=1.63 min=1.54 max=1.63 occurred=3/4
Blue Disabled: no events
Red Disabled: median=1.63 min=1.54 max=1.63 occurred=3/4
Destroyed: no events
Blue Destroyed: no events
Red Destroyed: no events
Close: median=1.00 min=1.00 max=1.00 occurred=4/4
Blue Close: median=1.00 min=1.00 max=1.00 occurred=4/4
Red Close: median=1.00 min=1.00 max=1.00 occurred=4/4
Outcome: median=1.63 min=1.55 max=1500.00 occurred=4/4
Wall: median=0.13 min=0.03 max=1.50 occurred=4/4
wins Blue: 3/4
wins Red: 0/4
draws: 1/4; unresolved: 0
position normal: Blue 2/2, Red 0/2
position mirror: Blue 1/2, Red 0/2
phase Approach >=60s: 1/4
phase Missile >=60s: 0/4
phase Gunnery >=60s: 0/4
phase Sniping >=60s: 0/4
phase Brawl >=60s: 0/4
friendly collisions: mean=0.00
batch wall=2.0s jobs=2 csv=C:\Users\yurib\Documents\New project\space_fleet\shots\mars-balance-final\duel-Escort-12000-Earth-Mars.csv
