done 2/normal: Blue:0.000/0.000/0.000/0.000/-/0.167/1.223/1.323/-/-/-;M=1/0;R=4/4;AM=0/0|Red:0.000/0.000/0.000/0.000/-/0.283/1.323/1.223/-/-/-;M=1/0;R=4/4;AM=0/0|Approach:1470.000,Missile:0.000,Gunnery:0.000,Sniping:30.000,Brawl:0.000|collisions=0|events=2|winner=Draw;time=1500.000 wall=1.3s
done 1/normal: Blue:0.000/0.000/0.000/0.000/-/0.017/1.070/1.174/-/-/-;M=1/0;R=4/4;AM=0/0|Red:0.000/0.000/0.000/0.000/-/0.133/1.174/1.070/-/-/-;M=1/0;R=4/4;AM=0/0|Approach:1470.000,Missile:0.000,Gunnery:0.000,Sniping:30.000,Brawl:0.000|collisions=0|events=2|winner=Draw;time=1500.000 wall=1.3s
done 2/mirror: Blue:0.000/0.000/0.000/0.000/-/0.167/1.223/1.323/-/-/-;M=1/0;R=4/4;AM=0/0|Red:0.000/0.000/0.000/0.000/-/0.283/1.323/1.223/-/-/-;M=1/0;R=4/4;AM=0/0|Approach:1470.000,Missile:0.000,Gunnery:0.000,Sniping:30.000,Brawl:0.000|collisions=0|events=2|winner=Draw;time=1500.000 wall=0.6s
done 1/mirror: Blue:0.000/0.000/0.000/0.000/-/0.017/1.070/1.174/-/-/-;M=1/0;R=4/4;AM=0/0|Red:0.000/0.000/0.000/0.000/-/0.133/1.174/1.070/-/-/-;M=1/0;R=4/4;AM=0/0|Approach:1470.000,Missile:0.000,Gunnery:0.000,Sniping:30.000,Brawl:0.000|collisions=0|events=2|winner=Draw;time=1500.000 wall=0.6s
AM InFlight at outcome: 0
Contact: median=0.00 min=0.00 max=0.00 occurred=4/4
Blue Contact: median=0.00 min=0.00 max=0.00 occurred=4/4
Red Contact: median=0.00 min=0.00 max=0.00 occurred=4/4
Identified: median=0.00 min=0.00 max=0.00 occurred=4/4
Blue Identified: median=0.00 min=0.00 max=0.00 occurred=4/4
Red Identified: median=0.00 min=0.00 max=0.00 occurred=4/4
Locked: median=0.00 min=0.00 max=0.00 occurred=4/4
Blue Locked: median=0.00 min=0.00 max=0.00 occurred=4/4
Red Locked: median=0.00 min=0.00 max=0.00 occurred=4/4
MissileLaunch: median=0.00 min=0.00 max=0.00 occurred=4/4
Blue MissileLaunch: median=0.00 min=0.00 max=0.00 occurred=4/4
Red MissileLaunch: median=0.00 min=0.00 max=0.00 occurred=4/4
MissileHit: no events
Blue MissileHit: no events
Red MissileHit: no events
RailLaunch: median=0.09 min=0.02 max=0.17 occurred=4/4
Blue RailLaunch: median=0.09 min=0.02 max=0.17 occurred=4/4
Red RailLaunch: median=0.21 min=0.13 max=0.28 occurred=4/4
RailHit: median=1.15 min=1.07 max=1.22 occurred=4/4
Blue RailHit: median=1.15 min=1.07 max=1.22 occurred=4/4
Red RailHit: median=1.25 min=1.17 max=1.32 occurred=4/4
ModuleDestroyed: median=1.15 min=1.07 max=1.22 occurred=4/4
Blue ModuleDestroyed: median=1.25 min=1.17 max=1.32 occurred=4/4
Red ModuleDestroyed: median=1.15 min=1.07 max=1.22 occurred=4/4
Disabled: no events
Blue Disabled: no events
Red Disabled: no events
Destroyed: no events
Blue Destroyed: no events
Red Destroyed: no events
Close: no events
Blue Close: no events
Red Close: no events
Outcome: median=1500.00 min=1500.00 max=1500.00 occurred=4/4
Wall: median=0.95 min=0.59 max=1.31 occurred=4/4
wins Blue: 0/4
wins Red: 0/4
draws: 4/4; unresolved: 0
position normal: Blue 0/2, Red 0/2
position mirror: Blue 0/2, Red 0/2
phase Approach >=60s: 4/4
phase Missile >=60s: 0/4
phase Gunnery >=60s: 0/4
phase Sniping >=60s: 0/4
phase Brawl >=60s: 0/4
friendly collisions: mean=0.00
batch wall=2.1s jobs=2 csv=C:\Users\yurib\Documents\New project\space_fleet\shots\mars-balance-final\duel-Battleship-20000-Mars-Mars.csv
