done 2/normal: Blue:0.000/0.000/0.000/0.000/-/0.033/7.186/7.251/-/-/-;M=2/0;R=8/4;AM=0/0|Red:0.000/0.000/0.000/0.000/-/0.050/7.197/7.248/-/-/-;M=2/0;R=8/7;AM=0/0|Approach:1470.000,Missile:0.000,Gunnery:0.000,Sniping:30.000,Brawl:0.000|collisions=0|events=2|winner=Draw;time=1500.000 wall=1.6s
done 1/normal: Blue:0.000/0.000/0.000/0.000/-/0.000/7.163/7.247/-/-/-;M=2/0;R=8/4;AM=0/0|Red:0.000/0.000/0.000/0.000/-/0.017/7.158/7.163/-/-/-;M=2/0;R=8/7;AM=0/0|Approach:1470.000,Missile:0.000,Gunnery:0.000,Sniping:30.000,Brawl:0.000|collisions=0|events=2|winner=Draw;time=1500.000 wall=1.6s
done 1/mirror: Blue:0.000/0.000/0.000/0.000/-/0.000/7.162/7.247/-/-/-;M=2/0;R=8/6;AM=0/0|Red:0.000/0.000/0.000/0.000/-/0.017/7.158/7.218/-/-/-;M=2/0;R=8/6;AM=0/0|Approach:1470.000,Missile:0.000,Gunnery:0.000,Sniping:30.000,Brawl:0.000|collisions=0|events=2|winner=Draw;time=1500.000 wall=0.7s
done 2/mirror: Blue:0.000/0.000/0.000/0.000/-/0.033/7.186/7.197/-/-/-;M=2/0;R=8/6;AM=0/0|Red:0.000/0.000/0.000/0.000/-/0.050/7.197/7.248/-/-/-;M=2/0;R=8/6;AM=0/0|Approach:1470.000,Missile:0.000,Gunnery:0.000,Sniping:30.000,Brawl:0.000|collisions=0|events=2|winner=Draw;time=1500.000 wall=0.7s
AM InFlight at outcome: 0
Contact: median=0.00 min=0.00 max=0.00 occurred=4/4
Blue Contact: median=0.00 min=0.00 max=0.00 occurred=4/4
Red Contact: median=0.00 min=0.00 max=0.00 occurred=4/4
Identified: median=0.00 min=0.00 max=0.00 occurred=4/4
Blue Identified: median=0.00 min=0.00 max=0.00 occurred=4/4
Red Identified: median=0.00 min=0.00 max=0.00 occurred=4/4
Locked: median=0.00 min=0.00 max=0.00 occurred=4/4
Blue Locked: median=0.00 min=0.00 max=0.00 occurred=4/4
Red Locked: median=0.00 min=0.00 max=0.00 occurred=4/4
MissileLaunch: median=0.00 min=0.00 max=0.00 occurred=4/4
Blue MissileLaunch: median=0.00 min=0.00 max=0.00 occurred=4/4
Red MissileLaunch: median=0.00 min=0.00 max=0.00 occurred=4/4
MissileHit: no events
Blue MissileHit: no events
Red MissileHit: no events
RailLaunch: median=0.02 min=0.00 max=0.03 occurred=4/4
Blue RailLaunch: median=0.02 min=0.00 max=0.03 occurred=4/4
Red RailLaunch: median=0.03 min=0.02 max=0.05 occurred=4/4
RailHit: median=7.17 min=7.16 max=7.19 occurred=4/4
Blue RailHit: median=7.17 min=7.16 max=7.19 occurred=4/4
Red RailHit: median=7.18 min=7.16 max=7.20 occurred=4/4
ModuleDestroyed: median=7.21 min=7.16 max=7.25 occurred=4/4
Blue ModuleDestroyed: median=7.25 min=7.20 max=7.25 occurred=4/4
Red ModuleDestroyed: median=7.23 min=7.16 max=7.25 occurred=4/4
Disabled: no events
Blue Disabled: no events
Red Disabled: no events
Destroyed: no events
Blue Destroyed: no events
Red Destroyed: no events
Close: no events
Blue Close: no events
Red Close: no events
Outcome: median=1500.00 min=1500.00 max=1500.00 occurred=4/4
Wall: median=1.17 min=0.72 max=1.61 occurred=4/4
wins Blue: 0/4
wins Red: 0/4
draws: 4/4; unresolved: 0
position normal: Blue 0/2, Red 0/2
position mirror: Blue 0/2, Red 0/2
phase Approach >=60s: 4/4
phase Missile >=60s: 0/4
phase Gunnery >=60s: 0/4
phase Sniping >=60s: 0/4
phase Brawl >=60s: 0/4
friendly collisions: mean=0.00
batch wall=2.6s jobs=2 csv=C:\Users\yurib\Documents\New project\space_fleet\shots\mars-balance-final\duel-Battleship-130000-Mars-Mars.csv
