done 2/normal: Blue:0.000/0.000/24.250/0.000/22.954/44.017/52.237/-/-/-/-;M=12/7;R=46/19;AM=0/0|Red:0.000/24.250/-/24.250/-/-/-/78.180/146.116/-/-;M=5/0;R=0/0;AM=0/0|Approach:0.000,Missile:60.000,Gunnery:30.000,Sniping:56.117,Brawl:0.000|collisions=0|events=7|winner=Blue;time=146.117 wall=1.1s
done 1/normal: Blue:0.000/0.000/24.250/0.000/22.950/44.017/52.237/-/-/-/-;M=12/7;R=46/19;AM=0/0|Red:0.000/24.250/-/24.250/-/-/-/78.180/146.116/-/-;M=5/0;R=0/0;AM=0/0|Approach:0.000,Missile:60.000,Gunnery:30.000,Sniping:56.117,Brawl:0.000|collisions=0|events=7|winner=Blue;time=146.117 wall=1.1s
done 1/mirror: Blue:0.000/0.000/24.250/0.000/22.942/44.017/50.274/-/-/-/-;M=16/6;R=90/63;AM=0/0|Red:0.000/24.250/-/24.250/-/-/-/78.511/228.702/-/-;M=4/0;R=0/0;AM=0/0|Approach:0.000,Missile:30.000,Gunnery:150.000,Sniping:48.717,Brawl:0.000|collisions=0|events=11|winner=Blue;time=228.717 wall=0.4s
done 2/mirror: Blue:0.000/0.000/24.250/0.000/22.942/44.017/50.274/-/-/-/-;M=16/6;R=630/598;AM=0/0|Red:0.000/24.250/-/24.250/-/-/-/78.511/969.983/-/-;M=4/0;R=0/0;AM=0/0|Approach:30.000,Missile:30.000,Gunnery:840.000,Sniping:69.983,Brawl:0.000|collisions=0|events=16|winner=Blue;time=969.983 wall=1.0s
AM InFlight at outcome: 0
Contact: median=0.00 min=0.00 max=0.00 occurred=4/4
Blue Contact: median=0.00 min=0.00 max=0.00 occurred=4/4
Red Contact: median=0.00 min=0.00 max=0.00 occurred=4/4
Identified: median=0.00 min=0.00 max=0.00 occurred=4/4
Blue Identified: median=0.00 min=0.00 max=0.00 occurred=4/4
Red Identified: median=24.25 min=24.25 max=24.25 occurred=4/4
Locked: median=24.25 min=24.25 max=24.25 occurred=4/4
Blue Locked: median=24.25 min=24.25 max=24.25 occurred=4/4
Red Locked: no events
MissileLaunch: median=0.00 min=0.00 max=0.00 occurred=4/4
Blue MissileLaunch: median=0.00 min=0.00 max=0.00 occurred=4/4
Red MissileLaunch: median=24.25 min=24.25 max=24.25 occurred=4/4
MissileHit: median=22.95 min=22.94 max=22.95 occurred=4/4
Blue MissileHit: median=22.95 min=22.94 max=22.95 occurred=4/4
Red MissileHit: no events
RailLaunch: median=44.02 min=44.02 max=44.02 occurred=4/4
Blue RailLaunch: median=44.02 min=44.02 max=44.02 occurred=4/4
Red RailLaunch: no events
RailHit: median=51.26 min=50.27 max=52.24 occurred=4/4
Blue RailHit: median=51.26 min=50.27 max=52.24 occurred=4/4
Red RailHit: no events
ModuleDestroyed: median=78.35 min=78.18 max=78.51 occurred=4/4
Blue ModuleDestroyed: no events
Red ModuleDestroyed: median=78.35 min=78.18 max=78.51 occurred=4/4
Disabled: median=187.41 min=146.12 max=969.98 occurred=4/4
Blue Disabled: no events
Red Disabled: median=187.41 min=146.12 max=969.98 occurred=4/4
Destroyed: no events
Blue Destroyed: no events
Red Destroyed: no events
Close: no events
Blue Close: no events
Red Close: no events
Outcome: median=187.42 min=146.12 max=969.98 occurred=4/4
Wall: median=1.06 min=0.38 max=1.12 occurred=4/4
wins Blue: 4/4
wins Red: 0/4
draws: 0/4; unresolved: 0
position normal: Blue 2/2, Red 0/2
position mirror: Blue 2/2, Red 0/2
phase Approach >=60s: 0/4
phase Missile >=60s: 2/4
phase Gunnery >=60s: 2/4
phase Sniping >=60s: 1/4
phase Brawl >=60s: 0/4
friendly collisions: mean=0.00
batch wall=2.4s jobs=2 csv=C:\Users\yurib\Documents\New project\space_fleet\shots\mars-balance-final\duel-Escort-80000-Mars-Earth.csv
