done 2/normal: Blue:0.000/0.000/0.000/0.000/37.496/0.033/7.185/-/-/-/-;M=16/9;R=480/366;AM=0/0|Red:0.000/0.000/-/0.000/-/-/-/7.248/-/-/-;M=2/0;R=0/0;AM=0/0|Approach:510.000,Missile:0.000,Gunnery:960.000,Sniping:30.000,Brawl:0.000|collisions=0|events=5|winner=Draw;time=1500.000 wall=3.2s
done 1/normal: Blue:0.000/0.000/0.000/0.000/37.496/0.000/7.161/-/-/-/-;M=16/9;R=480/354;AM=0/0|Red:0.000/0.000/-/0.000/-/-/-/7.161/-/-/-;M=2/0;R=0/0;AM=0/0|Approach:510.000,Missile:0.000,Gunnery:960.000,Sniping:30.000,Brawl:0.000|collisions=0|events=4|winner=Draw;time=1500.000 wall=3.2s
done 2/mirror: Blue:0.000/0.000/0.000/0.000/37.521/0.033/7.185/-/-/-/-;M=16/10;R=480/440;AM=0/0|Red:0.000/0.000/-/0.000/-/-/-/7.248/-/-/-;M=2/0;R=0/0;AM=0/0|Approach:600.000,Missile:0.000,Gunnery:840.000,Sniping:60.000,Brawl:0.000|collisions=0|events=10|winner=Draw;time=1500.000 wall=2.2s
done 1/mirror: Blue:0.000/0.000/0.000/0.000/37.508/0.000/7.161/-/-/-/-;M=16/9;R=480/447;AM=0/0|Red:0.000/0.000/-/0.000/-/-/-/7.161/-/-/-;M=2/0;R=0/0;AM=0/0|Approach:600.000,Missile:0.000,Gunnery:840.000,Sniping:60.000,Brawl:0.000|collisions=0|events=10|winner=Draw;time=1500.000 wall=2.2s
AM InFlight at outcome: 0
Contact: median=0.00 min=0.00 max=0.00 occurred=4/4
Blue Contact: median=0.00 min=0.00 max=0.00 occurred=4/4
Red Contact: median=0.00 min=0.00 max=0.00 occurred=4/4
Identified: median=0.00 min=0.00 max=0.00 occurred=4/4
Blue Identified: median=0.00 min=0.00 max=0.00 occurred=4/4
Red Identified: median=0.00 min=0.00 max=0.00 occurred=4/4
Locked: median=0.00 min=0.00 max=0.00 occurred=4/4
Blue Locked: median=0.00 min=0.00 max=0.00 occurred=4/4
Red Locked: no events
MissileLaunch: median=0.00 min=0.00 max=0.00 occurred=4/4
Blue MissileLaunch: median=0.00 min=0.00 max=0.00 occurred=4/4
Red MissileLaunch: median=0.00 min=0.00 max=0.00 occurred=4/4
MissileHit: median=37.50 min=37.50 max=37.52 occurred=4/4
Blue MissileHit: median=37.50 min=37.50 max=37.52 occurred=4/4
Red MissileHit: no events
RailLaunch: median=0.02 min=0.00 max=0.03 occurred=4/4
Blue RailLaunch: median=0.02 min=0.00 max=0.03 occurred=4/4
Red RailLaunch: no events
RailHit: median=7.17 min=7.16 max=7.19 occurred=4/4
Blue RailHit: median=7.17 min=7.16 max=7.19 occurred=4/4
Red RailHit: no events
ModuleDestroyed: median=7.20 min=7.16 max=7.25 occurred=4/4
Blue ModuleDestroyed: no events
Red ModuleDestroyed: median=7.20 min=7.16 max=7.25 occurred=4/4
Disabled: no events
Blue Disabled: no events
Red Disabled: no events
Destroyed: no events
Blue Destroyed: no events
Red Destroyed: no events
Close: no events
Blue Close: no events
Red Close: no events
Outcome: median=1500.00 min=1500.00 max=1500.00 occurred=4/4
Wall: median=2.68 min=2.16 max=3.19 occurred=4/4
wins Blue: 0/4
wins Red: 0/4
draws: 4/4; unresolved: 0
position normal: Blue 0/2, Red 0/2
position mirror: Blue 0/2, Red 0/2
phase Approach >=60s: 4/4
phase Missile >=60s: 0/4
phase Gunnery >=60s: 4/4
phase Sniping >=60s: 2/4
phase Brawl >=60s: 0/4
friendly collisions: mean=0.00
batch wall=5.6s jobs=2 csv=C:\Users\yurib\Documents\New project\space_fleet\shots\mars-balance-final\duel-Battleship-130000-Mars-Earth.csv
