done 2/normal: Blue:0.000/0.000/0.000/0.000/13.092/0.333/1.912/1.322/-/-/-;M=1/1;R=6/6;AM=0/0|Red:0.000/0.000/0.000/0.000/38.071/0.283/1.322/2.019/-/-/-;M=16/14;R=480/471;AM=0/0|Approach:510.000,Missile:0.000,Gunnery:900.000,Sniping:90.000,Brawl:0.000|collisions=0|events=8|winner=Draw;time=1500.000 wall=3.0s
done 1/normal: Blue:0.000/0.000/0.000/0.000/-/0.100/1.677/1.173/-/-/-;M=1/0;R=4/4;AM=0/0|Red:0.000/0.000/0.000/0.000/17.825/0.133/1.173/1.785/-/-/-;M=16/11;R=480/480;AM=0/0|Approach:510.000,Missile:0.000,Gunnery:930.000,Sniping:60.000,Brawl:0.000|collisions=0|events=6|winner=Draw;time=1500.000 wall=3.0s
done 2/mirror: Blue:0.000/0.000/0.000/0.000/13.092/0.333/1.912/1.322/-/-/-;M=1/1;R=6/6;AM=0/0|Red:0.000/0.000/0.000/0.000/38.071/0.283/1.322/2.019/-/-/-;M=16/14;R=480/473;AM=0/0|Approach:510.000,Missile:0.000,Gunnery:930.000,Sniping:60.000,Brawl:0.000|collisions=0|events=6|winner=Draw;time=1500.000 wall=2.3s
done 1/mirror: Blue:0.000/0.000/0.000/0.000/-/0.100/1.677/1.173/-/-/-;M=1/0;R=4/4;AM=0/0|Red:0.000/0.000/0.000/0.000/17.825/0.133/1.173/1.785/-/-/-;M=16/11;R=480/480;AM=0/0|Approach:510.000,Missile:0.000,Gunnery:930.000,Sniping:60.000,Brawl:0.000|collisions=0|events=6|winner=Draw;time=1500.000 wall=2.4s
AM InFlight at outcome: 0
Contact: median=0.00 min=0.00 max=0.00 occurred=4/4
Blue Contact: median=0.00 min=0.00 max=0.00 occurred=4/4
Red Contact: median=0.00 min=0.00 max=0.00 occurred=4/4
Identified: median=0.00 min=0.00 max=0.00 occurred=4/4
Blue Identified: median=0.00 min=0.00 max=0.00 occurred=4/4
Red Identified: median=0.00 min=0.00 max=0.00 occurred=4/4
Locked: median=0.00 min=0.00 max=0.00 occurred=4/4
Blue Locked: median=0.00 min=0.00 max=0.00 occurred=4/4
Red Locked: median=0.00 min=0.00 max=0.00 occurred=4/4
MissileLaunch: median=0.00 min=0.00 max=0.00 occurred=4/4
Blue MissileLaunch: median=0.00 min=0.00 max=0.00 occurred=4/4
Red MissileLaunch: median=0.00 min=0.00 max=0.00 occurred=4/4
MissileHit: median=15.46 min=13.09 max=17.82 occurred=4/4
Blue MissileHit: median=13.09 min=13.09 max=13.09 occurred=2/4
Red MissileHit: median=27.95 min=17.82 max=38.07 occurred=4/4
RailLaunch: median=0.19 min=0.10 max=0.28 occurred=4/4
Blue RailLaunch: median=0.22 min=0.10 max=0.33 occurred=4/4
Red RailLaunch: median=0.21 min=0.13 max=0.28 occurred=4/4
RailHit: median=1.25 min=1.17 max=1.32 occurred=4/4
Blue RailHit: median=1.79 min=1.68 max=1.91 occurred=4/4
Red RailHit: median=1.25 min=1.17 max=1.32 occurred=4/4
ModuleDestroyed: median=1.25 min=1.17 max=1.32 occurred=4/4
Blue ModuleDestroyed: median=1.25 min=1.17 max=1.32 occurred=4/4
Red ModuleDestroyed: median=1.90 min=1.78 max=2.02 occurred=4/4
Disabled: no events
Blue Disabled: no events
Red Disabled: no events
Destroyed: no events
Blue Destroyed: no events
Red Destroyed: no events
Close: no events
Blue Close: no events
Red Close: no events
Outcome: median=1500.00 min=1500.00 max=1500.00 occurred=4/4
Wall: median=2.70 min=2.33 max=3.05 occurred=4/4
wins Blue: 0/4
wins Red: 0/4
draws: 4/4; unresolved: 0
position normal: Blue 0/2, Red 0/2
position mirror: Blue 0/2, Red 0/2
phase Approach >=60s: 4/4
phase Missile >=60s: 0/4
phase Gunnery >=60s: 4/4
phase Sniping >=60s: 4/4
phase Brawl >=60s: 0/4
friendly collisions: mean=0.00
batch wall=5.7s jobs=2 csv=C:\Users\yurib\Documents\New project\space_fleet\shots\mars-balance-final\duel-Battleship-20000-Earth-Mars.csv
