done 1/normal: Blue:0.000/8.750/18.500/8.750/-/18.500/19.341/20.531/-/-/-;M=2/0;R=3/3;AM=0/0|Red:0.000/8.750/18.500/8.750/-/18.500/19.340/19.936/-/-/-;M=2/0;R=3/3;AM=0/0|Approach:1470.000,Missile:0.000,Gunnery:0.000,Sniping:30.000,Brawl:0.000|collisions=0|events=5|winner=Draw;time=1500.000 wall=1.4s
done 2/normal: Blue:0.000/8.750/18.750/8.750/-/18.750/19.583/20.179/-/-/-;M=2/0;R=3/3;AM=0/0|Red:0.000/8.750/18.750/8.750/-/18.750/19.583/20.179/-/-/-;M=2/0;R=3/3;AM=0/0|Approach:1470.000,Missile:0.000,Gunnery:0.000,Sniping:30.000,Brawl:0.000|collisions=0|events=5|winner=Draw;time=1500.000 wall=1.4s
done 1/mirror: Blue:0.000/8.750/18.500/8.750/-/18.500/19.339/19.934/-/-/-;M=2/0;R=6/6;AM=0/0|Red:0.000/8.750/18.500/8.750/-/18.500/19.338/19.934/-/26.437/-;M=2/0;R=2/2;AM=0/0|Approach:0.000,Missile:0.000,Gunnery:0.000,Sniping:26.450,Brawl:0.000|collisions=0|events=18|winner=Blue;time=26.450 wall=0.0s
done 2/mirror: Blue:0.000/8.750/18.750/8.750/-/18.750/19.582/-/-/-/-;M=2/0;R=2/1;AM=0/0|Red:0.000/8.750/18.750/8.750/-/18.750/19.582/19.582/-/19.582/-;M=2/0;R=2/1;AM=0/0|Approach:0.000,Missile:0.000,Gunnery:0.000,Sniping:19.583,Brawl:0.000|collisions=0|events=17|winner=Blue;time=19.583 wall=0.0s
AM InFlight at outcome: 0
Contact: median=0.00 min=0.00 max=0.00 occurred=4/4
Blue Contact: median=0.00 min=0.00 max=0.00 occurred=4/4
Red Contact: median=0.00 min=0.00 max=0.00 occurred=4/4
Identified: median=8.75 min=8.75 max=8.75 occurred=4/4
Blue Identified: median=8.75 min=8.75 max=8.75 occurred=4/4
Red Identified: median=8.75 min=8.75 max=8.75 occurred=4/4
Locked: median=18.62 min=18.50 max=18.75 occurred=4/4
Blue Locked: median=18.62 min=18.50 max=18.75 occurred=4/4
Red Locked: median=18.62 min=18.50 max=18.75 occurred=4/4
MissileLaunch: median=8.75 min=8.75 max=8.75 occurred=4/4
Blue MissileLaunch: median=8.75 min=8.75 max=8.75 occurred=4/4
Red MissileLaunch: median=8.75 min=8.75 max=8.75 occurred=4/4
MissileHit: no events
Blue MissileHit: no events
Red MissileHit: no events
RailLaunch: median=18.62 min=18.50 max=18.75 occurred=4/4
Blue RailLaunch: median=18.62 min=18.50 max=18.75 occurred=4/4
Red RailLaunch: median=18.62 min=18.50 max=18.75 occurred=4/4
RailHit: median=19.46 min=19.34 max=19.58 occurred=4/4
Blue RailHit: median=19.46 min=19.34 max=19.58 occurred=4/4
Red RailHit: median=19.46 min=19.34 max=19.58 occurred=4/4
ModuleDestroyed: median=19.94 min=19.58 max=20.18 occurred=4/4
Blue ModuleDestroyed: median=20.18 min=19.93 max=20.53 occurred=3/4
Red ModuleDestroyed: median=19.94 min=19.58 max=20.18 occurred=4/4
Disabled: no events
Blue Disabled: no events
Red Disabled: no events
Destroyed: median=23.01 min=19.58 max=26.44 occurred=2/4
Blue Destroyed: no events
Red Destroyed: median=23.01 min=19.58 max=26.44 occurred=2/4
Close: no events
Blue Close: no events
Red Close: no events
Outcome: median=763.23 min=19.58 max=1500.00 occurred=4/4
Wall: median=0.72 min=0.03 max=1.42 occurred=4/4
wins Blue: 2/4
wins Red: 0/4
draws: 2/4; unresolved: 0
position normal: Blue 0/2, Red 0/2
position mirror: Blue 2/2, Red 0/2
phase Approach >=60s: 2/4
phase Missile >=60s: 0/4
phase Gunnery >=60s: 0/4
phase Sniping >=60s: 0/4
phase Brawl >=60s: 0/4
friendly collisions: mean=0.00
batch wall=1.7s jobs=2 csv=C:\Users\yurib\Documents\New project\space_fleet\shots\mars-balance-final\duel-Interceptor-12000-Earth-Earth.csv
