done 4/normal: Blue:0.000/0.000/134.250/132.000/164.000/545.250/553.193/456.500/-/-/-;M=140/90;R=485/354;AM=0/0|Red:0.000/0.000/134.250/132.000/304.029/546.367/554.314/485.142/623.374/-/-;M=120/92;R=114/46;AM=0/0|Approach:120.000,Missile:420.000,Gunnery:0.000,Sniping:60.000,Brawl:62.667|collisions=0|events=57|winner=Blue;time=662.667 wall=10.3s
done 1/normal: Blue:0.000/0.000/130.750/142.000/179.517/515.683/523.607/432.167/693.713/726.395/-;M=140/99;R=364/311;AM=4/4|Red:0.000/0.000/130.750/142.000/247.517/511.617/519.569/428.763/619.778/559.554/-;M=140/86;R=306/268;AM=4/2|Approach:120.000,Missile:360.000,Gunnery:0.000,Sniping:120.000,Brawl:135.217|collisions=0|events=123|winner=Red;time=735.217 wall=11.6s
done 1/mirror: Blue:0.000/0.000/128.250/126.000/158.000/544.167/552.144/487.088/-/-/-;M=120/87;R=200/159;AM=0/0|Red:0.000/0.000/128.250/134.000/305.454/549.250/557.175/477.179/560.850/-/-;M=140/81;R=142/102;AM=0/0|Approach:120.000,Missile:390.000,Gunnery:0.000,Sniping:90.000,Brawl:41.467|collisions=0|events=53|winner=Blue;time=641.467 wall=8.8s
done 4/mirror: Blue:0.000/0.000/146.250/148.000/284.371/525.767/533.711/416.821/610.250/-/-;M=120/93;R=170/128;AM=0/0|Red:0.000/0.000/146.250/148.000/284.346/526.783/534.725/442.367/664.761/-/-;M=140/94;R=366/308;AM=0/0|Approach:120.000,Missile:330.000,Gunnery:0.000,Sniping:180.000,Brawl:67.083|collisions=0|events=94|winner=Red;time=697.083 wall=10.2s
done 5/normal: Blue:0.000/0.000/148.250/146.000/178.013/547.517/555.461/500.425/-/-/-;M=140/97;R=533/447;AM=0/0|Red:0.000/0.000/148.250/146.000/319.108/547.800/555.767/14.300/595.964/14.300/-;M=120/96;R=44/32;AM=0/0|Approach:90.000,Missile:390.000,Gunnery:60.000,Sniping:90.000,Brawl:53.117|collisions=1|events=79|winner=Blue;time=683.117 wall=10.6s
done 2/normal: Blue:0.000/0.000/134.250/148.000/218.600/546.133/554.085/491.579/654.830/-/764.000;M=140/107;R=982/953;AM=10/7|Red:0.000/0.000/134.250/148.000/321.158/544.217/552.208/476.358/667.043/-/764.000;M=140/102;R=1420/1336;AM=10/5|Approach:150.000,Missile:420.000,Gunnery:0.000,Sniping:150.000,Brawl:497.483|collisions=0|events=157|winner=Blue;time=1217.483 wall=16.7s
done 5/mirror: Blue:0.000/0.000/146.250/158.000/228.663/559.517/567.466/14.608/612.506/-/-;M=140/85;R=314/223;AM=0/0|Red:0.000/0.000/146.250/158.000/189.621/557.417/565.368/462.125/671.730/-/-;M=120/94;R=142/116;AM=0/0|Approach:150.000,Missile:390.000,Gunnery:30.000,Sniping:62.883,Brawl:60.000|collisions=1|events=86|winner=Red;time=692.883 wall=15.7s
done 2/mirror: Blue:0.000/0.000/154.250/148.000/250.500/543.133/551.062/421.217/595.983/649.967/-;M=120/92;R=312/256;AM=0/0|Red:0.000/0.000/154.250/148.000/288.671/539.283/547.248/387.979/644.356/-/-;M=120/87;R=148/124;AM=0/0|Approach:120.000,Missile:360.000,Gunnery:30.000,Sniping:179.617,Brawl:0.000|collisions=0|events=105|winner=Red;time=689.617 wall=20.0s
done 6/normal: Blue:0.000/0.000/178.250/190.000/227.383/538.800/546.752/7.525/561.936/-/-;M=120/69;R=86/77;AM=0/0|Red:0.000/0.000/178.250/180.000/217.667/538.867/546.858/401.458/672.144/-/-;M=120/85;R=308/182;AM=0/0|Approach:180.000,Missile:330.000,Gunnery:90.000,Sniping:79.650,Brawl:0.000|collisions=1|events=76|winner=Red;time=679.650 wall=22.8s
done 3/normal: Blue:0.000/0.000/165.500/168.000/199.554/555.533/563.473/496.229/687.169/-/772.000;M=140/97;R=1007/870;AM=5/5|Red:0.000/0.000/165.500/168.000/234.542/557.267/565.248/373.733/675.551/-/772.000;M=140/112;R=414/315;AM=10/6|Approach:150.000,Missile:360.000,Gunnery:0.000,Sniping:120.000,Brawl:286.100|collisions=0|events=126|winner=Blue;time=916.100 wall=31.0s
done 6/mirror: Blue:0.000/0.000/160.250/170.000/236.521/544.250/552.199/455.167/595.565/-/673.000;M=120/86;R=76/48;AM=0/0|Red:0.000/0.000/160.250/170.000/302.421/538.883/546.837/7.504/-/-/673.000;M=138/81;R=522/403;AM=0/0|Approach:180.000,Missile:300.000,Gunnery:30.000,Sniping:120.000,Brawl:75.017|collisions=1|events=67|winner=Red;time=705.017 wall=23.6s
done 3/mirror: Blue:0.000/0.000/160.250/170.000/306.346/569.517/574.282/375.838/-/681.271/-;M=120/89;R=294/195;AM=0/0|Red:0.000/0.000/160.250/170.000/271.033/569.050/577.018/498.296/578.825/595.445/-;M=138/94;R=204/149;AM=0/0|Approach:180.000,Missile:360.000,Gunnery:30.000,Sniping:60.000,Brawl:58.100|collisions=0|events=96|winner=Blue;time=688.100 wall=18.0s
AM Hit: 29 (mean launch 4017m, closest hull 0.6m)
AM PointDefense: 7 (mean launch 3684m, closest hull 977.9m)
AM Expired: 7 (mean launch 3342m, closest hull 26.9m)
AM InFlight at outcome: 0
Contact: median=0.00 min=0.00 max=0.00 occurred=12/12
Blue Contact: median=0.00 min=0.00 max=0.00 occurred=12/12
Red Contact: median=0.00 min=0.00 max=0.00 occurred=12/12
Identified: median=0.00 min=0.00 max=0.00 occurred=12/12
Blue Identified: median=0.00 min=0.00 max=0.00 occurred=12/12
Red Identified: median=0.00 min=0.00 max=0.00 occurred=12/12
Locked: median=147.25 min=128.25 max=178.25 occurred=12/12
Blue Locked: median=147.25 min=128.25 max=178.25 occurred=12/12
Red Locked: median=147.25 min=128.25 max=178.25 occurred=12/12
MissileLaunch: median=148.00 min=126.00 max=180.00 occurred=12/12
Blue MissileLaunch: median=148.00 min=126.00 max=190.00 occurred=12/12
Red MissileLaunch: median=148.00 min=132.00 max=180.00 occurred=12/12
MissileHit: median=208.61 min=158.00 max=284.35 occurred=12/12
Blue MissileHit: median=222.99 min=158.00 max=306.35 occurred=12/12
Red MissileHit: median=286.51 min=189.62 max=321.16 occurred=12/12
RailLaunch: median=544.19 min=511.62 max=569.05 occurred=12/12
Blue RailLaunch: median=544.75 min=515.68 max=569.52 occurred=12/12
Red RailLaunch: median=545.29 min=511.62 max=569.05 occurred=12/12
RailHit: median=552.18 min=519.57 max=574.28 occurred=12/12
Blue RailHit: median=552.70 min=523.61 max=574.28 occurred=12/12
Red RailHit: median=553.26 min=519.57 max=577.02 occurred=12/12
ModuleDestroyed: median=381.91 min=7.50 max=477.18 occurred=12/12
Blue ModuleDestroyed: median=443.67 min=7.53 max=500.43 occurred=12/12
Red ModuleDestroyed: median=435.56 min=7.50 max=498.30 occurred=12/12
Disabled: median=603.12 min=560.85 max=675.55 occurred=12/12
Blue Disabled: median=611.38 min=561.94 max=693.71 occurred=8/12
Red Disabled: median=644.36 min=560.85 max=675.55 occurred=11/12
Destroyed: median=577.50 min=14.30 max=649.97 occurred=4/12
Blue Destroyed: median=681.27 min=649.97 max=726.39 occurred=3/12
Red Destroyed: median=559.55 min=14.30 max=595.44 occurred=3/12
Close: median=764.00 min=673.00 max=772.00 occurred=3/12
Blue Close: median=764.00 min=673.00 max=772.00 occurred=3/12
Red Close: median=764.00 min=673.00 max=772.00 occurred=3/12
Outcome: median=691.25 min=641.47 max=1217.48 occurred=12/12
Wall: median=16.21 min=8.82 max=31.03 occurred=12/12
wins Blue: 6/12
wins Red: 6/12
draws: 0/12; unresolved: 0
position normal: Blue 4/6, Red 2/6
position mirror: Blue 2/6, Red 4/6
phase Approach >=60s: 12/12
phase Missile >=60s: 12/12
phase Gunnery >=60s: 2/12
phase Sniping >=60s: 12/12
phase Brawl >=60s: 7/12
friendly collisions: mean=0.33
batch wall=106.5s jobs=2 csv=C:\Users\yurib\Documents\New project\space_fleet\shots\mars-balance-final\Earth-Earth.csv
