done 1/normal: Blue:0.000/0.000/130.750/142.000/179.517/515.683/523.607/432.167/693.713/726.395/-;M=140/99;R=364/311;AM=4/4|Red:0.000/0.000/130.750/142.000/247.517/511.617/519.569/428.763/619.778/559.554/-;M=140/86;R=306/268;AM=4/2|Approach:120.000,Missile:360.000,Gunnery:0.000,Sniping:120.000,Brawl:135.217|collisions=0|events=123|winner=Red;time=735.217 wall=9.0s
sections All weighted us/tick: Tick=203.45 AI=49.57 AICommand=1.21 AIThink=3.20 AIDrive=16.60 AIEngage=27.52 Gunnery=0.13 ShipStep=50.89 Collision=11.87 Projectiles=8.59 Missiles=18.28 PointDefense=42.52 Drones=16.45 Sensors=1.25 Post=3.15
sections phase:Approach weighted us/tick: Tick=213.23 AI=43.08 AICommand=4.52 AIThink=3.51 AIDrive=27.66 AIEngage=5.29 Gunnery=0.34 ShipStep=65.89 Collision=13.83 Projectiles=0.41 Missiles=6.75 PointDefense=53.12 Drones=18.65 Sensors=2.89 Post=6.75
sections phase:Missile weighted us/tick: Tick=187.45 AI=44.41 AICommand=0.65 AIThink=2.86 AIDrive=14.07 AIEngage=25.99 Gunnery=0.08 ShipStep=49.08 Collision=9.80 Projectiles=0.13 Missiles=21.28 PointDefense=42.34 Drones=16.50 Sensors=0.91 Post=2.33
sections phase:Sniping weighted us/tick: Tick=239.29 AI=62.90 AICommand=0.48 AIThink=3.80 AIDrive=14.82 AIEngage=42.91 Gunnery=0.09 ShipStep=48.97 Collision=12.56 Projectiles=21.11 Missiles=25.95 PointDefense=43.91 Drones=19.65 Sensors=0.97 Post=2.53
sections phase:Brawl weighted us/tick: Tick=205.57 AI=57.26 AICommand=0.42 AIThink=3.28 AIDrive=15.08 AIEngage=37.66 Gunnery=0.09 ShipStep=44.12 Collision=15.02 Projectiles=27.24 Missiles=13.70 PointDefense=32.36 Drones=11.53 Sensors=0.95 Post=2.68
sections time:0-300 weighted us/tick: Tick=170.04 AI=36.32 AICommand=2.35 AIThink=2.17 AIDrive=19.18 AIEngage=11.30 Gunnery=0.18 ShipStep=55.31 Collision=11.19 Projectiles=0.24 Missiles=9.87 PointDefense=37.13 Drones=13.14 Sensors=1.68 Post=4.02
sections time:300-540 weighted us/tick: Tick=240.25 AI=58.11 AICommand=0.39 AIThink=4.24 AIDrive=14.70 AIEngage=37.92 Gunnery=0.09 ShipStep=50.08 Collision=10.25 Projectiles=3.81 Missiles=31.90 PointDefense=58.06 Drones=23.92 Sensors=0.95 Post=2.49
sections time:540+ weighted us/tick: Tick=209.56 AI=59.44 AICommand=0.48 AIThink=3.50 AIDrive=14.97 AIEngage=39.66 Gunnery=0.10 ShipStep=45.10 Collision=14.91 Projectiles=27.30 Missiles=14.45 PointDefense=31.70 Drones=12.36 Sensors=0.96 Post=2.62
section csv=C:\Users\yurib\Documents\New project\space_fleet\shots\perf-stage2-20261010\collision-probe.sections.csv; Tick includes all sections; AI includes its four child sections.
AM Hit: 6 (mean launch 4316m, closest hull 0.0m)
AM PointDefense: 2 (mean launch 3718m, closest hull 1791.4m)
AM InFlight at outcome: 0
Contact: median=0.00 min=0.00 max=0.00 occurred=1/1
Blue Contact: median=0.00 min=0.00 max=0.00 occurred=1/1
Red Contact: median=0.00 min=0.00 max=0.00 occurred=1/1
Identified: median=0.00 min=0.00 max=0.00 occurred=1/1
Blue Identified: median=0.00 min=0.00 max=0.00 occurred=1/1
Red Identified: median=0.00 min=0.00 max=0.00 occurred=1/1
Locked: median=130.75 min=130.75 max=130.75 occurred=1/1
Blue Locked: median=130.75 min=130.75 max=130.75 occurred=1/1
Red Locked: median=130.75 min=130.75 max=130.75 occurred=1/1
MissileLaunch: median=142.00 min=142.00 max=142.00 occurred=1/1
Blue MissileLaunch: median=142.00 min=142.00 max=142.00 occurred=1/1
Red MissileLaunch: median=142.00 min=142.00 max=142.00 occurred=1/1
MissileHit: median=179.52 min=179.52 max=179.52 occurred=1/1
Blue MissileHit: median=179.52 min=179.52 max=179.52 occurred=1/1
Red MissileHit: median=247.52 min=247.52 max=247.52 occurred=1/1
RailLaunch: median=511.62 min=511.62 max=511.62 occurred=1/1
Blue RailLaunch: median=515.68 min=515.68 max=515.68 occurred=1/1
Red RailLaunch: median=511.62 min=511.62 max=511.62 occurred=1/1
RailHit: median=519.57 min=519.57 max=519.57 occurred=1/1
Blue RailHit: median=523.61 min=523.61 max=523.61 occurred=1/1
Red RailHit: median=519.57 min=519.57 max=519.57 occurred=1/1
ModuleDestroyed: median=428.76 min=428.76 max=428.76 occurred=1/1
Blue ModuleDestroyed: median=432.17 min=432.17 max=432.17 occurred=1/1
Red ModuleDestroyed: median=428.76 min=428.76 max=428.76 occurred=1/1
Disabled: median=619.78 min=619.78 max=619.78 occurred=1/1
Blue Disabled: median=693.71 min=693.71 max=693.71 occurred=1/1
Red Disabled: median=619.78 min=619.78 max=619.78 occurred=1/1
Destroyed: median=559.55 min=559.55 max=559.55 occurred=1/1
Blue Destroyed: median=726.39 min=726.39 max=726.39 occurred=1/1
Red Destroyed: median=559.55 min=559.55 max=559.55 occurred=1/1
Close: no events
Blue Close: no events
Red Close: no events
Outcome: median=735.22 min=735.22 max=735.22 occurred=1/1
Wall: median=8.99 min=8.99 max=8.99 occurred=1/1
wins Blue: 0/1
wins Red: 1/1
draws: 0/1; unresolved: 0
position normal: Blue 0/1, Red 1/1
phase Approach >=60s: 1/1
phase Missile >=60s: 1/1
phase Gunnery >=60s: 0/1
phase Sniping >=60s: 1/1
phase Brawl >=60s: 1/1
friendly collisions: mean=0.00
batch wall=9.3s jobs=1 csv=C:\Users\yurib\Documents\New project\space_fleet\shots\perf-stage2-20261010\collision-probe.csv
step 1/False All: mean=0.204 p99=0.624 max=53.227 ms
step 1/False Approach: mean=0.213 p99=0.761 max=53.227 ms
step 1/False Missile: mean=0.188 p99=0.431 max=7.809 ms
step 1/False Gunnery: no ticks
step 1/False Sniping: mean=0.239 p99=0.480 max=3.478 ms
step 1/False Brawl: mean=0.206 p99=0.454 max=2.862 ms
