Godot Engine v4.7.2.stable.mono.official.ed1daf0bf - https://godotengine.org
Vulkan 1.4.341 - Forward+ - Using Device #0: NVIDIA - NVIDIA GeForce RTX 2060

perf t=5s fps=113.8 frame=9ms | hudDraw=1.9/5 physics=1.9/4 sim=1.7/2 shipViews=0.8/4 contacts=0.1/0 audioObserve=0.1/0 ordnance=0.0/4 shipCombat=0.0/2 ballistics=0.0/3 fxSync=0.0/2 fxObserve=0.0/0 audioListener=0.0/0 combat+am=0.0/0 | draws=541 objects=6467 prims=107429 nodes=2922 gpu=280MB
sim-profile t=4.667s ticks=248 us/tick | Tick=788.52 AI=101.32 AICommand=2.36 AIThink=11.66 AIDrive=71.73 AIEngage=12.31 Gunnery=0.57 ShipStep=289.99 Collision=58.81 Projectiles=0.54 Missiles=21.79 PointDefense=225.82 Drones=56.78 Sensors=7.34 Post=22.20
autoplay start: sim=4.87s FPS min=8.66 mean=113.26 engine=101.0
perf t=9s fps=131.7 frame=8ms | hudDraw=1.8/3 physics=1.5/6 sim=1.4/2 shipViews=0.8/1 contacts=0.1/0 shipCombat=0.0/4 audioObserve=0.0/0 ballistics=0.0/0 fxSync=0.0/0 fxObserve=0.0/0 ordnance=0.0/0 audioListener=0.0/0 combat+am=0.0/0 | draws=550 objects=6500 prims=107769 nodes=2922 gpu=280MB
sim-profile t=8.733s ticks=244 us/tick | Tick=745.70 AI=86.23 AICommand=2.00 AIThink=10.38 AIDrive=61.24 AIEngage=9.63 Gunnery=0.46 ShipStep=277.25 Collision=58.22 Projectiles=0.46 Missiles=14.48 PointDefense=231.20 Drones=55.75 Sensors=7.34 Post=13.21
perf t=13s fps=144.6 frame=7ms | hudDraw=1.6/2 physics=1.1/4 sim=1.1/2 shipViews=0.7/1 contacts=0.0/0 audioObserve=0.0/0 shipCombat=0.0/0 fxSync=0.0/0 ballistics=0.0/0 fxObserve=0.0/0 ordnance=0.0/0 audioListener=0.0/0 combat+am=0.0/0 | draws=546 objects=6428 prims=107621 nodes=2922 gpu=280MB
sim-profile t=12.667s ticks=236 us/tick | Tick=651.74 AI=80.84 AICommand=1.21 AIThink=9.72 AIDrive=59.01 AIEngage=8.17 Gunnery=0.40 ShipStep=239.42 Collision=50.60 Projectiles=3.36 Missiles=6.17 PointDefense=203.99 Drones=49.13 Sensors=6.17 Post=10.68
perf t=17s fps=143.6 frame=7ms | hudDraw=1.6/3 physics=1.1/3 sim=1.1/1 shipViews=0.7/1 contacts=0.0/0 audioObserve=0.0/0 shipCombat=0.0/0 fxSync=0.0/0 ballistics=0.0/0 fxObserve=0.0/0 ordnance=0.0/0 audioListener=0.0/0 combat+am=0.0/0 | draws=514 objects=6354 prims=106433 nodes=2922 gpu=280MB
sim-profile t=16.667s ticks=240 us/tick | Tick=639.68 AI=72.86 AICommand=1.62 AIThink=9.58 AIDrive=51.52 AIEngage=7.37 Gunnery=0.46 ShipStep=238.34 Collision=50.90 Projectiles=0.39 Missiles=6.07 PointDefense=202.96 Drones=49.64 Sensors=6.25 Post=10.60
perf t=21s fps=143.6 frame=7ms | hudDraw=1.5/3 physics=1.2/8 sim=1.1/2 shipViews=0.7/1 contacts=0.0/0 audioObserve=0.0/0 shipCombat=0.0/0 fxSync=0.0/0 ballistics=0.0/0 fxObserve=0.0/0 ordnance=0.0/0 audioListener=0.0/0 combat+am=0.0/0 | draws=503 objects=6345 prims=105789 nodes=2922 gpu=280MB
sim-profile t=20.667s ticks=240 us/tick | Tick=676.42 AI=73.96 AICommand=0.90 AIThink=9.53 AIDrive=53.10 AIEngage=7.82 Gunnery=0.42 ShipStep=254.43 Collision=53.94 Projectiles=0.44 Missiles=6.42 PointDefense=216.54 Drones=52.46 Sensors=6.04 Post=10.71
perf t=25s fps=129.1 frame=8ms | hudDraw=1.8/4 physics=1.5/5 sim=1.5/1 shipViews=0.8/1 contacts=0.0/0 audioObserve=0.0/0 shipCombat=0.0/0 ballistics=0.0/0 fxSync=0.0/0 fxObserve=0.0/0 ordnance=0.0/0 audioListener=0.0/0 combat+am=0.0/0 | draws=525 objects=6397 prims=106611 nodes=2922 gpu=280MB
sim-profile t=24.733s ticks=244 us/tick | Tick=772.74 AI=88.55 AICommand=1.18 AIThink=11.26 AIDrive=62.08 AIEngage=10.86 Gunnery=0.56 ShipStep=285.04 Collision=60.78 Projectiles=0.59 Missiles=7.73 PointDefense=247.28 Drones=60.06 Sensors=7.48 Post=13.44
perf t=29s fps=139.2 frame=7ms | hudDraw=1.8/2 physics=1.3/5 sim=1.2/2 shipViews=0.8/1 contacts=0.0/0 audioObserve=0.0/0 shipCombat=0.0/0 ballistics=0.0/0 fxSync=0.0/0 fxObserve=0.0/0 ordnance=0.0/0 audioListener=0.0/0 combat+am=0.0/0 | draws=544 objects=6349 prims=107419 nodes=2922 gpu=280MB
sim-profile t=28.800s ticks=244 us/tick | Tick=711.12 AI=78.03 AICommand=0.88 AIThink=9.98 AIDrive=55.98 AIEngage=8.31 Gunnery=0.44 ShipStep=264.71 Collision=57.34 Projectiles=0.45 Missiles=6.61 PointDefense=229.03 Drones=54.50 Sensors=6.95 Post=11.79
perf t=33s fps=144.8 frame=7ms | hudDraw=1.7/2 physics=1.2/4 sim=1.1/2 shipViews=0.7/1 contacts=0.0/0 audioObserve=0.0/0 shipCombat=0.0/0 fxSync=0.0/0 ballistics=0.0/0 fxObserve=0.0/0 ordnance=0.0/0 audioListener=0.0/0 combat+am=0.0/0 | draws=528 objects=6385 prims=106839 nodes=2922 gpu=280MB
sim-profile t=32.733s ticks=236 us/tick | Tick=683.83 AI=76.25 AICommand=2.56 AIThink=9.64 AIDrive=53.63 AIEngage=7.82 Gunnery=0.42 ShipStep=252.23 Collision=54.61 Projectiles=0.44 Missiles=6.33 PointDefense=219.03 Drones=52.90 Sensors=5.95 Post=14.58
perf t=37s fps=142.0 frame=7ms | hudDraw=1.7/2 physics=1.3/3 sim=1.2/1 shipViews=0.7/1 contacts=0.0/0 audioObserve=0.0/0 shipCombat=0.0/0 fxSync=0.0/0 ballistics=0.0/0 fxObserve=0.0/0 ordnance=0.0/0 audioListener=0.0/0 combat+am=0.0/0 | draws=511 objects=6353 prims=106205 nodes=2922 gpu=280MB
sim-profile t=36.800s ticks=244 us/tick | Tick=706.79 AI=78.12 AICommand=0.93 AIThink=10.20 AIDrive=56.10 AIEngage=8.15 Gunnery=0.45 ShipStep=261.51 Collision=57.13 Projectiles=0.47 Missiles=6.65 PointDefense=228.44 Drones=54.65 Sensors=6.85 Post=11.40
perf t=41s fps=144.4 frame=7ms | hudDraw=1.7/3 physics=1.2/4 sim=1.2/1 shipViews=0.7/1 contacts=0.0/0 audioObserve=0.0/0 shipCombat=0.0/0 fxSync=0.0/0 ballistics=0.0/0 fxObserve=0.0/0 ordnance=0.0/0 audioListener=0.0/0 combat+am=0.0/0 | draws=541 objects=6383 prims=107413 nodes=2922 gpu=280MB
sim-profile t=40.800s ticks=240 us/tick | Tick=708.49 AI=76.89 AICommand=0.89 AIThink=9.79 AIDrive=55.42 AIEngage=8.07 Gunnery=0.55 ShipStep=262.80 Collision=57.53 Projectiles=0.45 Missiles=6.74 PointDefense=227.71 Drones=54.61 Sensors=6.53 Post=13.41
perf t=45s fps=139.5 frame=7ms | hudDraw=1.7/3 physics=1.3/4 sim=1.2/1 shipViews=0.8/1 contacts=0.0/0 audioObserve=0.0/0 shipCombat=0.0/0 ballistics=0.0/0 fxSync=0.0/0 fxObserve=0.0/0 ordnance=0.0/0 audioListener=0.0/0 combat+am=0.0/0 | draws=533 objects=6374 prims=106843 nodes=2922 gpu=280MB
sim-profile t=44.867s ticks=244 us/tick | Tick=715.95 AI=79.36 AICommand=0.88 AIThink=10.31 AIDrive=56.79 AIEngage=8.49 Gunnery=0.46 ShipStep=265.34 Collision=58.86 Projectiles=0.46 Missiles=6.81 PointDefense=230.33 Drones=54.94 Sensors=6.57 Post=11.70
perf t=49s fps=141.8 frame=7ms | hudDraw=1.7/3 physics=1.2/5 sim=1.2/1 shipViews=0.8/1 contacts=0.0/0 audioObserve=0.0/0 shipCombat=0.0/0 ballistics=0.0/0 fxSync=0.0/0 fxObserve=0.0/0 ordnance=0.0/0 audioListener=0.0/0 combat+am=0.0/0 | draws=549 objects=6390 prims=113943 nodes=2922 gpu=280MB
sim-profile t=48.867s ticks=240 us/tick | Tick=701.97 AI=78.17 AICommand=0.95 AIThink=10.19 AIDrive=55.92 AIEngage=8.09 Gunnery=0.44 ShipStep=259.56 Collision=57.41 Projectiles=0.46 Missiles=6.75 PointDefense=225.74 Drones=54.06 Sensors=6.49 Post=11.79
perf t=53s fps=143.6 frame=7ms | hudDraw=1.6/2 physics=1.2/3 sim=1.1/2 shipViews=0.7/1 contacts=0.0/0 audioObserve=0.0/0 shipCombat=0.0/0 fxSync=0.0/0 ballistics=0.0/0 fxObserve=0.0/0 ordnance=0.0/0 audioListener=0.0/0 combat+am=0.0/0 | draws=569 objects=6426 prims=114889 nodes=2922 gpu=280MB
sim-profile t=52.867s ticks=240 us/tick | Tick=666.65 AI=72.87 AICommand=0.82 AIThink=9.41 AIDrive=52.27 AIEngage=7.62 Gunnery=0.41 ShipStep=248.89 Collision=54.76 Projectiles=0.41 Missiles=6.59 PointDefense=213.34 Drones=50.73 Sensors=6.52 Post=11.12
perf t=57s fps=142.9 frame=7ms | hudDraw=1.6/3 physics=1.2/8 sim=1.1/1 shipViews=0.7/1 fxObserve=0.0/5 contacts=0.0/0 audioObserve=0.0/0 shipCombat=0.0/0 ballistics=0.0/0 fxSync=0.0/0 ordnance=0.0/0 audioListener=0.0/0 combat+am=0.0/0 | draws=522 objects=6362 prims=106551 nodes=2922 gpu=280MB
sim-profile t=56.867s ticks=240 us/tick | Tick=658.45 AI=73.70 AICommand=0.85 AIThink=9.36 AIDrive=53.08 AIEngage=7.78 Gunnery=0.41 ShipStep=241.65 Collision=53.88 Projectiles=0.54 Missiles=6.30 PointDefense=211.36 Drones=50.59 Sensors=6.54 Post=12.43
perf t=61s fps=144.5 frame=7ms | hudDraw=1.6/2 physics=1.2/3 sim=1.1/1 shipViews=0.7/1 contacts=0.0/0 audioObserve=0.0/0 shipCombat=0.0/0 fxSync=0.0/0 ballistics=0.0/0 fxObserve=0.0/0 ordnance=0.0/0 audioListener=0.0/0 combat+am=0.0/0 | draws=558 objects=6403 prims=113877 nodes=2922 gpu=280MB
sim-profile t=60.867s ticks=240 us/tick | Tick=670.24 AI=75.12 AICommand=1.25 AIThink=9.63 AIDrive=53.82 AIEngage=7.81 Gunnery=0.54 ShipStep=247.65 Collision=54.65 Projectiles=0.44 Missiles=6.44 PointDefense=214.68 Drones=51.60 Sensors=6.72 Post=11.27
perf t=65s fps=143.8 frame=7ms | hudDraw=1.6/2 physics=1.1/3 sim=1.1/1 shipViews=0.7/1 contacts=0.0/0 audioObserve=0.0/0 shipCombat=0.0/0 fxSync=0.0/0 ballistics=0.0/0 fxObserve=0.0/0 ordnance=0.0/0 audioListener=0.0/0 combat+am=0.0/0 | draws=545 objects=6399 prims=113433 nodes=2922 gpu=280MB
sim-profile t=64.867s ticks=240 us/tick | Tick=641.01 AI=74.40 AICommand=0.70 AIThink=9.47 AIDrive=53.91 AIEngage=7.75 Gunnery=0.39 ShipStep=237.35 Collision=52.05 Projectiles=0.48 Missiles=6.06 PointDefense=204.35 Drones=48.49 Sensors=5.73 Post=10.65
perf t=69s fps=143.5 frame=7ms | hudDraw=1.6/3 physics=1.2/4 sim=1.1/1 shipViews=0.7/1 contacts=0.0/0 audioObserve=0.0/0 shipCombat=0.0/0 fxSync=0.0/0 ballistics=0.0/0 fxObserve=0.0/0 ordnance=0.0/0 audioListener=0.0/0 combat+am=0.0/0 | draws=567 objects=6420 prims=114432 nodes=2922 gpu=280MB
sim-profile t=68.933s ticks=244 us/tick | Tick=662.10 AI=75.86 AICommand=0.66 AIThink=9.92 AIDrive=54.87 AIEngage=7.83 Gunnery=0.41 ShipStep=243.41 Collision=53.99 Projectiles=0.44 Missiles=6.31 PointDefense=211.62 Drones=51.11 Sensors=6.71 Post=11.18
perf t=73s fps=143.7 frame=7ms | hudDraw=1.6/3 physics=1.1/3 sim=1.1/1 shipViews=0.7/1 contacts=0.0/0 audioObserve=0.0/0 shipCombat=0.0/0 fxSync=0.0/0 ballistics=0.0/0 fxObserve=0.0/0 ordnance=0.0/0 audioListener=0.0/0 combat+am=0.0/0 | draws=561 objects=6429 prims=113847 nodes=2922 gpu=280MB
sim-profile t=72.933s ticks=240 us/tick | Tick=652.82 AI=72.00 AICommand=0.76 AIThink=8.94 AIDrive=51.96 AIEngage=7.79 Gunnery=0.46 ShipStep=243.06 Collision=54.26 Projectiles=0.42 Missiles=6.18 PointDefense=208.89 Drones=49.71 Sensors=5.93 Post=10.91
perf t=77s fps=143.7 frame=7ms | hudDraw=1.7/2 physics=1.2/4 sim=1.1/1 shipViews=0.7/1 contacts=0.0/0 audioObserve=0.0/0 shipCombat=0.0/0 fxSync=0.0/0 ballistics=0.0/0 fxObserve=0.0/0 ordnance=0.0/0 audioListener=0.0/0 combat+am=0.0/0 | draws=570 objects=6404 prims=113765 nodes=2922 gpu=280MB
sim-profile t=76.933s ticks=240 us/tick | Tick=674.38 AI=74.15 AICommand=0.73 AIThink=9.26 AIDrive=53.66 AIEngage=7.86 Gunnery=0.41 ShipStep=249.13 Collision=56.01 Projectiles=0.44 Missiles=6.26 PointDefense=216.44 Drones=52.07 Sensors=6.13 Post=12.27
perf t=81s fps=143.6 frame=7ms | hudDraw=1.6/2 physics=1.2/3 sim=1.1/1 shipViews=0.7/1 contacts=0.0/0 audioObserve=0.0/0 shipCombat=0.0/0 fxSync=0.0/0 ballistics=0.0/0 fxObserve=0.0/0 ordnance=0.0/0 audioListener=0.0/0 combat+am=0.0/0 | draws=584 objects=6432 prims=114127 nodes=2922 gpu=280MB
sim-profile t=80.933s ticks=240 us/tick | Tick=667.08 AI=73.79 AICommand=0.74 AIThink=9.35 AIDrive=53.29 AIEngage=7.59 Gunnery=0.42 ShipStep=247.42 Collision=54.63 Projectiles=0.44 Missiles=6.23 PointDefense=214.45 Drones=51.77 Sensors=6.25 Post=10.64
perf t=85s fps=140.1 frame=7ms | hudDraw=1.7/2 physics=1.3/4 sim=1.2/1 shipViews=0.7/1 contacts=0.0/0 audioObserve=0.0/0 shipCombat=0.0/0 ballistics=0.0/0 fxSync=0.0/0 fxObserve=0.0/0 ordnance=0.0/0 audioListener=0.0/0 combat+am=0.0/0 | draws=572 objects=6418 prims=107360 nodes=2922 gpu=280MB
sim-profile t=84.933s ticks=240 us/tick | Tick=719.59 AI=79.51 AICommand=0.68 AIThink=10.08 AIDrive=57.42 AIEngage=8.47 Gunnery=0.64 ShipStep=267.76 Collision=59.33 Projectiles=0.48 Missiles=6.86 PointDefense=228.10 Drones=56.63 Sensors=7.05 Post=12.09
perf t=89s fps=143.3 frame=7ms | hudDraw=1.7/3 physics=1.2/5 sim=1.2/2 shipViews=0.7/2 contacts=0.0/0 audioObserve=0.0/0 shipCombat=0.0/0 fxSync=0.0/0 ballistics=0.0/0 fxObserve=0.0/0 ordnance=0.0/0 audioListener=0.0/0 combat+am=0.0/0 | draws=562 objects=6396 prims=113497 nodes=2922 gpu=280MB
sim-profile t=88.933s ticks=240 us/tick | Tick=711.40 AI=76.76 AICommand=0.71 AIThink=9.56 AIDrive=55.59 AIEngage=8.16 Gunnery=0.44 ShipStep=262.18 Collision=68.19 Projectiles=0.53 Missiles=6.76 PointDefense=223.63 Drones=53.95 Sensors=6.33 Post=11.52
perf t=93s fps=144.1 frame=7ms | hudDraw=1.7/2 physics=1.3/4 sim=1.2/1 shipViews=0.7/1 contacts=0.0/0 audioObserve=0.0/0 shipCombat=0.0/0 fxSync=0.0/0 ballistics=0.0/0 fxObserve=0.0/0 ordnance=0.0/0 audioListener=0.0/0 combat+am=0.0/0 | draws=532 objects=6397 prims=113309 nodes=2922 gpu=280MB
sim-profile t=93.000s ticks=244 us/tick | Tick=729.77 AI=77.98 AICommand=0.70 AIThink=9.99 AIDrive=56.34 AIEngage=8.14 Gunnery=0.45 ShipStep=265.19 Collision=74.64 Projectiles=0.48 Missiles=6.76 PointDefense=228.47 Drones=55.46 Sensors=7.15 Post=12.04
perf t=97s fps=144.8 frame=7ms | hudDraw=1.7/3 physics=1.2/3 sim=1.1/1 shipViews=0.7/1 contacts=0.0/0 audioObserve=0.0/0 shipCombat=0.0/0 fxSync=0.0/0 ballistics=0.0/0 fxObserve=0.0/0 ordnance=0.0/0 audioListener=0.0/0 combat+am=0.0/0 | draws=526 objects=6390 prims=112342 nodes=2922 gpu=280MB
sim-profile t=97.000s ticks=240 us/tick | Tick=690.82 AI=77.02 AICommand=0.73 AIThink=9.73 AIDrive=56.03 AIEngage=7.80 Gunnery=0.43 ShipStep=256.68 Collision=56.89 Projectiles=0.47 Missiles=6.63 PointDefense=219.99 Drones=53.89 Sensors=6.73 Post=10.98
perf t=101s fps=143.6 frame=7ms | hudDraw=1.7/3 physics=1.2/3 sim=1.1/1 shipViews=0.7/1 contacts=0.0/0 audioObserve=0.0/0 shipCombat=0.0/0 ballistics=0.0/0 fxSync=0.0/0 fxObserve=0.0/0 ordnance=0.0/0 audioListener=0.0/0 combat+am=0.0/0 | draws=554 objects=6443 prims=114313 nodes=2922 gpu=280MB
sim-profile t=101.000s ticks=240 us/tick | Tick=682.59 AI=78.07 AICommand=0.68 AIThink=10.04 AIDrive=56.61 AIEngage=7.95 Gunnery=0.48 ShipStep=253.05 Collision=56.00 Projectiles=0.45 Missiles=6.47 PointDefense=216.35 Drones=53.31 Sensors=6.35 Post=10.98
perf t=105s fps=133.7 frame=7ms | hudDraw=1.8/3 physics=1.4/5 sim=1.3/2 shipViews=0.8/1 contacts=0.0/0 audioObserve=0.0/0 shipCombat=0.0/0 ballistics=0.0/0 fxSync=0.0/0 fxObserve=0.0/0 ordnance=0.0/0 audioListener=0.0/0 combat+am=0.0/0 | draws=570 objects=6434 prims=115017 nodes=2922 gpu=280MB
sim-profile t=105.000s ticks=240 us/tick | Tick=737.01 AI=84.49 AICommand=0.77 AIThink=10.25 AIDrive=58.69 AIEngage=11.88 Gunnery=0.47 ShipStep=273.22 Collision=60.74 Projectiles=0.50 Missiles=7.14 PointDefense=232.30 Drones=57.39 Sensors=7.07 Post=12.45
perf t=109s fps=130.9 frame=8ms | hudDraw=1.9/3 physics=1.4/5 sim=1.4/1 shipViews=0.8/1 contacts=0.0/0 audioObserve=0.0/0 shipCombat=0.0/0 ballistics=0.0/0 fxSync=0.0/0 fxObserve=0.0/0 ordnance=0.0/0 audioListener=0.0/0 combat+am=0.0/0 | draws=571 objects=6453 prims=115049 nodes=2922 gpu=280MB
sim-profile t=109.000s ticks=240 us/tick | Tick=746.28 AI=81.01 AICommand=0.86 AIThink=10.36 AIDrive=58.43 AIEngage=8.52 Gunnery=0.59 ShipStep=270.92 Collision=77.02 Projectiles=0.50 Missiles=6.98 PointDefense=232.48 Drones=56.53 Sensors=6.84 Post=12.22
perf t=113s fps=138.7 frame=7ms | hudDraw=1.7/3 physics=1.3/5 sim=1.3/2 shipViews=0.8/1 contacts=0.0/0 audioObserve=0.0/0 shipCombat=0.0/0 fxSync=0.0/0 ballistics=0.0/0 fxObserve=0.0/0 ordnance=0.0/0 audioListener=0.0/0 combat+am=0.0/0 | draws=525 objects=6407 prims=106685 nodes=2922 gpu=280MB
sim-profile t=113.000s ticks=240 us/tick | Tick=736.61 AI=81.34 AICommand=0.77 AIThink=10.54 AIDrive=58.58 AIEngage=8.57 Gunnery=0.47 ShipStep=274.76 Collision=61.21 Projectiles=0.49 Missiles=6.93 PointDefense=234.28 Drones=57.00 Sensors=6.92 Post=11.99
perf t=117s fps=144.5 frame=7ms | hudDraw=1.6/3 physics=1.2/5 sim=1.1/1 shipViews=0.7/1 contacts=0.0/0 audioObserve=0.0/0 shipCombat=0.0/0 fxSync=0.0/0 ballistics=0.0/0 fxObserve=0.0/0 ordnance=0.0/0 audioListener=0.0/0 combat+am=0.0/0 | draws=511 objects=6374 prims=106079 nodes=2922 gpu=280MB
sim-profile t=117.067s ticks=244 us/tick | Tick=678.51 AI=76.07 AICommand=0.76 AIThink=9.74 AIDrive=54.95 AIEngage=7.81 Gunnery=0.43 ShipStep=249.04 Collision=56.71 Projectiles=0.56 Missiles=6.45 PointDefense=217.55 Drones=52.54 Sensors=6.57 Post=11.52
perf t=121s fps=143.3 frame=7ms | hudDraw=1.7/3 physics=1.2/5 sim=1.2/3 shipViews=0.7/1 contacts=0.0/0 audioObserve=0.0/0 shipCombat=0.0/0 fxSync=0.0/0 ballistics=0.0/0 fxObserve=0.0/0 ordnance=0.0/0 audioListener=0.0/0 combat+am=0.0/0 | draws=574 objects=6452 prims=115157 nodes=2922 gpu=280MB
sim-profile t=121.133s ticks=244 us/tick | Tick=686.80 AI=84.38 AICommand=1.59 AIThink=9.29 AIDrive=54.27 AIEngage=16.37 Gunnery=0.42 ShipStep=249.56 Collision=56.67 Projectiles=0.56 Missiles=6.20 PointDefense=218.31 Drones=52.33 Sensors=6.07 Post=11.12
perf t=125s fps=143.6 frame=7ms | hudDraw=1.6/2 physics=1.1/4 sim=1.1/1 shipViews=0.7/1 contacts=0.0/0 audioObserve=0.0/0 shipCombat=0.0/0 fxSync=0.0/0 ballistics=0.0/0 fxObserve=0.0/0 ordnance=0.0/0 audioListener=0.0/0 combat+am=0.0/0 | draws=576 objects=6434 prims=117661 nodes=2922 gpu=280MB
sim-profile t=125.133s ticks=240 us/tick | Tick=650.77 AI=73.20 AICommand=0.70 AIThink=9.61 AIDrive=52.18 AIEngage=8.05 Gunnery=0.40 ShipStep=242.75 Collision=53.13 Projectiles=0.42 Missiles=5.97 PointDefense=208.47 Drones=48.88 Sensors=5.92 Post=10.51
perf t=129s fps=143.2 frame=7ms | hudDraw=1.7/2 physics=1.2/4 sim=1.1/1 shipViews=0.7/1 contacts=0.0/0 audioObserve=0.0/0 shipCombat=0.0/0 ballistics=0.0/0 fxSync=0.0/0 fxObserve=0.0/0 ordnance=0.0/0 audioListener=0.0/0 combat+am=0.0/0 | draws=551 objects=6429 prims=114173 nodes=2922 gpu=280MB
sim-profile t=129.133s ticks=240 us/tick | Tick=688.92 AI=75.63 AICommand=0.66 AIThink=9.58 AIDrive=53.80 AIEngage=9.00 Gunnery=0.43 ShipStep=255.80 Collision=57.83 Projectiles=0.46 Missiles=6.48 PointDefense=221.00 Drones=52.72 Sensors=6.48 Post=10.98
perf t=133s fps=129.1 frame=8ms | hudDraw=1.8/3 physics=1.4/10 sim=1.4/6 shipViews=0.7/1 fxSync=0.4/23 ordnance=0.2/19 contacts=0.0/0 audioObserve=0.0/0 fxObserve=0.0/1 shipCombat=0.0/0 ballistics=0.0/0 audioListener=0.0/0 combat+am=0.0/0 | draws=555 objects=6460 prims=108220 nodes=2930 gpu=280MB
sim-profile t=133.133s ticks=240 us/tick | Tick=736.00 AI=89.75 AICommand=0.77 AIThink=10.92 AIDrive=54.26 AIEngage=21.09 Gunnery=0.44 ShipStep=253.95 Collision=58.05 Projectiles=0.47 Missiles=31.63 PointDefense=223.94 Drones=56.01 Sensors=6.25 Post=14.40
perf t=137s fps=133.0 frame=8ms | hudDraw=1.8/3 physics=1.4/5 sim=1.3/3 shipViews=0.7/1 fxSync=0.3/0 contacts=0.0/0 audioObserve=0.0/0 ordnance=0.0/0 fxObserve=0.0/0 shipCombat=0.0/0 ballistics=0.0/0 audioListener=0.0/0 combat+am=0.0/0 | draws=558 objects=6463 prims=108427 nodes=2930 gpu=280MB
sim-profile t=137.067s ticks=236 us/tick | Tick=743.43 AI=88.89 AICommand=0.71 AIThink=10.14 AIDrive=58.41 AIEngage=16.83 Gunnery=0.60 ShipStep=263.04 Collision=57.35 Projectiles=0.48 Missiles=22.12 PointDefense=230.26 Drones=61.47 Sensors=6.60 Post=11.49
perf t=141s fps=133.4 frame=7ms | hudDraw=1.8/3 physics=1.4/5 sim=1.4/2 shipViews=0.7/1 fxSync=0.3/1 contacts=0.0/0 audioObserve=0.0/0 ordnance=0.0/0 fxObserve=0.0/0 shipCombat=0.0/0 ballistics=0.0/0 audioListener=0.0/0 combat+am=0.0/0 | draws=570 objects=6482 prims=114044 nodes=2934 gpu=280MB
sim-profile t=141.067s ticks=240 us/tick | Tick=754.76 AI=91.21 AICommand=0.74 AIThink=9.59 AIDrive=56.22 AIEngage=21.81 Gunnery=0.44 ShipStep=266.94 Collision=57.92 Projectiles=0.50 Missiles=24.17 PointDefense=231.78 Drones=62.43 Sensors=6.22 Post=12.02
perf t=145s fps=134.4 frame=7ms | hudDraw=1.7/2 physics=1.4/4 sim=1.3/1 shipViews=0.7/1 fxSync=0.3/1 contacts=0.0/0 audioObserve=0.0/0 ordnance=0.0/0 fxObserve=0.0/0 shipCombat=0.0/0 ballistics=0.0/0 audioListener=0.0/0 combat+am=0.0/0 | draws=561 objects=6417 prims=108739 nodes=2934 gpu=280MB
sim-profile t=145.133s ticks=244 us/tick | Tick=736.42 AI=77.02 AICommand=0.69 AIThink=9.76 AIDrive=54.79 AIEngage=9.04 Gunnery=0.53 ShipStep=257.96 Collision=57.11 Projectiles=0.49 Missiles=27.37 PointDefense=232.38 Drones=65.04 Sensors=6.04 Post=11.40
perf t=149s fps=112.4 frame=9ms | hudDraw=1.9/3 physics=1.9/5 sim=1.8/1 shipViews=0.8/1 fxSync=0.5/1 contacts=0.0/0 audioObserve=0.0/0 ordnance=0.0/0 fxObserve=0.0/0 shipCombat=0.0/0 ballistics=0.0/0 audioListener=0.0/0 combat+am=0.0/0 | draws=508 objects=6339 prims=106749 nodes=2934 gpu=280MB
sim-profile t=149.133s ticks=240 us/tick | Tick=824.90 AI=89.87 AICommand=0.87 AIThink=11.20 AIDrive=63.07 AIEngage=11.47 Gunnery=0.58 ShipStep=284.06 Collision=63.97 Projectiles=0.60 Missiles=31.80 PointDefense=259.15 Drones=72.47 Sensors=6.87 Post=14.18
perf t=153s fps=105.9 frame=9ms | hudDraw=2.1/5 physics=2.1/7 sim=1.9/4 shipViews=0.8/1 fxSync=0.7/1 contacts=0.0/0 audioObserve=0.0/0 fxObserve=0.0/0 ordnance=0.0/0 shipCombat=0.0/0 ballistics=0.0/0 audioListener=0.0/0 combat+am=0.0/0 | draws=524 objects=6376 prims=108414 nodes=2934 gpu=280MB
sim-profile t=153.133s ticks=240 us/tick | Tick=859.20 AI=93.43 AICommand=0.91 AIThink=11.92 AIDrive=64.96 AIEngage=12.34 Gunnery=0.53 ShipStep=295.35 Collision=64.95 Projectiles=0.59 Missiles=32.64 PointDefense=264.26 Drones=75.52 Sensors=7.76 Post=22.80
perf t=157s fps=115.4 frame=9ms | hudDraw=1.9/3 physics=1.7/5 sim=1.6/1 fxSync=0.9/1 shipViews=0.8/1 contacts=0.0/0 audioObserve=0.0/0 ordnance=0.0/0 fxObserve=0.0/0 shipCombat=0.0/0 ballistics=0.0/0 audioListener=0.0/0 combat+am=0.0/0 | draws=537 objects=6421 prims=108775 nodes=2934 gpu=280MB
sim-profile t=157.200s ticks=244 us/tick | Tick=768.15 AI=85.24 AICommand=0.83 AIThink=10.22 AIDrive=57.71 AIEngage=13.59 Gunnery=0.54 ShipStep=266.38 Collision=59.49 Projectiles=0.50 Missiles=28.48 PointDefense=239.97 Drones=67.56 Sensors=6.58 Post=12.23
perf t=161s fps=122.8 frame=8ms | hudDraw=1.8/3 physics=1.5/4 sim=1.5/2 fxSync=0.8/1 shipViews=0.7/1 contacts=0.0/0 audioObserve=0.0/0 ordnance=0.0/0 fxObserve=0.0/0 shipCombat=0.0/0 ballistics=0.0/0 audioListener=0.0/0 combat+am=0.0/0 | draws=552 objects=6434 prims=109672 nodes=2934 gpu=280MB
sim-profile t=161.200s ticks=240 us/tick | Tick=747.77 AI=87.91 AICommand=0.70 AIThink=9.80 AIDrive=54.60 AIEngage=20.11 Gunnery=0.45 ShipStep=253.42 Collision=57.40 Projectiles=0.48 Missiles=29.87 PointDefense=234.81 Drones=64.65 Sensors=6.24 Post=11.43
perf t=165s fps=99.1 frame=10ms | physics=3.0/9 sim=2.8/2 hudDraw=1.8/3 fxSync=1.0/2 shipViews=0.8/1 audioObserve=0.1/2 ordnance=0.0/1 contacts=0.0/0 fxObserve=0.0/0 shipCombat=0.0/0 ballistics=0.0/0 audioListener=0.0/0 combat+am=0.0/0 | draws=517 objects=6391 prims=108816 nodes=2942 gpu=280MB
sim-profile t=165.267s ticks=244 us/tick | Tick=1159.26 AI=223.02 AICommand=0.77 AIThink=10.12 AIDrive=71.36 AIEngage=137.88 Gunnery=0.51 ShipStep=345.73 Collision=59.75 Projectiles=0.53 Missiles=43.43 PointDefense=360.90 Drones=104.29 Sensors=7.10 Post=12.76
perf t=169s fps=106.2 frame=9ms | physics=2.0/6 hudDraw=1.9/3 sim=1.9/1 fxSync=1.2/2 shipViews=0.8/2 contacts=0.0/0 ordnance=0.0/1 audioObserve=0.0/0 fxObserve=0.0/0 shipCombat=0.0/0 ballistics=0.0/0 audioListener=0.0/0 combat+am=0.0/0 | draws=543 objects=6411 prims=109888 nodes=2948 gpu=280MB
sim-profile t=169.267s ticks=240 us/tick | Tick=835.05 AI=91.56 AICommand=0.81 AIThink=10.68 AIDrive=62.68 AIEngage=14.36 Gunnery=0.50 ShipStep=278.10 Collision=61.70 Projectiles=0.55 Missiles=46.16 PointDefense=256.65 Drones=78.49 Sensors=6.94 Post=13.10
perf t=173s fps=97.0 frame=10ms | physics=2.5/6 sim=2.4/2 hudDraw=1.9/3 fxSync=1.4/2 shipViews=0.8/1 contacts=0.0/0 ordnance=0.0/0 audioObserve=0.0/0 fxObserve=0.0/0 shipCombat=0.0/0 ballistics=0.0/0 audioListener=0.0/0 combat+am=0.0/0 | draws=543 objects=6399 prims=110685 nodes=2960 gpu=280MB
sim-profile t=173.267s ticks=240 us/tick | Tick=954.54 AI=91.54 AICommand=0.80 AIThink=11.17 AIDrive=63.96 AIEngage=12.55 Gunnery=0.52 ShipStep=284.35 Collision=62.97 Projectiles=0.56 Missiles=54.73 PointDefense=333.23 Drones=104.22 Sensors=7.17 Post=13.96
perf t=177s fps=105.8 frame=9ms | physics=2.0/6 sim=1.9/2 hudDraw=1.9/3 fxSync=1.3/2 shipViews=0.8/1 contacts=0.0/0 ordnance=0.0/0 audioObserve=0.0/0 fxObserve=0.0/0 shipCombat=0.0/0 ballistics=0.0/0 audioListener=0.0/0 combat+am=0.0/0 | draws=552 objects=6410 prims=112293 nodes=2958 gpu=280MB
sim-profile t=177.267s ticks=240 us/tick | Tick=834.44 AI=84.79 AICommand=0.73 AIThink=10.40 AIDrive=59.12 AIEngage=11.68 Gunnery=0.53 ShipStep=267.30 Collision=60.73 Projectiles=0.51 Missiles=56.98 PointDefense=258.87 Drones=84.95 Sensors=6.38 Post=12.19
perf t=181s fps=107.3 frame=9ms | physics=2.0/6 hudDraw=1.9/3 sim=1.9/2 fxSync=1.0/2 shipViews=0.8/1 contacts=0.0/0 ordnance=0.0/0 audioObserve=0.0/0 fxObserve=0.0/0 shipCombat=0.0/0 ballistics=0.0/0 audioListener=0.0/0 combat+am=0.0/0 | draws=547 objects=6424 prims=109778 nodes=2958 gpu=280MB
sim-profile t=181.267s ticks=240 us/tick | Tick=841.72 AI=87.13 AICommand=0.86 AIThink=10.33 AIDrive=61.10 AIEngage=11.86 Gunnery=0.47 ShipStep=270.43 Collision=60.54 Projectiles=0.51 Missiles=55.14 PointDefense=259.75 Drones=86.83 Sensors=6.78 Post=12.91
perf t=185s fps=118.0 frame=8ms | hudDraw=1.8/2 physics=1.7/6 sim=1.6/3 fxSync=0.8/1 shipViews=0.8/1 ordnance=0.0/0 contacts=0.0/0 audioObserve=0.0/0 fxObserve=0.0/0 shipCombat=0.0/0 ballistics=0.0/0 audioListener=0.0/0 combat+am=0.0/0 | draws=542 objects=6398 prims=115052 nodes=2958 gpu=280MB
sim-profile t=185.267s ticks=240 us/tick | Tick=805.30 AI=81.08 AICommand=1.41 AIThink=9.91 AIDrive=56.06 AIEngage=11.02 Gunnery=0.45 ShipStep=260.94 Collision=57.82 Projectiles=0.49 Missiles=53.20 PointDefense=249.58 Drones=82.58 Sensors=6.07 Post=11.76
perf t=189s fps=121.2 frame=8ms | hudDraw=1.8/3 physics=1.6/4 sim=1.5/1 fxSync=0.9/1 shipViews=0.7/1 contacts=0.0/0 ordnance=0.0/0 audioObserve=0.0/0 fxObserve=0.0/0 shipCombat=0.0/0 ballistics=0.0/0 audioListener=0.0/0 combat+am=0.0/0 | draws=568 objects=6455 prims=131116 nodes=2958 gpu=280MB
sim-profile t=189.333s ticks=244 us/tick | Tick=769.90 AI=77.94 AICommand=0.74 AIThink=9.98 AIDrive=53.74 AIEngage=10.58 Gunnery=0.43 ShipStep=249.91 Collision=56.13 Projectiles=0.47 Missiles=51.02 PointDefense=236.72 Drones=79.10 Sensors=6.18 Post=10.90
perf t=193s fps=110.3 frame=9ms | physics=1.9/6 hudDraw=1.8/3 sim=1.8/3 fxSync=1.3/2 shipViews=0.8/1 contacts=0.0/0 ordnance=0.0/0 audioObserve=0.0/0 fxObserve=0.0/0 shipCombat=0.0/0 ballistics=0.0/0 audioListener=0.0/0 combat+am=0.0/0 | draws=559 objects=6470 prims=119572 nodes=2958 gpu=280MB
sim-profile t=193.400s ticks=244 us/tick | Tick=821.65 AI=97.12 AICommand=9.39 AIThink=10.18 AIDrive=57.64 AIEngage=17.02 Gunnery=0.46 ShipStep=262.08 Collision=59.00 Projectiles=0.51 Missiles=53.84 PointDefense=246.17 Drones=82.87 Sensors=6.45 Post=11.90
perf t=197s fps=103.3 frame=10ms | physics=2.4/21 sim=2.3/8 hudDraw=1.8/3 fxSync=1.3/2 shipViews=0.7/1 shipCombat=0.1/15 audioObserve=0.1/4 ballistics=0.1/7 fxObserve=0.0/1 contacts=0.0/0 ordnance=0.0/0 audioListener=0.0/0 combat+am=0.0/0 | draws=584 objects=6474 prims=137548 nodes=2959 gpu=281MB
sim-profile t=197.400s ticks=240 us/tick | Tick=974.83 AI=162.26 AICommand=0.64 AIThink=9.73 AIDrive=63.16 AIEngage=85.98 Gunnery=0.47 ShipStep=303.22 Collision=57.85 Projectiles=0.48 Missiles=83.15 PointDefense=262.75 Drones=85.14 Sensors=6.32 Post=12.04
perf t=201s fps=108.1 frame=9ms | physics=2.4/6 sim=2.2/2 hudDraw=1.8/3 fxSync=1.1/1 shipViews=0.7/1 audioObserve=0.0/1 ordnance=0.0/0 contacts=0.0/0 fxObserve=0.0/0 shipCombat=0.0/0 ballistics=0.0/0 audioListener=0.0/0 combat+am=0.0/0 | draws=572 objects=6462 prims=119116 nodes=2966 gpu=281MB
sim-profile t=201.400s ticks=240 us/tick | Tick=1021.55 AI=165.87 AICommand=0.72 AIThink=9.93 AIDrive=65.59 AIEngage=86.96 Gunnery=0.48 ShipStep=304.65 Collision=56.61 Projectiles=0.49 Missiles=55.58 PointDefense=317.84 Drones=100.53 Sensors=6.06 Post=12.13
perf t=205s fps=108.5 frame=9ms | physics=2.1/6 sim=2.0/2 hudDraw=1.8/2 fxSync=1.2/2 shipViews=0.7/1 ordnance=0.0/0 contacts=0.0/0 audioObserve=0.0/0 fxObserve=0.0/1 shipCombat=0.0/0 ballistics=0.0/0 audioListener=0.0/0 combat+am=0.0/0 | draws=547 objects=6435 prims=109952 nodes=2964 gpu=281MB
sim-profile t=205.467s ticks=244 us/tick | Tick=884.93 AI=99.54 AICommand=0.81 AIThink=9.81 AIDrive=56.41 AIEngage=29.85 Gunnery=0.46 ShipStep=273.79 Collision=56.19 Projectiles=0.55 Missiles=65.30 PointDefense=276.27 Drones=93.92 Sensors=6.07 Post=11.70
perf t=209s fps=121.6 frame=8ms | hudDraw=1.7/2 physics=1.6/4 sim=1.5/1 fxSync=1.0/1 shipViews=0.7/1 ordnance=0.0/0 contacts=0.0/0 audioObserve=0.0/0 fxObserve=0.0/0 shipCombat=0.0/0 ballistics=0.0/0 audioListener=0.0/0 combat+am=0.0/0 | draws=545 objects=6475 prims=109174 nodes=2966 gpu=281MB
sim-profile t=209.400s ticks=236 us/tick | Tick=773.94 AI=80.09 AICommand=0.71 AIThink=9.64 AIDrive=56.19 AIEngage=10.96 Gunnery=0.44 ShipStep=250.06 Collision=55.37 Projectiles=0.46 Missiles=55.45 PointDefense=232.62 Drones=80.25 Sensors=6.32 Post=11.79
perf t=213s fps=129.9 frame=8ms | hudDraw=1.8/2 physics=1.5/4 sim=1.4/1 shipViews=0.7/1 fxSync=0.6/1 ordnance=0.0/0 contacts=0.0/0 audioObserve=0.0/0 fxObserve=0.0/0 shipCombat=0.0/0 ballistics=0.0/0 audioListener=0.0/0 combat+am=0.0/0 | draws=550 objects=6554 prims=108264 nodes=2964 gpu=281MB
sim-profile t=213.467s ticks=244 us/tick | Tick=767.29 AI=77.77 AICommand=1.00 AIThink=9.60 AIDrive=53.58 AIEngage=11.01 Gunnery=0.43 ShipStep=246.79 Collision=55.06 Projectiles=0.52 Missiles=52.79 PointDefense=233.33 Drones=82.22 Sensors=5.90 Post=11.38
perf t=217s fps=124.7 frame=8ms | hudDraw=1.9/3 physics=1.6/4 sim=1.5/1 shipViews=0.7/2 fxSync=0.5/1 ordnance=0.0/0 contacts=0.0/0 audioObserve=0.0/0 fxObserve=0.0/0 shipCombat=0.0/0 ballistics=0.0/0 audioListener=0.0/0 combat+am=0.0/0 | draws=600 objects=6659 prims=121800 nodes=2964 gpu=281MB
sim-profile t=217.400s ticks=236 us/tick | Tick=791.76 AI=82.16 AICommand=1.48 AIThink=10.56 AIDrive=56.11 AIEngage=11.28 Gunnery=0.44 ShipStep=254.90 Collision=57.52 Projectiles=0.48 Missiles=50.68 PointDefense=241.98 Drones=84.22 Sensors=6.46 Post=11.71
perf t=221s fps=120.9 frame=8ms | hudDraw=1.9/3 physics=1.6/4 sim=1.5/1 shipViews=0.7/1 fxSync=0.7/1 contacts=0.0/0 ordnance=0.0/0 audioObserve=0.0/0 fxObserve=0.0/0 shipCombat=0.0/0 ballistics=0.0/0 audioListener=0.0/0 combat+am=0.0/0 | draws=693 objects=8545 prims=210323 nodes=2964 gpu=285MB
sim-profile t=221.467s ticks=244 us/tick | Tick=768.65 AI=77.14 AICommand=0.65 AIThink=9.50 AIDrive=53.59 AIEngage=10.77 Gunnery=0.44 ShipStep=249.36 Collision=55.38 Projectiles=0.46 Missiles=48.92 PointDefense=235.04 Drones=83.48 Sensors=5.99 Post=11.35
perf t=226s fps=109.1 frame=9ms | hudDraw=2.1/3 physics=1.8/4 sim=1.7/1 fxSync=1.1/1 shipViews=0.7/1 contacts=0.0/0 ordnance=0.0/0 audioObserve=0.0/0 fxObserve=0.0/0 shipCombat=0.0/0 ballistics=0.0/0 audioListener=0.0/0 combat+am=0.0/0 | draws=890 objects=7294 prims=334417 nodes=2964 gpu=285MB
sim-profile t=225.533s ticks=244 us/tick | Tick=764.36 AI=77.66 AICommand=0.67 AIThink=9.63 AIDrive=53.53 AIEngage=11.30 Gunnery=0.43 ShipStep=247.62 Collision=56.28 Projectiles=0.52 Missiles=46.13 PointDefense=234.76 Drones=82.25 Sensors=6.26 Post=11.34
perf t=230s fps=103.2 frame=10ms | hudDraw=2.1/2 physics=2.0/4 sim=1.9/1 fxSync=1.1/2 shipViews=0.8/1 contacts=0.0/0 ordnance=0.0/0 audioObserve=0.0/0 fxObserve=0.0/0 shipCombat=0.0/0 ballistics=0.0/0 audioListener=0.0/0 combat+am=0.0/0 | draws=902 objects=7194 prims=302853 nodes=2964 gpu=285MB
sim-profile t=229.533s ticks=240 us/tick | Tick=829.47 AI=97.72 AICommand=0.73 AIThink=10.27 AIDrive=56.47 AIEngage=27.63 Gunnery=0.46 ShipStep=268.89 Collision=59.14 Projectiles=0.52 Missiles=49.91 PointDefense=246.79 Drones=86.97 Sensors=6.53 Post=11.42
perf t=234s fps=96.3 frame=10ms | physics=2.5/6 sim=2.4/2 hudDraw=2.1/3 fxSync=1.1/1 shipViews=0.8/1 ordnance=0.0/0 contacts=0.0/0 audioObserve=0.0/0 fxObserve=0.0/0 shipCombat=0.0/0 ballistics=0.0/0 audioListener=0.0/0 combat+am=0.0/0 | draws=968 objects=7265 prims=339815 nodes=2961 gpu=285MB
sim-profile t=233.600s ticks=244 us/tick | Tick=963.57 AI=131.49 AICommand=0.67 AIThink=9.77 AIDrive=61.87 AIEngage=56.32 Gunnery=0.47 ShipStep=288.78 Collision=60.68 Projectiles=0.50 Missiles=51.62 PointDefense=310.20 Drones=99.63 Sensors=6.35 Post=12.67
perf t=238s fps=106.4 frame=9ms | physics=2.1/5 hudDraw=2.0/3 sim=2.0/2 fxSync=0.7/1 shipViews=0.7/1 ordnance=0.0/0 audioObserve=0.0/0 contacts=0.0/0 fxObserve=0.0/0 shipCombat=0.0/0 ballistics=0.0/0 audioListener=0.0/0 combat+am=0.0/0 | draws=967 objects=7267 prims=325266 nodes=2968 gpu=285MB
sim-profile t=237.600s ticks=240 us/tick | Tick=899.97 AI=114.46 AICommand=0.67 AIThink=9.85 AIDrive=61.67 AIEngage=39.52 Gunnery=0.46 ShipStep=273.13 Collision=58.97 Projectiles=0.54 Missiles=47.93 PointDefense=290.33 Drones=94.94 Sensors=6.46 Post=11.61
perf t=242s fps=103.0 frame=10ms | physics=2.3/6 sim=2.2/2 hudDraw=2.0/3 shipViews=0.8/1 fxSync=0.7/1 ordnance=0.0/0 audioObserve=0.0/0 contacts=0.0/0 fxObserve=0.0/0 shipCombat=0.0/0 ballistics=0.0/0 audioListener=0.0/0 combat+am=0.0/0 | draws=966 objects=7266 prims=349260 nodes=2966 gpu=285MB
sim-profile t=241.600s ticks=240 us/tick | Tick=932.93 AI=124.76 AICommand=0.68 AIThink=10.34 AIDrive=61.55 AIEngage=49.40 Gunnery=0.47 ShipStep=290.67 Collision=60.83 Projectiles=0.56 Missiles=54.59 PointDefense=287.00 Drones=94.29 Sensors=6.40 Post=12.19
perf t=246s fps=112.6 frame=9ms | hudDraw=2.0/2 physics=1.8/4 sim=1.7/1 shipViews=0.8/1 fxSync=0.5/1 ordnance=0.0/0 contacts=0.0/0 audioObserve=0.0/0 fxObserve=0.0/0 shipCombat=0.0/0 ballistics=0.0/0 audioListener=0.0/0 combat+am=0.0/0 | draws=932 objects=7179 prims=360934 nodes=2968 gpu=285MB
sim-profile t=245.600s ticks=240 us/tick | Tick=809.42 AI=80.46 AICommand=0.62 AIThink=9.76 AIDrive=56.17 AIEngage=11.27 Gunnery=0.44 ShipStep=256.72 Collision=60.22 Projectiles=0.49 Missiles=55.75 PointDefense=245.94 Drones=90.14 Sensors=6.24 Post=11.84
perf t=250s fps=110.5 frame=9ms | hudDraw=2.1/3 physics=1.9/5 sim=1.8/2 shipViews=0.8/1 fxSync=0.5/1 contacts=0.0/0 ordnance=0.0/0 audioObserve=0.0/0 fxObserve=0.0/0 shipCombat=0.0/0 ballistics=0.0/0 audioListener=0.0/0 combat+am=0.0/0 | draws=937 objects=7323 prims=390020 nodes=2968 gpu=285MB
sim-profile t=249.600s ticks=240 us/tick | Tick=827.98 AI=83.20 AICommand=0.71 AIThink=10.25 AIDrive=57.44 AIEngage=11.68 Gunnery=0.44 ShipStep=263.84 Collision=61.63 Projectiles=0.49 Missiles=53.81 PointDefense=253.46 Drones=91.46 Sensors=6.45 Post=11.94
perf t=254s fps=108.7 frame=9ms | hudDraw=2.2/17 physics=1.9/4 sim=1.8/1 shipViews=0.8/1 fxSync=0.6/1 contacts=0.0/0 ordnance=0.0/0 audioObserve=0.0/0 fxObserve=0.0/0 shipCombat=0.0/0 ballistics=0.0/0 audioListener=0.0/0 combat+am=0.0/0 | draws=781 objects=6813 prims=203235 nodes=2968 gpu=293MB
sim-profile t=253.667s ticks=244 us/tick | Tick=814.91 AI=82.03 AICommand=0.81 AIThink=10.38 AIDrive=56.78 AIEngage=11.40 Gunnery=0.46 ShipStep=258.17 Collision=60.58 Projectiles=0.49 Missiles=51.59 PointDefense=251.37 Drones=91.24 Sensors=6.20 Post=11.68
perf t=258s fps=113.9 frame=9ms | hudDraw=1.9/2 physics=1.8/6 sim=1.7/3 fxSync=0.8/1 shipViews=0.7/1 ordnance=0.0/0 contacts=0.0/0 audioObserve=0.0/0 fxObserve=0.0/0 shipCombat=0.0/0 ballistics=0.0/0 audioListener=0.0/0 combat+am=0.0/0 | draws=653 objects=6659 prims=125227 nodes=2968 gpu=293MB
sim-profile t=257.667s ticks=240 us/tick | Tick=813.90 AI=91.55 AICommand=0.66 AIThink=10.06 AIDrive=63.71 AIEngage=14.31 Gunnery=0.45 ShipStep=254.93 Collision=60.05 Projectiles=0.50 Missiles=50.48 PointDefense=247.32 Drones=89.82 Sensors=6.20 Post=11.49
perf t=262s fps=112.4 frame=9ms | hudDraw=1.9/3 physics=1.8/4 sim=1.7/1 fxSync=1.1/2 shipViews=0.7/1 contacts=0.0/0 ordnance=0.0/0 audioObserve=0.0/0 fxObserve=0.0/0 shipCombat=0.0/0 ballistics=0.0/0 audioListener=0.0/0 combat+am=0.0/0 | draws=723 objects=6690 prims=135423 nodes=2968 gpu=293MB
sim-profile t=261.667s ticks=240 us/tick | Tick=787.05 AI=81.58 AICommand=0.64 AIThink=9.47 AIDrive=54.37 AIEngage=14.43 Gunnery=0.44 ShipStep=248.94 Collision=58.78 Projectiles=0.48 Missiles=49.87 PointDefense=241.52 Drones=87.12 Sensors=6.10 Post=11.12
perf t=266s fps=109.0 frame=9ms | physics=1.9/5 hudDraw=1.8/2 sim=1.8/1 fxSync=1.3/2 shipViews=0.7/1 contacts=0.0/0 ordnance=0.0/0 audioObserve=0.0/0 fxObserve=0.0/0 shipCombat=0.0/0 ballistics=0.0/0 audioListener=0.0/0 combat+am=0.0/0 | draws=680 objects=6598 prims=134945 nodes=2968 gpu=293MB
sim-profile t=265.667s ticks=240 us/tick | Tick=823.17 AI=99.52 AICommand=0.80 AIThink=9.98 AIDrive=55.71 AIEngage=30.42 Gunnery=0.45 ShipStep=259.80 Collision=58.75 Projectiles=0.48 Missiles=51.58 PointDefense=245.33 Drones=88.20 Sensors=6.42 Post=11.44
perf t=270s fps=106.4 frame=9ms | physics=2.3/6 sim=2.2/1 hudDraw=1.8/3 fxSync=1.1/2 shipViews=0.8/2 ordnance=0.0/0 audioObserve=0.0/0 contacts=0.0/0 fxObserve=0.0/0 shipCombat=0.0/0 ballistics=0.0/0 audioListener=0.0/0 combat+am=0.0/0 | draws=650 objects=6564 prims=136037 nodes=2965 gpu=293MB
sim-profile t=269.733s ticks=244 us/tick | Tick=969.61 AI=143.84 AICommand=0.65 AIThink=9.86 AIDrive=62.22 AIEngage=68.49 Gunnery=0.47 ShipStep=293.08 Collision=58.86 Projectiles=0.50 Missiles=50.05 PointDefense=307.15 Drones=96.60 Sensors=6.00 Post=11.92
perf t=274s fps=112.6 frame=9ms | physics=2.1/6 sim=2.0/2 hudDraw=1.8/2 shipViews=0.7/1 fxSync=0.7/1 ordnance=0.0/0 contacts=0.0/0 audioObserve=0.0/0 fxObserve=0.0/0 shipCombat=0.0/0 ballistics=0.0/0 audioListener=0.0/0 combat+am=0.0/0 | draws=627 objects=6552 prims=124513 nodes=2970 gpu=293MB
sim-profile t=273.800s ticks=244 us/tick | Tick=947.78 AI=110.32 AICommand=0.74 AIThink=9.87 AIDrive=58.97 AIEngage=37.90 Gunnery=0.46 ShipStep=279.05 Collision=58.36 Projectiles=0.49 Missiles=49.70 PointDefense=324.68 Drones=104.45 Sensors=6.74 Post=12.40
perf t=278s fps=119.7 frame=8ms | hudDraw=1.8/3 physics=1.7/10 sim=1.6/7 fxSync=0.9/1 shipViews=0.7/1 ordnance=0.0/0 contacts=0.0/0 audioObserve=0.0/0 fxObserve=0.0/0 shipCombat=0.0/0 ballistics=0.0/0 audioListener=0.0/0 combat+am=0.0/0 | draws=596 objects=6487 prims=122813 nodes=2972 gpu=293MB
sim-profile t=277.733s ticks=236 us/tick | Tick=824.37 AI=108.51 AICommand=28.33 AIThink=9.68 AIDrive=57.08 AIEngage=10.82 Gunnery=0.44 ShipStep=251.96 Collision=57.55 Projectiles=0.48 Missiles=52.75 PointDefense=248.46 Drones=85.60 Sensors=6.10 Post=11.34
perf t=282s fps=120.4 frame=8ms | hudDraw=1.8/3 physics=1.7/4 sim=1.6/1 fxSync=0.9/2 shipViews=0.7/1 ordnance=0.0/0 contacts=0.0/0 audioObserve=0.0/0 fxObserve=0.0/0 shipCombat=0.0/0 ballistics=0.0/0 audioListener=0.0/0 combat+am=0.0/0 | draws=576 objects=6465 prims=125739 nodes=2974 gpu=293MB
sim-profile t=281.800s ticks=244 us/tick | Tick=794.43 AI=78.76 AICommand=0.79 AIThink=9.82 AIDrive=54.53 AIEngage=10.84 Gunnery=0.43 ShipStep=249.53 Collision=57.93 Projectiles=0.47 Missiles=55.52 PointDefense=242.49 Drones=90.21 Sensors=6.37 Post=11.54
perf t=286s fps=115.8 frame=9ms | hudDraw=1.9/3 physics=1.8/4 sim=1.7/1 fxSync=0.8/1 shipViews=0.7/1 ordnance=0.0/0 contacts=0.0/0 audioObserve=0.0/0 fxObserve=0.0/0 shipCombat=0.0/0 ballistics=0.0/0 audioListener=0.0/0 combat+am=0.0/0 | draws=593 objects=6507 prims=128775 nodes=2974 gpu=293MB
sim-profile t=285.800s ticks=240 us/tick | Tick=842.84 AI=82.23 AICommand=0.81 AIThink=10.42 AIDrive=57.10 AIEngage=11.17 Gunnery=0.46 ShipStep=264.82 Collision=62.62 Projectiles=0.52 Missiles=58.14 PointDefense=257.36 Drones=96.63 Sensors=6.49 Post=12.40
perf t=290s fps=121.2 frame=8ms | hudDraw=1.9/2 physics=1.7/4 sim=1.6/1 shipViews=0.7/1 fxSync=0.6/1 ordnance=0.0/0 contacts=0.0/0 audioObserve=0.0/0 fxObserve=0.0/0 shipCombat=0.0/0 ballistics=0.0/0 audioListener=0.0/0 combat+am=0.0/0 | draws=574 objects=6505 prims=127483 nodes=2974 gpu=293MB
sim-profile t=289.867s ticks=244 us/tick | Tick=818.72 AI=80.62 AICommand=0.82 AIThink=9.87 AIDrive=56.16 AIEngage=11.06 Gunnery=0.46 ShipStep=257.22 Collision=59.34 Projectiles=0.48 Missiles=53.71 PointDefense=251.64 Drones=95.02 Sensors=6.10 Post=13.02
perf t=294s fps=117.8 frame=8ms | hudDraw=1.8/3 physics=1.7/5 sim=1.6/1 fxSync=0.9/1 shipViews=0.7/1 ordnance=0.0/0 contacts=0.0/0 audioObserve=0.0/0 fxObserve=0.0/0 shipCombat=0.0/0 ballistics=0.0/0 audioListener=0.0/0 combat+am=0.0/0 | draws=560 objects=6475 prims=127613 nodes=2974 gpu=293MB
sim-profile t=293.867s ticks=240 us/tick | Tick=801.42 AI=81.02 AICommand=1.07 AIThink=9.69 AIDrive=56.83 AIEngage=10.83 Gunnery=0.44 ShipStep=254.07 Collision=58.02 Projectiles=0.48 Missiles=52.55 PointDefense=243.49 Drones=92.41 Sensors=6.13 Post=11.62
perf t=298s fps=111.2 frame=9ms | physics=1.8/4 hudDraw=1.8/3 sim=1.8/1 fxSync=1.3/2 shipViews=0.7/1 ordnance=0.0/0 contacts=0.0/0 audioObserve=0.0/0 fxObserve=0.0/0 shipCombat=0.0/0 ballistics=0.0/0 audioListener=0.0/0 combat+am=0.0/0 | draws=537 objects=6451 prims=110093 nodes=2974 gpu=293MB
sim-profile t=297.867s ticks=240 us/tick | Tick=819.24 AI=84.96 AICommand=0.94 AIThink=10.05 AIDrive=55.85 AIEngage=15.55 Gunnery=0.56 ShipStep=258.49 Collision=59.52 Projectiles=0.49 Missiles=53.92 PointDefense=246.59 Drones=94.35 Sensors=7.89 Post=11.33
perf t=302s fps=106.9 frame=9ms | physics=2.2/6 sim=2.1/2 hudDraw=1.8/2 fxSync=1.3/2 shipViews=0.7/1 contacts=0.0/0 ordnance=0.0/0 audioObserve=0.0/0 fxObserve=0.0/0 shipCombat=0.0/0 ballistics=0.0/0 audioListener=0.0/0 combat+am=0.0/0 | draws=546 objects=6471 prims=110333 nodes=2976 gpu=293MB
sim-profile t=301.867s ticks=240 us/tick | Tick=954.57 AI=129.79 AICommand=0.80 AIThink=9.94 AIDrive=60.32 AIEngage=56.01 Gunnery=0.46 ShipStep=286.89 Collision=59.33 Projectiles=0.51 Missiles=59.49 PointDefense=287.82 Drones=110.81 Sensors=6.13 Post=12.06
perf t=306s fps=106.5 frame=9ms | physics=2.5/7 sim=2.4/2 hudDraw=1.9/3 fxSync=0.9/2 shipViews=0.7/1 ordnance=0.1/0 contacts=0.0/0 audioObserve=0.0/0 fxObserve=0.0/0 shipCombat=0.0/0 ballistics=0.0/0 audioListener=0.0/0 combat+am=0.0/0 | draws=577 objects=6502 prims=135137 nodes=2973 gpu=293MB
sim-profile t=305.867s ticks=240 us/tick | Tick=1081.23 AI=197.93 AICommand=1.41 AIThink=9.72 AIDrive=68.09 AIEngage=115.92 Gunnery=0.50 ShipStep=325.59 Collision=60.57 Projectiles=0.50 Missiles=61.04 PointDefense=313.69 Drones=101.74 Sensors=6.31 Post=12.03
perf t=310s fps=107.5 frame=9ms | physics=2.2/11 sim=2.1/5 hudDraw=1.8/3 fxSync=0.8/1 shipViews=0.7/1 ballistics=0.4/42 ordnance=0.0/1 audioObserve=0.0/1 contacts=0.0/0 fxObserve=0.0/1 shipCombat=0.0/0 audioListener=0.0/0 combat+am=0.0/0 | draws=523 objects=6414 prims=107787 nodes=3012 gpu=293MB
sim-profile t=309.933s ticks=244 us/tick | Tick=939.60 AI=121.25 AICommand=1.08 AIThink=29.45 AIDrive=59.05 AIEngage=28.89 Gunnery=0.48 ShipStep=277.13 Collision=61.55 Projectiles=0.53 Missiles=68.77 PointDefense=287.13 Drones=102.76 Sensors=6.27 Post=12.50
perf t=314s fps=123.2 frame=8ms | hudDraw=1.8/3 physics=1.8/5 sim=1.7/2 shipViews=0.7/1 fxSync=0.5/1 ballistics=0.1/0 ordnance=0.0/0 contacts=0.0/0 audioObserve=0.0/0 fxObserve=0.0/0 shipCombat=0.0/0 audioListener=0.0/0 combat+am=0.0/0 | draws=528 objects=6421 prims=107391 nodes=3015 gpu=293MB
sim-profile t=313.933s ticks=240 us/tick | Tick=864.99 AI=101.65 AICommand=0.85 AIThink=28.44 AIDrive=57.10 AIEngage=12.16 Gunnery=0.48 ShipStep=260.49 Collision=60.28 Projectiles=0.62 Missiles=65.05 PointDefense=254.33 Drones=101.70 Sensors=6.56 Post=12.67
perf t=318s fps=132.2 frame=8ms | hudDraw=1.7/2 physics=1.6/5 sim=1.5/3 shipViews=0.7/1 fxSync=0.4/1 ordnance=0.0/0 contacts=0.0/1 audioObserve=0.0/0 ballistics=0.0/0 fxObserve=0.0/0 shipCombat=0.0/0 audioListener=0.0/0 combat+am=0.0/0 | draws=542 objects=6454 prims=107843 nodes=3015 gpu=293MB
sim-profile t=318.000s ticks=244 us/tick | Tick=813.73 AI=79.50 AICommand=0.78 AIThink=11.23 AIDrive=54.10 AIEngage=10.63 Gunnery=0.43 ShipStep=246.20 Collision=57.81 Projectiles=0.47 Missiles=63.40 PointDefense=243.37 Drones=96.88 Sensors=13.18 Post=11.40
perf t=322s fps=126.1 frame=8ms | hudDraw=1.8/3 physics=1.6/4 sim=1.5/1 shipViews=0.7/1 fxSync=0.6/1 ordnance=0.0/0 contacts=0.0/0 audioObserve=0.0/0 fxObserve=0.0/0 ballistics=0.0/0 shipCombat=0.0/0 audioListener=0.0/0 combat+am=0.0/0 | draws=528 objects=6439 prims=108012 nodes=3011 gpu=293MB
sim-profile t=322.000s ticks=240 us/tick | Tick=802.10 AI=77.84 AICommand=0.80 AIThink=9.93 AIDrive=54.13 AIEngage=10.38 Gunnery=0.43 ShipStep=246.60 Collision=59.05 Projectiles=0.47 Missiles=62.06 PointDefense=241.24 Drones=95.42 Sensors=5.97 Post=11.95
perf t=326s fps=116.7 frame=9ms | hudDraw=1.8/2 physics=1.7/4 sim=1.7/2 fxSync=1.1/2 shipViews=0.7/1 ordnance=0.0/0 contacts=0.0/0 audioObserve=0.0/0 fxObserve=0.0/0 ballistics=0.0/0 shipCombat=0.0/0 audioListener=0.0/0 combat+am=0.0/0 | draws=568 objects=6479 prims=118062 nodes=3011 gpu=293MB
sim-profile t=326.000s ticks=240 us/tick | Tick=805.08 AI=77.82 AICommand=0.78 AIThink=9.85 AIDrive=54.01 AIEngage=10.55 Gunnery=0.43 ShipStep=248.61 Collision=59.89 Projectiles=0.48 Missiles=58.12 PointDefense=248.07 Drones=93.10 Sensors=6.04 Post=11.41
perf t=330s fps=106.3 frame=9ms | physics=1.9/4 sim=1.8/1 hudDraw=1.8/2 fxSync=1.7/3 shipViews=0.7/1 ordnance=0.0/0 contacts=0.0/0 fxObserve=0.0/0 audioObserve=0.0/0 ballistics=0.0/0 shipCombat=0.0/0 audioListener=0.0/0 combat+am=0.0/0 | draws=565 objects=6478 prims=118201 nodes=3011 gpu=293MB
sim-profile t=330.000s ticks=240 us/tick | Tick=812.95 AI=80.48 AICommand=0.78 AIThink=9.81 AIDrive=54.64 AIEngage=12.54 Gunnery=0.52 ShipStep=251.82 Collision=59.85 Projectiles=0.48 Missiles=58.41 PointDefense=247.60 Drones=94.38 Sensors=6.29 Post=11.96
perf t=334s fps=92.3 frame=11ms | physics=2.6/7 sim=2.4/4 fxSync=2.2/4 hudDraw=1.9/2 shipViews=0.8/1 contacts=0.0/0 fxObserve=0.0/0 ordnance=0.0/0 audioObserve=0.0/0 ballistics=0.0/0 shipCombat=0.0/0 audioListener=0.0/0 combat+am=0.0/0 | draws=527 objects=6446 prims=111697 nodes=3011 gpu=293MB
sim-profile t=334.067s ticks=244 us/tick | Tick=928.94 AI=112.03 AICommand=9.99 AIThink=10.23 AIDrive=56.03 AIEngage=33.05 Gunnery=0.47 ShipStep=260.32 Collision=62.17 Projectiles=0.61 Missiles=63.39 PointDefense=299.06 Drones=111.88 Sensors=6.28 Post=11.60
perf t=338s fps=88.1 frame=11ms | physics=3.4/6 sim=3.3/2 fxSync=2.1/2 hudDraw=1.8/2 shipViews=0.7/1 ordnance=0.0/0 contacts=0.0/0 fxObserve=0.0/0 audioObserve=0.0/0 ballistics=0.0/0 shipCombat=0.0/0 audioListener=0.0/0 combat+am=0.0/0 | draws=528 objects=6442 prims=111931 nodes=3008 gpu=293MB
sim-profile t=338.067s ticks=240 us/tick | Tick=1215.47 AI=247.96 AICommand=0.71 AIThink=9.63 AIDrive=68.51 AIEngage=166.36 Gunnery=0.48 ShipStep=336.26 Collision=60.29 Projectiles=0.50 Missiles=68.66 PointDefense=369.39 Drones=113.29 Sensors=6.00 Post=11.48
perf t=342s fps=106.3 frame=9ms | physics=2.2/6 sim=2.1/2 hudDraw=1.8/2 fxSync=1.4/2 shipViews=0.7/1 ordnance=0.0/0 audioObserve=0.0/0 contacts=0.0/0 fxObserve=0.0/0 ballistics=0.0/0 shipCombat=0.0/0 audioListener=0.0/0 combat+am=0.0/0 | draws=568 objects=6443 prims=111287 nodes=3032 gpu=293MB
sim-profile t=342.133s ticks=244 us/tick | Tick=931.31 AI=142.81 AICommand=0.74 AIThink=22.61 AIDrive=57.01 AIEngage=59.81 Gunnery=0.47 ShipStep=275.18 Collision=61.85 Projectiles=0.48 Missiles=62.51 PointDefense=267.42 Drones=101.06 Sensors=6.18 Post=12.21
perf t=346s fps=105.2 frame=10ms | physics=2.4/5 sim=2.2/2 hudDraw=1.8/3 fxSync=1.3/2 shipViews=0.7/2 ordnance=0.1/0 audioObserve=0.0/0 contacts=0.0/0 fxObserve=0.0/0 ballistics=0.0/0 shipCombat=0.0/0 audioListener=0.0/0 combat+am=0.0/0 | draws=511 objects=6411 prims=108117 nodes=3045 gpu=293MB
sim-profile t=346.200s ticks=244 us/tick | Tick=977.03 AI=91.12 AICommand=0.65 AIThink=19.62 AIDrive=55.74 AIEngage=12.49 Gunnery=0.47 ShipStep=250.40 Collision=61.01 Projectiles=0.49 Missiles=98.81 PointDefense=327.73 Drones=127.96 Sensors=5.97 Post=11.87
perf t=350s fps=104.0 frame=10ms | physics=2.4/5 sim=2.3/2 hudDraw=1.9/2 fxSync=1.1/1 shipViews=0.7/1 ordnance=0.1/0 contacts=0.0/0 audioObserve=0.0/0 fxObserve=0.0/0 ballistics=0.0/0 shipCombat=0.0/0 audioListener=0.0/0 combat+am=0.0/0 | draws=601 objects=6528 prims=161242 nodes=3065 gpu=293MB
sim-profile t=350.200s ticks=240 us/tick | Tick=1009.24 AI=95.30 AICommand=0.82 AIThink=22.13 AIDrive=56.65 AIEngage=12.96 Gunnery=0.56 ShipStep=256.26 Collision=62.25 Projectiles=0.56 Missiles=130.98 PointDefense=293.87 Drones=149.73 Sensors=6.30 Post=12.29
perf t=354s fps=93.5 frame=11ms | physics=2.7/5 sim=2.6/2 hudDraw=2.0/2 fxSync=1.6/3 shipViews=0.8/1 ordnance=0.1/0 contacts=0.0/0 fxObserve=0.0/0 audioObserve=0.0/0 ballistics=0.0/0 shipCombat=0.0/0 audioListener=0.0/0 combat+am=0.0/0 | draws=637 objects=6593 prims=167654 nodes=3065 gpu=293MB
sim-profile t=354.133s ticks=236 us/tick | Tick=1033.25 AI=86.57 AICommand=0.93 AIThink=10.86 AIDrive=58.54 AIEngage=13.30 Gunnery=0.48 ShipStep=264.82 Collision=64.48 Projectiles=0.52 Missiles=135.95 PointDefense=304.07 Drones=155.82 Sensors=6.79 Post=12.58
perf t=358s fps=80.9 frame=12ms | physics=3.1/6 sim=3.0/2 fxSync=2.8/4 hudDraw=2.0/3 shipViews=0.8/1 fxObserve=0.1/1 ordnance=0.1/0 contacts=0.0/0 audioObserve=0.0/0 ballistics=0.0/0 shipCombat=0.0/0 audioListener=0.0/0 combat+am=0.0/0 | draws=694 objects=6677 prims=198784 nodes=3065 gpu=293MB
sim-profile t=358.200s ticks=244 us/tick | Tick=998.68 AI=83.01 AICommand=0.80 AIThink=10.05 AIDrive=56.26 AIEngage=13.15 Gunnery=0.46 ShipStep=257.04 Collision=60.90 Projectiles=0.50 Missiles=131.09 PointDefense=295.20 Drones=151.00 Sensors=6.18 Post=12.12
perf t=362s fps=67.8 frame=15ms | fxSync=4.6/6 physics=3.6/5 sim=3.4/1 hudDraw=2.0/2 shipViews=0.7/1 fxObserve=0.1/0 ordnance=0.1/0 contacts=0.1/0 audioObserve=0.0/0 ballistics=0.0/0 shipCombat=0.0/0 audioListener=0.0/0 combat+am=0.0/0 | draws=752 objects=6712 prims=246812 nodes=3065 gpu=293MB
sim-profile t=362.200s ticks=240 us/tick | Tick=973.32 AI=81.00 AICommand=0.75 AIThink=9.80 AIDrive=55.42 AIEngage=12.33 Gunnery=0.44 ShipStep=252.62 Collision=59.01 Projectiles=0.48 Missiles=127.69 PointDefense=285.23 Drones=147.62 Sensors=6.53 Post=11.53
perf t=366s fps=56.9 frame=18ms | fxSync=5.7/6 physics=5.1/7 sim=4.8/2 hudDraw=2.2/3 shipViews=0.7/1 fxObserve=0.1/0 contacts=0.1/0 ordnance=0.1/0 audioObserve=0.1/0 ballistics=0.0/0 shipCombat=0.0/0 audioListener=0.0/0 combat+am=0.0/0 | draws=779 objects=6771 prims=273838 nodes=3065 gpu=293MB
sim-profile t=366.200s ticks=240 us/tick | Tick=1150.85 AI=142.43 AICommand=0.74 AIThink=10.11 AIDrive=63.51 AIEngage=65.30 Gunnery=0.54 ShipStep=295.96 Collision=62.47 Projectiles=0.57 Missiles=137.56 PointDefense=338.31 Drones=152.75 Sensors=6.93 Post=12.10
perf t=370s fps=53.5 frame=19ms | physics=7.1/13 sim=6.7/2 fxSync=5.0/7 hudDraw=2.1/3 shipViews=0.7/1 contacts=0.2/6 fxObserve=0.1/0 audioObserve=0.1/1 ordnance=0.1/0 shipCombat=0.0/0 ballistics=0.0/0 audioListener=0.0/0 combat+am=0.0/0 | draws=742 objects=6733 prims=226404 nodes=3042 gpu=293MB
sim-profile t=370.333s ticks=248 us/tick | Tick=1450.94 AI=275.73 AICommand=0.74 AIThink=21.44 AIDrive=71.06 AIEngage=179.55 Gunnery=0.54 ShipStep=343.37 Collision=60.77 Projectiles=0.51 Missiles=117.21 PointDefense=451.31 Drones=181.25 Sensors=6.28 Post=12.74
perf t=374s fps=63.8 frame=16ms | physics=5.4/8 sim=5.2/3 fxSync=2.9/4 hudDraw=2.1/2 shipViews=0.7/1 ballistics=0.7/14 audioObserve=0.1/0 contacts=0.1/1 fxObserve=0.1/0 ordnance=0.1/0 shipCombat=0.0/0 audioListener=0.0/0 combat+am=0.0/0 | draws=814 objects=6842 prims=330655 nodes=3036 gpu=293MB
sim-profile t=374.333s ticks=240 us/tick | Tick=1374.81 AI=267.39 AICommand=0.79 AIThink=27.75 AIDrive=70.52 AIEngage=165.52 Gunnery=0.51 ShipStep=333.71 Collision=61.76 Projectiles=0.51 Missiles=76.71 PointDefense=461.71 Drones=152.63 Sensors=6.26 Post=12.44
perf t=378s fps=97.8 frame=10ms | physics=2.5/6 sim=2.4/3 hudDraw=2.0/2 fxSync=1.3/2 shipViews=0.7/1 ballistics=0.1/3 ordnance=0.1/1 audioObserve=0.0/0 contacts=0.0/0 fxObserve=0.0/0 shipCombat=0.0/0 audioListener=0.0/0 combat+am=0.0/0 | draws=780 objects=6825 prims=273186 nodes=3071 gpu=293MB
sim-profile t=378.267s ticks=236 us/tick | Tick=990.86 AI=131.04 AICommand=0.75 AIThink=19.32 AIDrive=59.32 AIEngage=48.70 Gunnery=0.47 ShipStep=265.33 Collision=59.76 Projectiles=0.47 Missiles=83.18 PointDefense=318.96 Drones=111.42 Sensors=6.38 Post=12.61
perf t=382s fps=98.8 frame=10ms | physics=2.4/4 sim=2.3/1 hudDraw=2.0/3 fxSync=1.3/2 shipViews=0.7/1 ballistics=0.1/3 ordnance=0.1/0 audioObserve=0.0/0 contacts=0.0/0 fxObserve=0.0/0 shipCombat=0.0/0 audioListener=0.0/0 combat+am=0.0/0 | draws=842 objects=6922 prims=358577 nodes=3103 gpu=293MB
sim-profile t=382.333s ticks=244 us/tick | Tick=945.92 AI=98.24 AICommand=0.67 AIThink=28.02 AIDrive=54.46 AIEngage=12.41 Gunnery=0.45 ShipStep=251.51 Collision=59.33 Projectiles=0.47 Missiles=109.13 PointDefense=272.58 Drones=135.06 Sensors=5.98 Post=12.08
perf t=386s fps=89.9 frame=11ms | physics=2.8/6 sim=2.7/2 hudDraw=2.1/3 fxSync=1.7/3 shipViews=0.7/1 ordnance=0.1/0 fxObserve=0.0/0 contacts=0.0/0 audioObserve=0.0/0 ballistics=0.0/0 shipCombat=0.0/0 audioListener=0.0/0 combat+am=0.0/0 | draws=881 objects=6991 prims=375267 nodes=3103 gpu=293MB
sim-profile t=386.333s ticks=240 us/tick | Tick=1009.89 AI=88.43 AICommand=0.77 AIThink=14.67 AIDrive=55.53 AIEngage=14.76 Gunnery=0.45 ShipStep=255.29 Collision=59.19 Projectiles=0.48 Missiles=141.50 PointDefense=287.92 Drones=156.11 Sensors=6.43 Post=12.92
perf t=390s fps=68.4 frame=15ms | physics=4.1/8 sim=3.9/2 fxSync=2.9/5 hudDraw=2.5/4 shipViews=0.8/1 fxObserve=0.1/0 ordnance=0.1/0 contacts=0.1/0 audioObserve=0.1/0 ballistics=0.0/0 shipCombat=0.0/0 audioListener=0.0/0 combat+am=0.0/0 | draws=844 objects=7012 prims=323889 nodes=3103 gpu=293MB
sim-profile t=390.333s ticks=240 us/tick | Tick=1124.53 AI=95.38 AICommand=0.87 AIThink=11.50 AIDrive=64.33 AIEngage=15.34 Gunnery=0.53 ShipStep=291.15 Collision=66.85 Projectiles=0.59 Missiles=153.77 PointDefense=319.78 Drones=173.52 Sensors=7.00 Post=14.62
perf t=394s fps=69.2 frame=14ms | fxSync=3.9/5 physics=3.7/5 sim=3.5/2 hudDraw=2.2/3 shipViews=0.7/1 fxObserve=0.1/0 ordnance=0.1/0 contacts=0.1/0 audioObserve=0.0/0 ballistics=0.0/0 shipCombat=0.0/0 audioListener=0.0/0 combat+am=0.0/0 | draws=912 objects=7066 prims=314811 nodes=3103 gpu=293MB
sim-profile t=394.400s ticks=244 us/tick | Tick=990.41 AI=82.53 AICommand=0.80 AIThink=10.10 AIDrive=55.85 AIEngage=13.02 Gunnery=0.45 ShipStep=253.70 Collision=58.29 Projectiles=0.49 Missiles=135.82 PointDefense=286.83 Drones=153.53 Sensors=5.93 Post=11.74
perf t=398s fps=57.6 frame=17ms | fxSync=5.8/7 physics=4.5/5 sim=4.2/1 hudDraw=2.4/3 shipViews=0.7/1 fxObserve=0.1/0 ordnance=0.1/0 contacts=0.1/0 audioObserve=0.1/0 ballistics=0.0/0 shipCombat=0.0/0 audioListener=0.0/0 combat+am=0.0/0 | draws=904 objects=7055 prims=317579 nodes=3103 gpu=293MB
sim-profile t=398.400s ticks=240 us/tick | Tick=1015.06 AI=83.67 AICommand=0.82 AIThink=10.29 AIDrive=56.47 AIEngage=13.41 Gunnery=0.45 ShipStep=259.04 Collision=60.01 Projectiles=0.48 Missiles=139.46 PointDefense=293.56 Drones=158.83 Sensors=6.20 Post=12.13
perf t=403s fps=46.2 frame=22ms | physics=8.1/12 sim=7.7/3 fxSync=6.2/9 hudDraw=2.4/3 shipViews=0.7/1 fxObserve=0.2/0 ballistics=0.2/4 audioObserve=0.1/2 contacts=0.1/0 ordnance=0.1/0 shipCombat=0.0/0 audioListener=0.0/0 combat+am=0.0/0 | draws=802 objects=6967 prims=304602 nodes=3111 gpu=293MB
sim-profile t=402.533s ticks=248 us/tick | Tick=1457.20 AI=213.25 AICommand=0.84 AIThink=12.86 AIDrive=67.71 AIEngage=129.01 Gunnery=0.51 ShipStep=332.00 Collision=60.22 Projectiles=0.50 Missiles=153.41 PointDefense=451.55 Drones=224.52 Sensors=6.62 Post=13.40
perf t=407s fps=46.4 frame=22ms | physics=8.3/9 sim=8.0/2 fxSync=5.7/7 hudDraw=2.3/3 shipViews=0.7/1 ballistics=0.4/7 fxObserve=0.2/0 audioObserve=0.1/0 ordnance=0.1/0 contacts=0.1/0 shipCombat=0.0/0 audioListener=0.0/0 combat+am=0.0/0 | draws=749 objects=6857 prims=269929 nodes=3089 gpu=293MB
sim-profile t=406.533s ticks=240 us/tick | Tick=1562.10 AI=259.56 AICommand=0.77 AIThink=24.00 AIDrive=72.66 AIEngage=159.33 Gunnery=0.63 ShipStep=339.99 Collision=59.69 Projectiles=0.50 Missiles=162.56 PointDefense=485.84 Drones=233.25 Sensors=6.35 Post=12.51
perf t=411s fps=55.3 frame=18ms | physics=6.0/7 sim=5.7/2 fxSync=5.0/7 hudDraw=2.3/3 shipViews=0.7/1 ballistics=0.2/4 fxObserve=0.1/0 ordnance=0.1/0 audioObserve=0.1/0 contacts=0.1/0 shipCombat=0.0/1 audioListener=0.0/0 combat+am=0.0/0 | draws=733 objects=6880 prims=251773 nodes=3122 gpu=293MB
sim-profile t=410.600s ticks=244 us/tick | Tick=1304.71 AI=235.43 AICommand=0.68 AIThink=31.74 AIDrive=68.80 AIEngage=131.27 Gunnery=0.51 ShipStep=318.17 Collision=58.83 Projectiles=0.49 Missiles=145.70 PointDefense=357.12 Drones=168.70 Sensors=5.97 Post=12.50
perf t=415s fps=59.0 frame=17ms | physics=5.6/6 sim=5.3/2 fxSync=4.5/5 hudDraw=2.3/3 shipViews=0.7/1 fxObserve=0.1/0 ballistics=0.1/3 ordnance=0.1/0 audioObserve=0.1/0 contacts=0.1/0 shipCombat=0.0/0 audioListener=0.0/0 combat+am=0.0/0 | draws=713 objects=6866 prims=222518 nodes=3146 gpu=293MB
sim-profile t=414.667s ticks=244 us/tick | Tick=1279.94 AI=177.73 AICommand=0.70 AIThink=20.52 AIDrive=67.86 AIEngage=85.65 Gunnery=0.49 ShipStep=306.05 Collision=59.61 Projectiles=0.55 Missiles=169.68 PointDefense=367.31 Drones=178.87 Sensors=5.89 Post=12.56
perf t=419s fps=63.2 frame=16ms | physics=4.9/6 sim=4.7/2 fxSync=4.2/5 hudDraw=2.2/3 shipViews=0.7/1 fxObserve=0.1/0 ordnance=0.1/0 contacts=0.1/0 audioObserve=0.1/0 ballistics=0.0/0 shipCombat=0.0/0 audioListener=0.0/0 combat+am=0.0/0 | draws=681 objects=6848 prims=213531 nodes=3174 gpu=293MB
sim-profile t=418.667s ticks=240 us/tick | Tick=1240.38 AI=170.40 AICommand=0.81 AIThink=23.99 AIDrive=66.03 AIEngage=76.54 Gunnery=0.50 ShipStep=295.27 Collision=58.70 Projectiles=0.49 Missiles=192.30 PointDefense=309.03 Drones=193.79 Sensors=6.35 Post=12.44
perf t=423s fps=58.9 frame=17ms | physics=5.3/7 sim=5.0/2 fxSync=4.8/6 hudDraw=2.2/3 shipViews=0.7/1 fxObserve=0.1/0 ordnance=0.1/0 contacts=0.1/0 audioObserve=0.1/0 ballistics=0.0/0 shipCombat=0.0/0 audioListener=0.0/0 combat+am=0.0/0 | draws=676 objects=6844 prims=198513 nodes=3170 gpu=293MB
sim-profile t=422.667s ticks=240 us/tick | Tick=1234.67 AI=150.09 AICommand=0.91 AIThink=10.47 AIDrive=62.18 AIEngage=73.82 Gunnery=0.49 ShipStep=290.97 Collision=59.07 Projectiles=0.49 Missiles=203.40 PointDefense=310.59 Drones=200.51 Sensors=6.08 Post=11.87
perf t=427s fps=52.5 frame=19ms | physics=6.1/7 fxSync=5.9/7 sim=5.8/2 hudDraw=2.4/3 shipViews=0.8/1 fxObserve=0.2/0 ordnance=0.1/0 contacts=0.1/0 audioObserve=0.1/0 ballistics=0.0/0 shipCombat=0.0/0 audioListener=0.0/0 combat+am=0.0/0 | draws=681 objects=6833 prims=200163 nodes=3170 gpu=293MB
sim-profile t=426.667s ticks=240 us/tick | Tick=1271.46 AI=155.82 AICommand=0.70 AIThink=10.19 AIDrive=64.45 AIEngage=77.82 Gunnery=0.55 ShipStep=298.05 Collision=58.93 Projectiles=0.54 Missiles=206.18 PointDefense=335.70 Drones=196.17 Sensors=6.21 Post=12.14
perf t=431s fps=45.2 frame=22ms | physics=8.7/10 sim=8.2/3 fxSync=6.1/7 hudDraw=2.3/5 shipViews=0.7/1 ballistics=0.3/4 fxObserve=0.2/0 ordnance=0.1/0 contacts=0.1/0 audioObserve=0.1/0 shipCombat=0.0/0 audioListener=0.0/0 combat+am=0.0/0 | draws=681 objects=6811 prims=199627 nodes=3186 gpu=293MB
sim-profile t=430.800s ticks=248 us/tick | Tick=1529.29 AI=171.47 AICommand=0.89 AIThink=21.51 AIDrive=65.11 AIEngage=81.16 Gunnery=0.50 ShipStep=302.81 Collision=60.86 Projectiles=0.49 Missiles=244.36 PointDefense=459.85 Drones=268.00 Sensors=6.82 Post=12.95
perf t=435s fps=38.2 frame=26ms | physics=11.6/12 sim=11.1/5 fxSync=6.4/10 hudDraw=2.4/3 shipViews=0.8/1 ballistics=0.7/7 fxObserve=0.3/0 ordnance=0.1/0 audioObserve=0.1/0 contacts=0.1/0 shipCombat=0.0/0 audioListener=0.0/0 combat+am=0.0/0 | draws=685 objects=6821 prims=199395 nodes=3177 gpu=293MB
sim-profile t=434.800s ticks=240 us/tick | Tick=1797.72 AI=246.79 AICommand=0.82 AIThink=26.97 AIDrive=80.35 AIEngage=135.50 Gunnery=0.58 ShipStep=353.85 Collision=64.69 Projectiles=0.54 Missiles=265.59 PointDefense=551.22 Drones=291.53 Sensors=7.10 Post=14.46
perf t=439s fps=40.5 frame=25ms | physics=10.3/11 sim=9.8/3 fxSync=6.4/8 hudDraw=2.6/4 shipViews=0.8/1 ballistics=0.4/7 fxObserve=0.2/0 ordnance=0.1/0 audioObserve=0.1/0 contacts=0.1/0 shipCombat=0.0/0 audioListener=0.0/0 combat+am=0.0/0 | draws=619 objects=6697 prims=144908 nodes=3186 gpu=293MB
sim-profile t=438.867s ticks=244 us/tick | Tick=1641.86 AI=210.81 AICommand=0.82 AIThink=33.51 AIDrive=74.42 AIEngage=98.93 Gunnery=0.56 ShipStep=339.96 Collision=66.69 Projectiles=0.56 Missiles=246.97 PointDefense=491.36 Drones=261.93 Sensors=7.26 Post=14.42
perf t=443s fps=45.2 frame=22ms | physics=8.3/8 sim=8.0/2 fxSync=5.7/7 hudDraw=2.4/3 shipViews=0.8/1 ballistics=0.7/4 fxObserve=0.2/0 ordnance=0.1/0 audioObserve=0.1/0 contacts=0.1/0 shipCombat=0.0/0 audioListener=0.0/0 combat+am=0.0/0 | draws=658 objects=6757 prims=162328 nodes=3234 gpu=293MB
sim-profile t=443.000s ticks=248 us/tick | Tick=1474.40 AI=182.47 AICommand=0.78 AIThink=26.79 AIDrive=68.33 AIEngage=83.72 Gunnery=0.54 ShipStep=311.93 Collision=62.96 Projectiles=0.58 Missiles=225.72 PointDefense=415.72 Drones=253.09 Sensors=7.00 Post=13.04
perf t=447s fps=53.2 frame=19ms | physics=6.2/7 sim=5.9/2 fxSync=5.3/7 hudDraw=2.3/3 shipViews=0.7/1 fxObserve=0.1/0 ordnance=0.1/0 ballistics=0.1/0 contacts=0.1/0 audioObserve=0.1/0 shipCombat=0.0/0 audioListener=0.0/0 combat+am=0.0/0 | draws=673 objects=6782 prims=170246 nodes=3234 gpu=293MB
sim-profile t=447.000s ticks=240 us/tick | Tick=1332.98 AI=172.22 AICommand=0.79 AIThink=25.43 AIDrive=65.71 AIEngage=77.48 Gunnery=0.51 ShipStep=299.43 Collision=60.04 Projectiles=0.51 Missiles=209.99 PointDefense=351.28 Drones=218.69 Sensors=6.52 Post=12.64
perf t=451s fps=46.9 frame=21ms | physics=7.6/8 sim=7.2/2 fxSync=6.3/7 hudDraw=2.4/3 shipViews=0.8/1 fxObserve=0.2/0 ballistics=0.2/3 ordnance=0.1/0 contacts=0.1/0 audioObserve=0.1/0 shipCombat=0.0/0 audioListener=0.0/0 combat+am=0.0/0 | draws=617 objects=6744 prims=162201 nodes=3226 gpu=293MB
sim-profile t=451.067s ticks=244 us/tick | Tick=1389.50 AI=171.04 AICommand=0.75 AIThink=13.49 AIDrive=69.05 AIEngage=84.78 Gunnery=0.53 ShipStep=319.18 Collision=62.20 Projectiles=0.55 Missiles=220.69 PointDefense=369.57 Drones=224.35 Sensors=6.58 Post=13.57
perf t=455s fps=40.7 frame=25ms | physics=9.9/9 sim=9.4/2 fxSync=6.7/8 hudDraw=2.6/3 shipViews=0.8/1 ballistics=0.5/4 fxObserve=0.2/0 ordnance=0.1/0 audioObserve=0.1/0 contacts=0.1/0 shipCombat=0.0/0 audioListener=0.0/0 combat+am=0.0/0 | draws=614 objects=6753 prims=156572 nodes=3234 gpu=293MB
sim-profile t=455.067s ticks=240 us/tick | Tick=1604.23 AI=188.81 AICommand=0.85 AIThink=23.66 AIDrive=72.09 AIEngage=89.07 Gunnery=0.55 ShipStep=329.39 Collision=65.14 Projectiles=0.56 Missiles=245.47 PointDefense=476.67 Drones=274.27 Sensors=7.81 Post=14.21
perf t=459s fps=34.0 frame=29ms | physics=13.5/11 sim=12.9/3 fxSync=6.9/10 hudDraw=2.7/5 ballistics=1.0/10 shipViews=0.8/1 fxObserve=0.3/0 audioObserve=0.1/0 ordnance=0.1/0 contacts=0.1/0 shipCombat=0.0/0 audioListener=0.0/0 combat+am=0.0/0 | draws=623 objects=6713 prims=154027 nodes=3221 gpu=293MB
sim-profile t=459.133s ticks=244 us/tick | Tick=1852.78 AI=257.33 AICommand=0.81 AIThink=32.92 AIDrive=80.68 AIEngage=139.50 Gunnery=0.58 ShipStep=371.88 Collision=67.55 Projectiles=0.59 Missiles=258.36 PointDefense=549.41 Drones=324.60 Sensors=7.04 Post=14.03
perf t=463s fps=43.6 frame=23ms | physics=8.9/9 sim=8.5/2 fxSync=6.1/8 hudDraw=2.5/3 shipViews=0.8/1 ballistics=0.4/4 fxObserve=0.2/0 ordnance=0.1/0 audioObserve=0.1/0 contacts=0.1/0 shipCombat=0.0/0 audioListener=0.0/0 combat+am=0.0/0 | draws=627 objects=6776 prims=162889 nodes=3230 gpu=293MB
sim-profile t=463.267s ticks=248 us/tick | Tick=1543.46 AI=230.23 AICommand=0.90 AIThink=34.82 AIDrive=72.17 AIEngage=119.45 Gunnery=0.53 ShipStep=336.60 Collision=61.96 Projectiles=0.51 Missiles=210.83 PointDefense=434.16 Drones=247.99 Sensors=6.50 Post=12.92
perf t=467s fps=44.7 frame=22ms | physics=8.4/10 sim=8.0/5 fxSync=5.6/8 hudDraw=2.5/4 shipViews=0.8/1 ballistics=0.6/7 fxObserve=0.2/0 ordnance=0.1/0 audioObserve=0.1/0 contacts=0.1/0 shipCombat=0.0/0 audioListener=0.0/0 combat+am=0.0/0 | draws=704 objects=6874 prims=207715 nodes=3257 gpu=293MB
sim-profile t=467.333s ticks=244 us/tick | Tick=1471.23 AI=199.95 AICommand=0.69 AIThink=33.08 AIDrive=80.97 AIEngage=82.25 Gunnery=0.53 ShipStep=315.12 Collision=63.77 Projectiles=0.53 Missiles=198.91 PointDefense=434.15 Drones=236.42 Sensors=7.15 Post=13.42
perf t=471s fps=50.4 frame=20ms | physics=6.8/8 sim=6.5/2 fxSync=5.4/8 hudDraw=2.5/4 shipViews=0.8/1 ballistics=0.3/5 fxObserve=0.2/0 ordnance=0.1/0 audioObserve=0.1/0 contacts=0.1/0 shipCombat=0.0/0 audioListener=0.0/0 combat+am=0.0/0 | draws=749 objects=6953 prims=213323 nodes=3249 gpu=293MB
sim-profile t=471.333s ticks=240 us/tick | Tick=1372.92 AI=176.73 AICommand=0.84 AIThink=25.07 AIDrive=68.06 AIEngage=79.84 Gunnery=0.52 ShipStep=304.81 Collision=61.89 Projectiles=0.53 Missiles=207.70 PointDefense=373.28 Drones=226.38 Sensors=6.51 Post=13.38
perf t=475s fps=47.7 frame=21ms | physics=7.3/9 sim=6.9/2 fxSync=6.1/8 hudDraw=2.5/3 shipViews=0.7/1 fxObserve=0.2/0 ballistics=0.2/3 ordnance=0.1/0 audioObserve=0.1/0 contacts=0.1/0 shipCombat=0.0/0 audioListener=0.0/0 combat+am=0.0/0 | draws=818 objects=7053 prims=241015 nodes=3244 gpu=293MB
sim-profile t=475.400s ticks=244 us/tick | Tick=1363.93 AI=182.44 AICommand=0.78 AIThink=25.75 AIDrive=68.22 AIEngage=84.64 Gunnery=0.53 ShipStep=309.41 Collision=62.51 Projectiles=0.58 Missiles=204.03 PointDefense=365.12 Drones=218.27 Sensors=6.38 Post=13.38
perf t=479s fps=39.3 frame=25ms | physics=10.7/10 sim=10.2/3 fxSync=6.6/10 hudDraw=2.7/5 shipViews=0.8/1 fxObserve=0.2/0 ordnance=0.1/0 ballistics=0.1/3 contacts=0.1/0 audioObserve=0.1/0 shipCombat=0.0/0 audioListener=0.0/0 combat+am=0.0/0 | draws=833 objects=7058 prims=246745 nodes=3265 gpu=293MB
sim-profile t=479.400s ticks=240 us/tick | Tick=1694.62 AI=184.68 AICommand=0.81 AIThink=20.71 AIDrive=71.64 AIEngage=88.33 Gunnery=0.56 ShipStep=332.73 Collision=65.86 Projectiles=0.64 Missiles=258.34 PointDefense=515.42 Drones=313.90 Sensors=6.88 Post=14.26
perf t=484s fps=35.1 frame=29ms | physics=12.9/11 sim=12.4/3 fxSync=6.6/12 hudDraw=2.6/4 ballistics=1.0/10 shipViews=0.8/1 fxObserve=0.3/0 ordnance=0.1/0 audioObserve=0.1/0 contacts=0.1/0 shipCombat=0.0/0 audioListener=0.0/0 combat+am=0.0/0 | draws=768 objects=6906 prims=210711 nodes=3251 gpu=293MB
sim-profile t=483.533s ticks=248 us/tick | Tick=1792.36 AI=247.51 AICommand=0.76 AIThink=27.00 AIDrive=75.88 AIEngage=140.82 Gunnery=0.58 ShipStep=358.31 Collision=64.96 Projectiles=0.57 Missiles=256.50 PointDefense=532.79 Drones=308.86 Sensors=7.22 Post=13.79
perf t=488s fps=46.7 frame=21ms | physics=8.1/8 sim=7.8/2 fxSync=5.9/6 hudDraw=2.3/3 shipViews=0.7/1 ballistics=0.3/3 fxObserve=0.2/0 ordnance=0.1/0 audioObserve=0.1/0 contacts=0.1/0 shipCombat=0.0/0 audioListener=0.0/0 combat+am=0.0/0 | draws=770 objects=6996 prims=205231 nodes=3257 gpu=293MB
sim-profile t=487.667s ticks=248 us/tick | Tick=1501.13 AI=220.52 AICommand=0.93 AIThink=34.58 AIDrive=68.25 AIEngage=113.92 Gunnery=0.50 ShipStep=320.28 Collision=60.03 Projectiles=0.48 Missiles=209.45 PointDefense=429.61 Drones=240.60 Sensors=6.03 Post=12.47
perf t=492s fps=47.6 frame=21ms | physics=7.7/9 sim=7.4/2 fxSync=5.2/6 hudDraw=2.5/3 shipViews=0.7/1 ballistics=0.5/4 fxObserve=0.2/0 ordnance=0.1/0 audioObserve=0.1/0 contacts=0.1/0 shipCombat=0.0/0 audioListener=0.0/0 combat+am=0.0/0 | draws=800 objects=7051 prims=233391 nodes=3266 gpu=293MB
sim-profile t=491.733s ticks=244 us/tick | Tick=1448.15 AI=187.41 AICommand=0.71 AIThink=34.49 AIDrive=68.34 AIEngage=80.93 Gunnery=0.52 ShipStep=308.37 Collision=61.81 Projectiles=0.51 Missiles=209.96 PointDefense=425.56 Drones=233.14 Sensors=6.40 Post=13.20
perf t=496s fps=52.6 frame=19ms | physics=6.5/7 sim=6.2/2 fxSync=5.0/6 hudDraw=2.5/3 shipViews=0.7/1 ballistics=0.2/3 fxObserve=0.1/0 ordnance=0.1/0 audioObserve=0.1/0 contacts=0.1/0 shipCombat=0.0/0 audioListener=0.0/0 combat+am=0.0/0 | draws=842 objects=7092 prims=226021 nodes=3258 gpu=293MB
sim-profile t=495.733s ticks=240 us/tick | Tick=1372.70 AI=172.12 AICommand=0.75 AIThink=24.92 AIDrive=64.42 AIEngage=79.07 Gunnery=0.49 ShipStep=296.84 Collision=59.72 Projectiles=0.48 Missiles=216.05 PointDefense=377.26 Drones=229.70 Sensors=6.14 Post=12.69
perf t=500s fps=51.3 frame=20ms | physics=6.5/7 sim=6.2/2 fxSync=5.6/6 hudDraw=2.4/3 shipViews=0.7/1 ballistics=0.2/3 fxObserve=0.2/0 ordnance=0.1/0 audioObserve=0.1/0 contacts=0.1/0 shipCombat=0.0/0 audioListener=0.0/0 combat+am=0.0/0 | draws=837 objects=7064 prims=225608 nodes=3253 gpu=293MB
sim-profile t=499.800s ticks=244 us/tick | Tick=1323.06 AI=173.40 AICommand=0.70 AIThink=23.86 AIDrive=66.32 AIEngage=79.73 Gunnery=0.48 ShipStep=296.01 Collision=58.81 Projectiles=0.48 Missiles=210.09 PointDefense=349.75 Drones=213.99 Sensors=6.59 Post=12.34
perf t=504s fps=45.0 frame=22ms | physics=8.8/8 sim=8.4/2 fxSync=6.0/7 hudDraw=2.4/3 shipViews=0.7/1 fxObserve=0.2/0 ordnance=0.1/0 ballistics=0.1/3 audioObserve=0.1/0 contacts=0.1/0 shipCombat=0.0/0 audioListener=0.0/0 combat+am=0.0/0 | draws=825 objects=7045 prims=220447 nodes=3274 gpu=293MB
sim-profile t=503.800s ticks=240 us/tick | Tick=1568.33 AI=177.78 AICommand=0.67 AIThink=26.16 AIDrive=65.15 AIEngage=82.99 Gunnery=0.50 ShipStep=297.48 Collision=59.30 Projectiles=0.49 Missiles=232.16 PointDefense=491.26 Drones=289.59 Sensors=6.14 Post=12.47
perf t=508s fps=40.5 frame=25ms | physics=10.7/11 sim=10.2/4 fxSync=6.0/7 hudDraw=2.4/3 shipViews=0.7/1 ballistics=0.7/7 fxObserve=0.2/0 ordnance=0.1/0 audioObserve=0.1/0 contacts=0.1/0 shipCombat=0.0/0 audioListener=0.0/0 combat+am=0.0/0 | draws=799 objects=6935 prims=216439 nodes=3263 gpu=293MB
sim-profile t=507.867s ticks=244 us/tick | Tick=1718.88 AI=233.31 AICommand=0.79 AIThink=24.92 AIDrive=70.53 AIEngage=134.23 Gunnery=0.50 ShipStep=340.37 Collision=59.89 Projectiles=0.50 Missiles=256.56 PointDefense=521.80 Drones=286.32 Sensors=6.05 Post=12.29
perf t=512s fps=45.7 frame=22ms | physics=8.5/10 sim=8.1/3 fxSync=5.5/6 hudDraw=2.4/3 shipViews=0.7/1 ballistics=0.5/8 fxObserve=0.2/0 ordnance=0.1/0 audioObserve=0.1/0 contacts=0.1/0 shipCombat=0.0/0 audioListener=0.0/0 combat+am=0.0/0 | draws=784 objects=6922 prims=212749 nodes=3262 gpu=293MB
sim-profile t=511.933s ticks=244 us/tick | Tick=1557.58 AI=244.93 AICommand=0.64 AIThink=36.34 AIDrive=72.06 AIEngage=132.98 Gunnery=0.50 ShipStep=334.44 Collision=59.52 Projectiles=0.49 Missiles=216.79 PointDefense=425.43 Drones=254.70 Sensors=6.47 Post=13.17
perf t=516s fps=54.8 frame=18ms | physics=6.3/7 sim=6.0/2 fxSync=4.5/6 hudDraw=2.4/3 shipViews=0.7/1 ballistics=0.3/4 fxObserve=0.1/0 ordnance=0.1/0 audioObserve=0.1/0 contacts=0.1/0 shipCombat=0.0/0 audioListener=0.0/0 combat+am=0.0/0 | draws=817 objects=7024 prims=202417 nodes=3270 gpu=293MB
sim-profile t=516.000s ticks=244 us/tick | Tick=1353.84 AI=179.39 AICommand=0.66 AIThink=27.08 AIDrive=64.44 AIEngage=84.47 Gunnery=0.48 ShipStep=296.11 Collision=58.79 Projectiles=0.48 Missiles=190.65 PointDefense=388.77 Drones=218.71 Sensors=6.60 Post=12.68
perf t=520s fps=48.6 frame=21ms | physics=7.5/7 sim=7.2/2 fxSync=4.8/8 hudDraw=3.1/10 shipViews=0.8/1 ballistics=0.2/4 fxObserve=0.2/0 ordnance=0.1/0 audioObserve=0.1/0 contacts=0.1/0 shipCombat=0.0/0 audioListener=0.0/0 combat+am=0.0/0 | draws=843 objects=7837 prims=210227 nodes=3278 gpu=293MB
sim-profile t=520.067s ticks=244 us/tick | Tick=1436.49 AI=187.22 AICommand=1.03 AIThink=24.39 AIDrive=68.05 AIEngage=90.81 Gunnery=0.50 ShipStep=306.79 Collision=60.68 Projectiles=0.49 Missiles=231.54 PointDefense=384.32 Drones=244.50 Sensors=6.33 Post=12.93
perf t=524s fps=42.3 frame=24ms | physics=8.4/9 sim=8.0/4 fxSync=6.0/7 hudDraw=4.0/5 shipViews=0.7/1 fxObserve=0.2/0 ballistics=0.2/3 ordnance=0.1/0 contacts=0.1/0 audioObserve=0.1/0 shipCombat=0.0/0 audioListener=0.0/0 combat+am=0.0/0 | draws=896 objects=7858 prims=209343 nodes=3302 gpu=293MB
sim-profile t=524.067s ticks=240 us/tick | Tick=1428.86 AI=164.94 AICommand=9.42 AIThink=14.19 AIDrive=62.19 AIEngage=76.41 Gunnery=0.48 ShipStep=294.14 Collision=60.21 Projectiles=0.55 Missiles=251.14 PointDefense=385.28 Drones=252.48 Sensors=6.34 Post=12.13
perf t=528s fps=34.7 frame=29ms | physics=12.0/9 sim=11.4/2 fxSync=6.7/8 hudDraw=4.1/5 shipViews=0.8/1 ballistics=0.5/4 fxObserve=0.3/0 ordnance=0.2/0 contacts=0.1/0 audioObserve=0.1/0 shipCombat=0.0/0 audioListener=0.0/0 combat+am=0.0/0 | draws=906 objects=7853 prims=201107 nodes=3294 gpu=293MB
sim-profile t=528.133s ticks=244 us/tick | Tick=1630.50 AI=157.21 AICommand=0.79 AIThink=16.82 AIDrive=66.15 AIEngage=70.61 Gunnery=0.52 ShipStep=307.70 Collision=64.04 Projectiles=0.54 Missiles=280.80 PointDefense=490.89 Drones=307.68 Sensors=6.68 Post=12.95
perf t=532s fps=38.4 frame=26ms | physics=10.1/9 sim=9.6/2 fxSync=6.1/7 hudDraw=3.9/6 ballistics=0.9/6 shipViews=0.7/1 fxObserve=0.2/0 ordnance=0.1/0 audioObserve=0.1/0 contacts=0.1/0 shipCombat=0.0/0 audioListener=0.0/0 combat+am=0.0/0 | draws=842 objects=7765 prims=196647 nodes=3251 gpu=293MB
sim-profile t=532.200s ticks=244 us/tick | Tick=1527.27 AI=155.33 AICommand=0.74 AIThink=17.55 AIDrive=63.69 AIEngage=70.71 Gunnery=0.48 ShipStep=293.64 Collision=59.20 Projectiles=0.49 Missiles=237.24 PointDefense=478.06 Drones=282.95 Sensors=6.10 Post=12.61
perf t=536s fps=42.3 frame=24ms | physics=8.5/8 sim=8.1/2 fxSync=5.8/6 hudDraw=3.8/5 shipViews=0.7/1 ballistics=0.5/7 fxObserve=0.2/0 ordnance=0.1/0 audioObserve=0.1/0 contacts=0.1/0 shipCombat=0.0/0 audioListener=0.0/0 combat+am=0.0/0 | draws=797 objects=7709 prims=192885 nodes=3231 gpu=293MB
sim-profile t=536.200s ticks=240 us/tick | Tick=1444.79 AI=184.00 AICommand=0.71 AIThink=20.36 AIDrive=65.49 AIEngage=94.68 Gunnery=0.60 ShipStep=309.58 Collision=58.43 Projectiles=0.48 Missiles=200.21 PointDefense=435.92 Drones=236.09 Sensors=5.82 Post=12.39
perf t=540s fps=40.3 frame=25ms | physics=9.7/9 sim=9.3/3 fxSync=5.1/7 hudDraw=3.9/4 ballistics=0.9/13 shipViews=0.8/1 fxObserve=0.2/0 audioObserve=0.1/0 ordnance=0.1/0 contacts=0.1/0 shipCombat=0.0/0 audioListener=0.0/0 combat+am=0.0/0 | draws=795 objects=7715 prims=171089 nodes=3216 gpu=293MB
sim-profile t=540.333s ticks=248 us/tick | Tick=1530.06 AI=228.87 AICommand=0.73 AIThink=23.78 AIDrive=70.68 AIEngage=130.80 Gunnery=0.51 ShipStep=333.08 Collision=60.50 Projectiles=0.50 Missiles=167.81 PointDefense=526.69 Drones=191.21 Sensors=7.02 Post=12.67
perf t=544s fps=47.5 frame=21ms | physics=7.8/8 sim=7.5/2 fxSync=4.3/5 hudDraw=3.8/5 shipViews=0.7/1 ballistics=0.2/3 fxObserve=0.1/0 ordnance=0.1/0 audioObserve=0.1/0 contacts=0.1/0 shipCombat=0.0/0 audioListener=0.0/0 combat+am=0.0/0 | draws=817 objects=7749 prims=173883 nodes=3207 gpu=293MB
sim-profile t=544.400s ticks=244 us/tick | Tick=1475.24 AI=226.12 AICommand=0.90 AIThink=26.93 AIDrive=69.59 AIEngage=126.01 Gunnery=0.49 ShipStep=320.66 Collision=59.13 Projectiles=0.50 Missiles=156.75 PointDefense=503.60 Drones=188.71 Sensors=5.96 Post=12.24
perf t=548s fps=58.4 frame=17ms | physics=5.3/10 sim=5.1/5 hudDraw=3.8/5 fxSync=3.3/4 shipViews=0.7/1 fxObserve=0.1/0 contacts=0.1/0 ordnance=0.1/0 audioObserve=0.1/0 ballistics=0.1/0 shipCombat=0.0/0 audioListener=0.0/0 combat+am=0.0/0 | draws=780 objects=7703 prims=163227 nodes=3213 gpu=293MB
sim-profile t=548.400s ticks=240 us/tick | Tick=1250.89 AI=199.52 AICommand=0.85 AIThink=23.05 AIDrive=65.79 AIEngage=106.98 Gunnery=0.55 ShipStep=297.50 Collision=59.85 Projectiles=67.82 Missiles=136.00 PointDefense=299.86 Drones=168.35 Sensors=6.23 Post=14.01
perf t=552s fps=56.7 frame=18ms | physics=5.9/7 sim=5.6/2 hudDraw=3.9/5 fxSync=3.2/4 shipViews=0.7/1 fxObserve=0.1/0 ballistics=0.1/0 ordnance=0.1/0 contacts=0.1/0 audioObserve=0.1/0 shipCombat=0.0/0 audioListener=0.0/0 combat+am=0.0/0 | draws=744 objects=7647 prims=155787 nodes=3225 gpu=293MB
sim-profile t=552.467s ticks=244 us/tick | Tick=1337.40 AI=195.18 AICommand=0.78 AIThink=10.25 AIDrive=63.92 AIEngage=117.17 Gunnery=0.50 ShipStep=300.39 Collision=60.30 Projectiles=101.95 Missiles=144.98 PointDefense=341.12 Drones=173.22 Sensors=5.85 Post=12.63
perf t=557s fps=55.3 frame=18ms | physics=6.2/7 sim=6.0/2 hudDraw=3.7/5 fxSync=2.6/3 shipViews=0.7/1 ballistics=0.5/4 fxObserve=0.1/0 ordnance=0.1/0 audioObserve=0.1/0 contacts=0.1/0 shipCombat=0.0/0 audioListener=0.0/0 combat+am=0.0/0 | draws=783 objects=7738 prims=169061 nodes=3230 gpu=293MB
sim-profile t=556.533s ticks=244 us/tick | Tick=1367.35 AI=215.11 AICommand=0.78 AIThink=19.49 AIDrive=66.64 AIEngage=125.23 Gunnery=0.50 ShipStep=296.95 Collision=60.66 Projectiles=165.22 Missiles=133.13 PointDefense=312.41 Drones=162.59 Sensors=6.23 Post=13.22
perf t=561s fps=47.4 frame=21ms | physics=8.2/7 sim=7.9/2 hudDraw=3.9/6 fxSync=2.6/3 ballistics=0.9/15 shipViews=0.8/1 fxObserve=0.1/0 contacts=0.1/0 audioObserve=0.1/0 ordnance=0.1/0 shipCombat=0.0/0 audioListener=0.0/0 combat+am=0.0/0 | draws=792 objects=7726 prims=160509 nodes=3284 gpu=293MB
sim-profile t=560.600s ticks=244 us/tick | Tick=1556.90 AI=235.85 AICommand=0.91 AIThink=19.86 AIDrive=69.96 AIEngage=142.01 Gunnery=0.54 ShipStep=315.72 Collision=63.63 Projectiles=189.92 Missiles=151.77 PointDefense=382.67 Drones=194.70 Sensors=6.28 Post=14.55
perf t=565s fps=51.6 frame=19ms | physics=7.2/9 sim=7.0/3 hudDraw=3.9/5 fxSync=2.6/3 shipViews=0.7/1 ballistics=0.5/7 ordnance=0.1/0 fxObserve=0.1/0 contacts=0.1/0 audioObserve=0.1/0 shipCombat=0.0/0 audioListener=0.0/0 combat+am=0.0/0 | draws=742 objects=7638 prims=160593 nodes=3290 gpu=293MB
sim-profile t=564.600s ticks=240 us/tick | Tick=1507.59 AI=239.04 AICommand=3.44 AIThink=21.11 AIDrive=68.86 AIEngage=142.69 Gunnery=0.52 ShipStep=316.68 Collision=61.82 Projectiles=124.77 Missiles=147.68 PointDefense=420.74 Drones=175.74 Sensors=5.86 Post=13.47
perf t=569s fps=56.3 frame=18ms | physics=6.5/8 sim=6.2/2 hudDraw=3.7/4 fxSync=2.2/3 shipViews=0.7/1 ballistics=0.4/4 ordnance=0.1/0 audioObserve=0.1/1 contacts=0.1/0 fxObserve=0.1/0 shipCombat=0.0/0 audioListener=0.0/0 combat+am=0.0/0 | draws=773 objects=7697 prims=152173 nodes=3288 gpu=293MB
sim-profile t=568.733s ticks=248 us/tick | Tick=1432.89 AI=224.92 AICommand=2.64 AIThink=17.04 AIDrive=67.05 AIEngage=135.18 Gunnery=0.51 ShipStep=309.53 Collision=60.93 Projectiles=90.49 Missiles=146.54 PointDefense=413.49 Drones=166.14 Sensors=5.82 Post=13.27
perf t=573s fps=59.9 frame=17ms | physics=5.7/7 sim=5.5/3 hudDraw=3.8/5 fxSync=1.9/2 shipViews=0.8/1 ballistics=0.2/4 ordnance=0.1/0 contacts=0.1/0 fxObserve=0.1/0 audioObserve=0.1/0 shipCombat=0.0/0 audioListener=0.0/0 combat+am=0.0/0 | draws=713 objects=7631 prims=123133 nodes=3286 gpu=293MB
sim-profile t=572.667s ticks=236 us/tick | Tick=1390.95 AI=226.98 AICommand=1.12 AIThink=18.73 AIDrive=68.42 AIEngage=135.74 Gunnery=0.65 ShipStep=312.32 Collision=62.39 Projectiles=142.42 Missiles=146.57 PointDefense=305.97 Drones=167.14 Sensors=6.67 Post=18.53
perf t=577s fps=55.7 frame=18ms | physics=6.7/7 sim=6.4/3 hudDraw=3.7/4 fxSync=2.2/3 shipViews=0.8/1 ballistics=0.4/11 contacts=0.1/0 ordnance=0.1/0 fxObserve=0.1/0 audioObserve=0.1/0 shipCombat=0.0/0 audioListener=0.0/0 combat+am=0.0/0 | draws=707 objects=7961 prims=125758 nodes=3286 gpu=293MB
sim-profile t=576.733s ticks=244 us/tick | Tick=1501.44 AI=306.22 AICommand=1.87 AIThink=25.76 AIDrive=72.52 AIEngage=203.14 Gunnery=0.52 ShipStep=307.93 Collision=60.80 Projectiles=175.68 Missiles=143.04 PointDefense=324.20 Drones=162.37 Sensors=6.40 Post=13.08
perf t=581s fps=47.9 frame=21ms | physics=8.7/10 sim=8.4/3 hudDraw=4.0/6 fxSync=2.4/3 shipViews=0.8/1 ballistics=0.4/4 fxObserve=0.1/0 audioObserve=0.1/0 contacts=0.1/0 ordnance=0.1/0 shipCombat=0.0/0 audioListener=0.0/0 combat+am=0.0/0 | draws=696 objects=8525 prims=125190 nodes=3293 gpu=293MB
sim-profile t=580.733s ticks=240 us/tick | Tick=1683.92 AI=339.46 AICommand=1.11 AIThink=25.18 AIDrive=83.16 AIEngage=226.85 Gunnery=0.58 ShipStep=331.93 Collision=65.35 Projectiles=244.35 Missiles=143.46 PointDefense=353.96 Drones=182.32 Sensors=6.58 Post=14.60
perf t=585s fps=40.9 frame=24ms | physics=11.4/12 sim=11.1/3 hudDraw=4.2/5 fxSync=2.4/4 shipViews=0.8/1 ballistics=0.7/7 contacts=0.1/0 audioObserve=0.1/0 fxObserve=0.1/0 ordnance=0.1/0 shipCombat=0.0/0 audioListener=0.0/0 combat+am=0.0/0 | draws=681 objects=43899 prims=152430 nodes=3326 gpu=293MB
sim-profile t=584.800s ticks=244 us/tick | Tick=1856.90 AI=364.45 AICommand=1.22 AIThink=24.05 AIDrive=82.26 AIEngage=253.76 Gunnery=0.57 ShipStep=337.48 Collision=66.47 Projectiles=349.67 Missiles=133.44 PointDefense=388.09 Drones=193.70 Sensors=6.95 Post=14.59
perf t=589s fps=43.4 frame=23ms | physics=11.2/10 sim=10.9/3 hudDraw=3.7/6 fxSync=2.2/4 ballistics=0.8/9 shipViews=0.7/1 contacts=0.1/0 fxObserve=0.1/0 audioObserve=0.1/0 ordnance=0.1/0 shipCombat=0.0/0 audioListener=0.0/0 combat+am=0.0/0 | draws=708 objects=7984 prims=116305 nodes=3390 gpu=293MB
sim-profile t=588.867s ticks=244 us/tick | Tick=1971.98 AI=333.90 AICommand=0.87 AIThink=19.85 AIDrive=77.53 AIEngage=232.72 Gunnery=0.52 ShipStep=311.68 Collision=60.57 Projectiles=568.61 Missiles=124.18 PointDefense=368.47 Drones=183.38 Sensors=6.20 Post=13.22
perf t=593s fps=36.5 frame=27ms | physics=13.5/14 sim=13.1/4 hudDraw=3.8/6 fxSync=2.4/3 ballistics=2.4/13 shipViews=0.8/1 fxObserve=0.1/0 audioObserve=0.1/0 contacts=0.1/0 ordnance=0.1/0 shipCombat=0.0/0 audioListener=0.0/0 combat+am=0.0/0 | draws=643 objects=8447 prims=117045 nodes=3390 gpu=293MB
sim-profile t=592.933s ticks=244 us/tick | Tick=1985.92 AI=352.92 AICommand=1.20 AIThink=28.60 AIDrive=80.89 AIEngage=239.15 Gunnery=0.55 ShipStep=324.75 Collision=65.28 Projectiles=524.33 Missiles=129.73 PointDefense=377.99 Drones=188.60 Sensors=6.20 Post=14.23
perf t=597s fps=51.7 frame=19ms | physics=7.7/8 sim=7.4/2 hudDraw=3.6/6 fxSync=2.1/3 shipViews=0.8/1 ballistics=0.6/9 contacts=0.1/0 audioObserve=0.1/0 fxObserve=0.1/0 ordnance=0.1/0 shipCombat=0.0/0 audioListener=0.0/0 combat+am=0.0/0 | draws=759 objects=11564 prims=144571 nodes=3392 gpu=293MB
sim-profile t=596.933s ticks=240 us/tick | Tick=1613.06 AI=268.65 AICommand=0.97 AIThink=21.69 AIDrive=71.00 AIEngage=171.94 Gunnery=0.63 ShipStep=297.37 Collision=59.50 Projectiles=375.66 Missiles=114.66 PointDefense=312.18 Drones=163.44 Sensors=6.13 Post=13.59
autoplay 10min: sim=600.07s FPS min=8.66 mean=93.73 engine=49.0
perf t=601s fps=52.2 frame=19ms | physics=7.6/8 sim=7.4/2 hudDraw=3.5/7 fxSync=2.1/4 shipViews=0.8/1 ballistics=0.3/1 contacts=0.1/0 fxObserve=0.1/0 ordnance=0.1/0 audioObserve=0.1/0 shipCombat=0.0/0 audioListener=0.0/0 combat+am=0.0/0 | draws=798 objects=10133 prims=130000 nodes=3390 gpu=305MB
sim-profile t=600.933s ticks=240 us/tick | Tick=1628.58 AI=242.10 AICommand=0.89 AIThink=21.88 AIDrive=67.63 AIEngage=148.64 Gunnery=0.51 ShipStep=297.60 Collision=60.82 Projectiles=396.52 Missiles=115.22 PointDefense=327.08 Drones=167.59 Sensors=6.07 Post=13.72
perf t=605s fps=44.6 frame=22ms | physics=8.6/9 sim=8.3/3 hudDraw=4.1/28 fxSync=2.2/3 shipViews=0.7/1 ballistics=0.4/3 contacts=0.1/0 audioObserve=0.1/0 fxObserve=0.1/0 ordnance=0.1/0 shipCombat=0.0/0 audioListener=0.0/0 combat+am=0.0/0 | draws=690 objects=9549 prims=124069 nodes=3366 gpu=425MB
sim-profile t=605.067s ticks=248 us/tick | Tick=1503.96 AI=202.90 AICommand=0.83 AIThink=23.86 AIDrive=64.00 AIEngage=111.33 Gunnery=0.49 ShipStep=280.02 Collision=60.38 Projectiles=372.75 Missiles=95.79 PointDefense=319.84 Drones=151.17 Sensors=6.48 Post=12.92
perf t=609s fps=58.4 frame=17ms | physics=5.6/7 sim=5.3/2 hudDraw=3.4/11 fxSync=2.0/2 shipViews=0.7/1 ballistics=0.5/6 audioObserve=0.1/0 contacts=0.1/0 ordnance=0.1/0 fxObserve=0.1/0 shipCombat=0.0/0 audioListener=0.0/0 combat+am=0.0/0 | draws=676 objects=10442 prims=128686 nodes=3359 gpu=425MB
sim-profile t=609.067s ticks=240 us/tick | Tick=1314.03 AI=187.92 AICommand=0.91 AIThink=13.71 AIDrive=58.66 AIEngage=111.65 Gunnery=0.49 ShipStep=274.35 Collision=60.34 Projectiles=321.66 Missiles=82.56 PointDefense=291.54 Drones=71.48 Sensors=6.87 Post=15.41
perf t=613s fps=32.7 frame=31ms | physics=12.2/13 sim=11.8/4 hudDraw=4.7/57 fxSync=1.6/3 shipViews=0.8/1 ballistics=0.5/1 contacts=0.1/0 audioObserve=0.1/0 fxObserve=0.1/0 ordnance=0.1/0 shipCombat=0.0/0 audioListener=0.0/0 combat+am=0.0/0 | draws=682 objects=6762 prims=135867 nodes=3360 gpu=613MB
sim-profile t=612.667s ticks=216 us/tick | Tick=1808.81 AI=256.89 AICommand=8.21 AIThink=12.29 AIDrive=65.41 AIEngage=167.88 Gunnery=0.53 ShipStep=309.89 Collision=68.25 Projectiles=655.70 Missiles=82.48 PointDefense=329.48 Drones=83.33 Sensors=6.47 Post=14.32
perf t=617s fps=55.8 frame=18ms | physics=7.3/9 sim=7.0/2 hudDraw=3.0/6 ballistics=1.5/19 fxSync=1.1/2 shipViews=0.7/1 audioObserve=0.1/0 contacts=0.1/0 ordnance=0.1/0 fxObserve=0.0/0 shipCombat=0.0/0 audioListener=0.0/0 combat+am=0.0/0 | draws=620 objects=7392 prims=146710 nodes=3353 gpu=613MB
sim-profile t=616.667s ticks=240 us/tick | Tick=1642.75 AI=293.23 AICommand=1.01 AIThink=19.81 AIDrive=68.08 AIEngage=201.42 Gunnery=0.50 ShipStep=288.11 Collision=62.89 Projectiles=535.61 Missiles=66.42 PointDefense=300.38 Drones=73.81 Sensors=6.05 Post=14.49
perf t=621s fps=85.0 frame=12ms | physics=4.2/13 sim=4.0/5 hudDraw=2.2/3 shipViews=0.7/1 ballistics=0.6/12 fxSync=0.3/1 audioObserve=0.1/5 ordnance=0.0/0 contacts=0.0/0 shipCombat=0.0/0 fxObserve=0.0/0 audioListener=0.0/0 combat+am=0.0/0 | draws=590 objects=6637 prims=154157 nodes=3352 gpu=613MB
sim-profile t=620.733s ticks=244 us/tick | Tick=1404.77 AI=331.20 AICommand=1.14 AIThink=34.29 AIDrive=64.31 AIEngage=228.54 Gunnery=0.52 ShipStep=292.07 Collision=66.53 Projectiles=329.17 Missiles=53.96 PointDefense=245.46 Drones=60.88 Sensors=6.74 Post=14.24
perf t=625s fps=100.2 frame=10ms | physics=3.4/6 sim=3.3/2 hudDraw=2.0/3 shipViews=0.7/1 ballistics=0.2/1 ordnance=0.0/0 contacts=0.0/0 fxSync=0.0/0 audioObserve=0.0/0 shipCombat=0.0/0 fxObserve=0.0/0 audioListener=0.0/0 combat+am=0.0/0 | draws=581 objects=6599 prims=176169 nodes=3353 gpu=613MB
sim-profile t=624.733s ticks=240 us/tick | Tick=1383.44 AI=344.03 AICommand=1.37 AIThink=22.13 AIDrive=63.63 AIEngage=254.01 Gunnery=0.50 ShipStep=288.51 Collision=118.45 Projectiles=260.56 Missiles=47.60 PointDefense=242.70 Drones=59.92 Sensors=6.24 Post=13.71
perf t=629s fps=90.9 frame=11ms | physics=4.1/9 sim=4.0/3 hudDraw=2.1/3 shipViews=0.8/1 ballistics=0.3/0 contacts=0.0/0 ordnance=0.0/0 audioObserve=0.0/0 fxObserve=0.0/0 shipCombat=0.0/0 fxSync=0.0/0 audioListener=0.0/0 combat+am=0.0/0 | draws=620 objects=6638 prims=166349 nodes=3336 gpu=613MB
sim-profile t=628.800s ticks=244 us/tick | Tick=1511.42 AI=435.50 AICommand=1.13 AIThink=23.52 AIDrive=74.37 AIEngage=333.30 Gunnery=0.57 ShipStep=326.48 Collision=66.04 Projectiles=301.47 Missiles=46.37 PointDefense=251.51 Drones=60.03 Sensors=7.34 Post=14.75
perf t=633s fps=93.4 frame=11ms | physics=3.7/8 sim=3.6/2 hudDraw=2.1/3 shipViews=0.8/1 ballistics=0.3/7 fxSync=0.1/0 contacts=0.0/0 audioObserve=0.0/0 ordnance=0.0/0 fxObserve=0.0/0 shipCombat=0.0/0 audioListener=0.0/0 combat+am=0.0/0 | draws=578 objects=6612 prims=163528 nodes=3336 gpu=613MB
sim-profile t=632.867s ticks=244 us/tick | Tick=1373.02 AI=433.20 AICommand=1.09 AIThink=23.00 AIDrive=73.60 AIEngage=332.28 Gunnery=0.57 ShipStep=325.41 Collision=65.71 Projectiles=178.78 Missiles=41.10 PointDefense=249.06 Drones=56.17 Sensors=6.79 Post=14.82
perf t=637s fps=102.6 frame=10ms | physics=3.1/6 sim=3.0/2 hudDraw=2.1/3 shipViews=0.7/1 ballistics=0.2/0 fxSync=0.1/0 ordnance=0.0/0 contacts=0.0/0 audioObserve=0.0/0 fxObserve=0.0/0 shipCombat=0.0/0 audioListener=0.0/0 combat+am=0.0/0 | draws=601 objects=6897 prims=160418 nodes=3336 gpu=613MB
sim-profile t=636.800s ticks=236 us/tick | Tick=1321.48 AI=409.45 AICommand=1.33 AIThink=21.84 AIDrive=74.89 AIEngage=308.17 Gunnery=0.58 ShipStep=311.01 Collision=62.30 Projectiles=189.66 Missiles=38.25 PointDefense=235.85 Drones=52.90 Sensors=6.61 Post=13.62
perf t=641s fps=89.6 frame=11ms | physics=3.7/6 sim=3.6/2 hudDraw=2.7/6 shipViews=0.7/1 ballistics=0.4/12 contacts=0.0/0 fxSync=0.0/0 ordnance=0.0/0 audioObserve=0.0/0 fxObserve=0.0/0 shipCombat=0.0/0 audioListener=0.0/0 combat+am=0.0/0 | draws=723 objects=7059 prims=166910 nodes=3336 gpu=613MB
sim-profile t=640.800s ticks=240 us/tick | Tick=1352.31 AI=317.44 AICommand=0.68 AIThink=19.75 AIDrive=71.32 AIEngage=222.83 Gunnery=0.50 ShipStep=288.59 Collision=58.99 Projectiles=345.00 Missiles=37.06 PointDefense=232.71 Drones=51.27 Sensors=6.29 Post=13.24
perf t=645s fps=60.2 frame=17ms | physics=6.3/9 sim=6.1/2 hudDraw=3.6/7 ballistics=1.1/11 shipViews=0.7/1 fxSync=0.5/1 audioObserve=0.1/2 contacts=0.1/0 ordnance=0.1/0 fxObserve=0.0/0 shipCombat=0.0/0 audioListener=0.0/0 combat+am=0.0/0 | draws=755 objects=7015 prims=152094 nodes=3364 gpu=613MB
sim-profile t=644.867s ticks=244 us/tick | Tick=1519.46 AI=279.39 AICommand=0.75 AIThink=15.98 AIDrive=71.60 AIEngage=187.99 Gunnery=0.53 ShipStep=307.37 Collision=62.39 Projectiles=461.60 Missiles=66.60 PointDefense=257.16 Drones=62.27 Sensors=6.13 Post=14.73
perf t=649s fps=46.7 frame=21ms | physics=9.4/9 sim=9.1/3 hudDraw=3.7/4 ballistics=2.0/12 fxSync=1.1/1 shipViews=0.7/1 audioObserve=0.1/0 contacts=0.1/0 fxObserve=0.1/0 ordnance=0.1/0 shipCombat=0.0/0 audioListener=0.0/0 combat+am=0.0/0 | draws=767 objects=7013 prims=159041 nodes=3376 gpu=613MB
sim-profile t=648.867s ticks=240 us/tick | Tick=1778.81 AI=324.46 AICommand=0.89 AIThink=19.94 AIDrive=69.40 AIEngage=231.16 Gunnery=0.52 ShipStep=296.24 Collision=60.36 Projectiles=604.43 Missiles=89.07 PointDefense=315.84 Drones=65.88 Sensors=6.10 Post=14.66
perf t=653s fps=45.3 frame=22ms | physics=10.3/9 sim=10.0/2 hudDraw=3.6/4 ballistics=1.7/18 fxSync=1.2/2 shipViews=0.7/1 audioObserve=0.1/0 contacts=0.1/0 ordnance=0.1/0 fxObserve=0.1/0 shipCombat=0.0/0 audioListener=0.0/0 combat+am=0.0/0 | draws=794 objects=7061 prims=176039 nodes=3374 gpu=613MB
sim-profile t=653.000s ticks=248 us/tick | Tick=1895.03 AI=319.28 AICommand=0.74 AIThink=23.20 AIDrive=68.93 AIEngage=223.48 Gunnery=0.51 ShipStep=294.50 Collision=58.96 Projectiles=686.52 Missiles=90.57 PointDefense=355.89 Drones=64.85 Sensors=6.13 Post=16.52
perf t=657s fps=44.4 frame=23ms | physics=9.8/8 sim=9.5/2 hudDraw=3.6/5 ballistics=3.0/11 fxSync=1.0/1 shipViews=0.7/1 audioObserve=0.1/0 contacts=0.1/0 ordnance=0.1/0 fxObserve=0.1/0 shipCombat=0.0/0 audioListener=0.0/0 combat+am=0.0/0 | draws=798 objects=7068 prims=158711 nodes=3370 gpu=613MB
sim-profile t=657.133s ticks=248 us/tick | Tick=1718.75 AI=269.43 AICommand=0.67 AIThink=19.30 AIDrive=66.40 AIEngage=180.11 Gunnery=0.50 ShipStep=282.34 Collision=57.40 Projectiles=655.55 Missiles=75.75 PointDefense=295.39 Drones=60.78 Sensors=5.66 Post=14.74
perf t=661s fps=55.2 frame=18ms | physics=7.2/8 sim=7.0/2 hudDraw=3.7/4 ballistics=1.2/12 fxSync=1.0/1 shipViews=0.7/1 audioObserve=0.1/0 contacts=0.1/1 ordnance=0.1/0 fxObserve=0.0/0 shipCombat=0.0/0 audioListener=0.0/0 combat+am=0.0/0 | draws=736 objects=7073 prims=156304 nodes=3372 gpu=613MB
sim-profile t=661.133s ticks=240 us/tick | Tick=1626.01 AI=282.53 AICommand=0.80 AIThink=21.78 AIDrive=64.02 AIEngage=192.86 Gunnery=0.53 ShipStep=273.11 Collision=59.84 Projectiles=617.00 Missiles=74.92 PointDefense=233.13 Drones=62.19 Sensors=6.21 Post=15.26
perf t=665s fps=50.5 frame=20ms | physics=8.0/9 sim=7.8/4 hudDraw=3.6/4 ballistics=2.1/11 fxSync=1.0/1 shipViews=0.7/1 audioObserve=0.1/0 contacts=0.1/0 fxObserve=0.1/0 ordnance=0.0/0 shipCombat=0.0/0 audioListener=0.0/0 combat+am=0.0/0 | draws=702 objects=7088 prims=156408 nodes=3371 gpu=613MB
sim-profile t=665.200s ticks=244 us/tick | Tick=1626.11 AI=290.54 AICommand=0.71 AIThink=20.05 AIDrive=63.35 AIEngage=203.44 Gunnery=0.52 ShipStep=265.14 Collision=56.61 Projectiles=620.95 Missiles=75.41 PointDefense=233.49 Drones=61.10 Sensors=6.01 Post=15.09
perf t=669s fps=51.9 frame=19ms | physics=7.8/8 sim=7.6/2 hudDraw=3.5/5 ballistics=1.8/12 fxSync=1.0/1 shipViews=0.7/1 audioObserve=0.1/0 contacts=0.1/0 fxObserve=0.1/0 ordnance=0.1/0 shipCombat=0.0/0 audioListener=0.0/0 combat+am=0.0/0 | draws=764 objects=7228 prims=180500 nodes=3381 gpu=613MB
sim-profile t=669.200s ticks=240 us/tick | Tick=1642.35 AI=288.85 AICommand=0.74 AIThink=17.85 AIDrive=60.64 AIEngage=206.53 Gunnery=0.51 ShipStep=267.51 Collision=56.71 Projectiles=586.39 Missiles=73.52 PointDefense=286.02 Drones=60.95 Sensors=6.02 Post=14.64
perf t=673s fps=49.3 frame=20ms | physics=7.9/8 sim=7.6/2 hudDraw=3.7/4 ballistics=2.1/16 fxSync=1.4/2 shipViews=0.7/1 audioObserve=0.1/0 contacts=0.1/0 ordnance=0.1/0 fxObserve=0.1/0 shipCombat=0.0/0 audioListener=0.0/0 combat+am=0.0/0 | draws=741 objects=7226 prims=182576 nodes=3373 gpu=613MB
sim-profile t=673.267s ticks=244 us/tick | Tick=1557.65 AI=272.09 AICommand=0.91 AIThink=20.16 AIDrive=57.53 AIEngage=190.55 Gunnery=0.49 ShipStep=262.09 Collision=54.08 Projectiles=466.51 Missiles=92.46 PointDefense=320.04 Drones=66.20 Sensors=8.09 Post=14.40
perf t=677s fps=54.6 frame=18ms | physics=6.9/7 sim=6.7/2 hudDraw=3.7/4 ballistics=1.5/12 fxSync=1.1/2 shipViews=0.7/1 audioObserve=0.1/0 contacts=0.1/0 ordnance=0.1/0 fxObserve=0.1/0 shipCombat=0.0/0 audioListener=0.0/0 combat+am=0.0/0 | draws=714 objects=7199 prims=162514 nodes=3358 gpu=613MB
sim-profile t=677.333s ticks=244 us/tick | Tick=1499.44 AI=280.01 AICommand=0.75 AIThink=21.97 AIDrive=60.36 AIEngage=193.94 Gunnery=0.52 ShipStep=267.31 Collision=56.02 Projectiles=382.76 Missiles=74.68 PointDefense=357.85 Drones=58.26 Sensors=6.07 Post=14.68
perf t=681s fps=57.5 frame=17ms | physics=6.2/8 sim=6.0/3 hudDraw=3.6/5 ballistics=1.8/12 shipViews=0.7/1 fxSync=0.6/1 audioObserve=0.1/0 contacts=0.1/0 ordnance=0.1/0 fxObserve=0.0/0 shipCombat=0.0/0 audioListener=0.0/0 combat+am=0.0/0 | draws=761 objects=7288 prims=209748 nodes=3353 gpu=613MB
sim-profile t=681.400s ticks=244 us/tick | Tick=1418.57 AI=285.88 AICommand=0.80 AIThink=21.96 AIDrive=64.82 AIEngage=194.98 Gunnery=0.51 ShipStep=269.32 Collision=55.45 Projectiles=385.98 Missiles=49.87 PointDefense=297.45 Drones=50.51 Sensors=5.93 Post=16.41
autoplay outcome: sim=683.53s FPS min=3.15 mean=89.96 engine=60.0
autoplay summary: Blue:0.000/0.000/134.250/130.250/196.804/551.117/559.042/465.725/656.660/-/681.000;M=138/94;R=411/318;AM=2/0|Red:0.000/0.000/134.250/132.000/204.583/545.083/553.035/405.767/592.344/-/681.000;M=120/97;R=58/29;AM=0/0|Approach:120.000,Missile:420.000,Gunnery:0.000,Sniping:60.000,Brawl:83.500|collisions=0|events=66|winner=Blue;time=683.500
perf t=684s fps=67.7 frame=15ms | hudDraw=4.2/7 physics=3.4/8 sim=3.3/3 ballistics=0.9/11 shipViews=0.8/1 fxSync=0.6/1 ordnance=0.1/0 audioObserve=0.0/0 contacts=0.0/0 shipCombat=0.0/0 fxObserve=0.0/0 audioListener=0.0/0 combat+am=0.0/0 | draws=987 objects=7550 prims=211652 nodes=3356 gpu=613MB
sim-profile t=684.000s ticks=156 us/tick | Tick=1441.60 AI=259.33 AICommand=0.76 AIThink=20.96 AIDrive=62.77 AIEngage=171.34 Gunnery=0.55 ShipStep=273.01 Collision=57.03 Projectiles=365.50 Missiles=88.62 PointDefense=316.31 Drones=52.01 Sensors=6.39 Post=21.50
perf t=685s fps=85.8 frame=12ms | hudDraw=4.1/6 physics=1.1/3 sim=1.1/3 shipViews=0.7/1 fxSync=0.7/1 ballistics=0.5/6 ordnance=0.1/0 shipCombat=0.0/0 contacts=0.0/0 fxObserve=0.0/0 audioListener=0.0/0 combat+am=0.0/0 audioObserve=0.0/0 | draws=1025 objects=7921 prims=213138 nodes=3356 gpu=613MB
sim-profile t=685.000s ticks=60 us/tick | Tick=1590.83 AI=345.10 AICommand=1.55 AIThink=29.59 AIDrive=79.49 AIEngage=229.74 Gunnery=0.68 ShipStep=299.09 Collision=58.48 Projectiles=374.94 Missiles=141.59 PointDefense=283.76 Drones=56.53 Sensors=5.95 Post=23.29
autoplay after outcome: sim=685.58s projectiles=20 missiles=12 impacts=19 ordnanceEvents=0 battleEvents=68 intervals=23
