Godot Engine v4.7.2.stable.mono.official.ed1daf0bf - https://godotengine.org

autoplay start: sim=8.07s FPS min=27.01 mean=162.79 engine=48.0
perf t=11s fps=168.7 frame=6ms | physics=3.1/7 sim=2.9/3 hudDraw=1.1/3 shipViews=0.7/4 contacts=0.1/0 audioObserve=0.1/0 ordnance=0.0/4 ballistics=0.0/3 shipCombat=0.0/1 fxSync=0.0/1 fxObserve=0.0/0 audioListener=0.0/0 combat+am=0.0/0 | draws=0 objects=0 prims=0 nodes=2922 gpu=0MB
sim-profile t=11.333s ticks=676 us/tick | Tick=724.03 AI=89.86 AICommand=1.34 AIThink=9.96 AIDrive=66.27 AIEngage=9.56 Gunnery=0.45 ShipStep=265.62 Collision=58.11 Projectiles=0.44 Missiles=14.57 PointDefense=218.59 Drones=54.22 Sensors=7.02 Post=13.93
perf t=24s fps=184.0 frame=5ms | physics=2.9/5 sim=2.8/2 hudDraw=1.0/2 shipViews=0.7/1 contacts=0.1/2 audioObserve=0.1/0 fxObserve=0.0/0 shipCombat=0.0/0 fxSync=0.0/0 ballistics=0.0/0 ordnance=0.0/0 audioListener=0.0/0 combat+am=0.0/0 | draws=0 objects=0 prims=0 nodes=2922 gpu=0MB
sim-profile t=23.667s ticks=740 us/tick | Tick=696.90 AI=78.30 AICommand=1.09 AIThink=10.50 AIDrive=55.78 AIEngage=8.24 Gunnery=0.47 ShipStep=259.26 Collision=58.57 Projectiles=0.45 Missiles=6.17 PointDefense=220.51 Drones=54.90 Sensors=6.94 Post=10.16
perf t=37s fps=192.4 frame=5ms | physics=2.9/4 sim=2.7/2 hudDraw=1.0/2 shipViews=0.6/1 contacts=0.1/0 audioObserve=0.0/0 fxObserve=0.0/0 shipCombat=0.0/0 fxSync=0.0/0 ballistics=0.0/0 ordnance=0.0/0 audioListener=0.0/0 combat+am=0.0/0 | draws=0 objects=0 prims=0 nodes=2922 gpu=0MB
sim-profile t=36.533s ticks=772 us/tick | Tick=683.33 AI=73.27 AICommand=1.04 AIThink=9.16 AIDrive=52.71 AIEngage=7.79 Gunnery=0.44 ShipStep=254.52 Collision=57.67 Projectiles=0.43 Missiles=6.08 PointDefense=219.27 Drones=53.46 Sensors=6.52 Post=10.53
perf t=50s fps=198.0 frame=5ms | physics=2.8/4 sim=2.7/1 hudDraw=1.0/2 shipViews=0.6/1 contacts=0.1/0 audioObserve=0.0/0 fxObserve=0.0/0 shipCombat=0.0/0 fxSync=0.0/0 ballistics=0.0/0 ordnance=0.0/0 audioListener=0.0/0 combat+am=0.0/0 | draws=0 objects=0 prims=0 nodes=2922 gpu=0MB
sim-profile t=49.733s ticks=792 us/tick | Tick=665.13 AI=70.33 AICommand=0.63 AIThink=9.06 AIDrive=50.90 AIEngage=7.15 Gunnery=0.46 ShipStep=248.36 Collision=57.87 Projectiles=0.42 Missiles=5.69 PointDefense=213.20 Drones=52.05 Sensors=6.09 Post=9.52
perf t=63s fps=201.5 frame=5ms | physics=2.8/8 sim=2.6/3 hudDraw=0.9/2 shipViews=0.6/1 contacts=0.1/0 audioObserve=0.0/0 fxObserve=0.0/0 shipCombat=0.0/0 fxSync=0.0/0 ballistics=0.0/0 ordnance=0.0/0 audioListener=0.0/0 combat+am=0.0/0 | draws=0 objects=0 prims=0 nodes=2922 gpu=0MB
sim-profile t=63.267s ticks=812 us/tick | Tick=660.77 AI=70.97 AICommand=0.75 AIThink=9.08 AIDrive=51.53 AIEngage=7.15 Gunnery=0.41 ShipStep=245.39 Collision=56.40 Projectiles=0.43 Missiles=5.75 PointDefense=212.52 Drones=52.13 Sensors=6.25 Post=9.36
perf t=76s fps=196.0 frame=5ms | physics=2.8/5 sim=2.7/1 hudDraw=0.9/2 shipViews=0.6/2 contacts=0.1/0 audioObserve=0.0/0 fxObserve=0.0/0 shipCombat=0.0/0 fxSync=0.0/0 ballistics=0.0/0 ordnance=0.0/0 audioListener=0.0/0 combat+am=0.0/0 | draws=0 objects=0 prims=0 nodes=2922 gpu=0MB
sim-profile t=76.400s ticks=788 us/tick | Tick=676.31 AI=71.51 AICommand=0.57 AIThink=9.13 AIDrive=52.00 AIEngage=7.30 Gunnery=0.45 ShipStep=251.64 Collision=59.05 Projectiles=0.45 Missiles=5.84 PointDefense=217.49 Drones=53.00 Sensors=6.42 Post=9.34
perf t=90s fps=201.2 frame=5ms | physics=2.8/4 sim=2.6/1 hudDraw=0.9/2 shipViews=0.6/1 contacts=0.1/0 audioObserve=0.0/0 fxObserve=0.0/0 shipCombat=0.0/0 fxSync=0.0/0 ballistics=0.0/0 ordnance=0.0/0 audioListener=0.0/0 combat+am=0.0/0 | draws=0 objects=0 prims=0 nodes=2922 gpu=0MB
sim-profile t=89.867s ticks=808 us/tick | Tick=660.94 AI=69.50 AICommand=0.49 AIThink=8.83 AIDrive=50.91 AIEngage=6.93 Gunnery=0.41 ShipStep=244.81 Collision=62.85 Projectiles=0.45 Missiles=5.64 PointDefense=208.75 Drones=52.31 Sensors=6.20 Post=8.93
perf t=102s fps=180.8 frame=6ms | physics=3.0/5 sim=2.8/1 hudDraw=1.1/3 shipViews=0.7/2 contacts=0.1/0 audioObserve=0.0/0 fxObserve=0.0/0 shipCombat=0.0/0 fxSync=0.0/0 ballistics=0.0/0 ordnance=0.0/0 audioListener=0.0/0 combat+am=0.0/0 | draws=0 objects=0 prims=0 nodes=2922 gpu=0MB
sim-profile t=101.933s ticks=724 us/tick | Tick=705.84 AI=76.33 AICommand=0.59 AIThink=9.48 AIDrive=55.56 AIEngage=7.90 Gunnery=0.46 ShipStep=264.97 Collision=61.31 Projectiles=0.46 Missiles=6.39 PointDefense=221.86 Drones=55.94 Sensors=6.58 Post=10.32
perf t=114s fps=182.4 frame=5ms | physics=3.0/5 sim=2.8/2 hudDraw=1.0/3 shipViews=0.7/1 contacts=0.1/0 audioObserve=0.0/1 fxObserve=0.0/0 shipCombat=0.0/0 fxSync=0.0/0 ballistics=0.0/0 ordnance=0.0/0 audioListener=0.0/0 combat+am=0.0/0 | draws=0 objects=0 prims=0 nodes=2922 gpu=0MB
sim-profile t=114.133s ticks=732 us/tick | Tick=711.00 AI=75.39 AICommand=0.70 AIThink=9.50 AIDrive=54.92 AIEngage=7.67 Gunnery=0.45 ShipStep=263.95 Collision=66.39 Projectiles=0.45 Missiles=6.26 PointDefense=224.55 Drones=55.48 Sensors=6.62 Post=10.28
perf t=125s fps=164.0 frame=6ms | physics=3.3/7 sim=3.1/3 hudDraw=1.2/12 shipViews=0.7/2 contacts=0.1/0 audioObserve=0.1/0 fxObserve=0.0/0 shipCombat=0.0/0 fxSync=0.0/0 ballistics=0.0/0 ordnance=0.0/0 audioListener=0.0/0 combat+am=0.0/0 | draws=0 objects=0 prims=0 nodes=2922 gpu=0MB
sim-profile t=125.067s ticks=656 us/tick | Tick=775.22 AI=86.40 AICommand=0.86 AIThink=10.57 AIDrive=59.83 AIEngage=12.19 Gunnery=0.51 ShipStep=287.00 Collision=66.33 Projectiles=0.52 Missiles=6.92 PointDefense=245.94 Drones=60.76 Sensors=7.28 Post=12.23
perf t=137s fps=172.5 frame=6ms | physics=3.0/10 sim=2.9/6 hudDraw=1.0/2 shipViews=0.7/1 fxSync=0.3/25 contacts=0.1/0 audioObserve=0.0/0 ordnance=0.0/3 fxObserve=0.0/1 shipCombat=0.0/0 ballistics=0.0/0 audioListener=0.0/0 combat+am=0.0/0 | draws=0 objects=0 prims=0 nodes=2930 gpu=0MB
sim-profile t=136.600s ticks=692 us/tick | Tick=714.91 AI=81.63 AICommand=0.55 AIThink=9.62 AIDrive=53.41 AIEngage=15.52 Gunnery=0.45 ShipStep=257.26 Collision=59.09 Projectiles=0.44 Missiles=19.21 PointDefense=221.77 Drones=57.07 Sensors=6.56 Post=10.26
perf t=148s fps=168.7 frame=6ms | physics=3.1/9 sim=2.9/1 hudDraw=1.0/2 shipViews=0.7/1 fxSync=0.4/1 contacts=0.1/6 audioObserve=0.0/0 fxObserve=0.0/0 ordnance=0.0/0 shipCombat=0.0/0 ballistics=0.0/0 audioListener=0.0/0 combat+am=0.0/0 | draws=0 objects=0 prims=0 nodes=2934 gpu=0MB
sim-profile t=147.867s ticks=676 us/tick | Tick=731.64 AI=77.42 AICommand=0.51 AIThink=9.40 AIDrive=53.70 AIEngage=11.26 Gunnery=0.46 ShipStep=258.58 Collision=58.75 Projectiles=0.43 Missiles=25.34 PointDefense=228.72 Drones=64.49 Sensors=6.37 Post=9.86
perf t=158s fps=155.2 frame=6ms | physics=3.2/6 sim=3.0/2 hudDraw=1.0/2 fxSync=0.7/1 shipViews=0.7/1 contacts=0.1/0 audioObserve=0.0/0 fxObserve=0.0/0 ordnance=0.0/0 shipCombat=0.0/0 ballistics=0.0/0 audioListener=0.0/0 combat+am=0.0/0 | draws=0 objects=0 prims=0 nodes=2934 gpu=0MB
sim-profile t=158.267s ticks=624 us/tick | Tick=758.10 AI=83.74 AICommand=1.78 AIThink=9.81 AIDrive=56.99 AIEngage=12.51 Gunnery=0.49 ShipStep=262.79 Collision=60.59 Projectiles=0.45 Missiles=27.81 PointDefense=236.02 Drones=67.76 Sensors=6.57 Post=10.63
perf t=167s fps=125.8 frame=8ms | physics=4.2/9 sim=4.0/2 hudDraw=1.1/2 fxSync=1.0/2 shipViews=0.7/1 audioObserve=0.1/3 contacts=0.1/0 ordnance=0.0/1 fxObserve=0.0/0 shipCombat=0.0/0 ballistics=0.0/0 audioListener=0.0/0 combat+am=0.0/0 | draws=0 objects=0 prims=0 nodes=2946 gpu=0MB
sim-profile t=166.667s ticks=504 us/tick | Tick=996.23 AI=155.12 AICommand=0.62 AIThink=10.55 AIDrive=64.69 AIEngage=76.35 Gunnery=0.54 ShipStep=317.34 Collision=64.64 Projectiles=0.51 Missiles=39.94 PointDefense=309.61 Drones=89.07 Sensors=6.52 Post=11.59
perf t=176s fps=135.9 frame=7ms | physics=3.5/5 sim=3.3/2 fxSync=1.3/3 hudDraw=1.0/2 shipViews=0.7/1 contacts=0.1/0 audioObserve=0.0/0 fxObserve=0.0/0 ordnance=0.0/1 shipCombat=0.0/0 ballistics=0.0/0 audioListener=0.0/0 combat+am=0.0/0 | draws=0 objects=0 prims=0 nodes=2960 gpu=0MB
sim-profile t=175.733s ticks=544 us/tick | Tick=827.55 AI=79.45 AICommand=0.48 AIThink=9.98 AIDrive=55.00 AIEngage=11.37 Gunnery=0.47 ShipStep=263.57 Collision=60.60 Projectiles=0.48 Missiles=48.67 PointDefense=270.30 Drones=85.77 Sensors=6.42 Post=10.62
perf t=185s fps=145.8 frame=7ms | physics=3.4/5 sim=3.2/2 hudDraw=1.0/3 fxSync=0.9/2 shipViews=0.7/1 contacts=0.1/0 audioObserve=0.0/0 fxObserve=0.0/0 ordnance=0.0/0 shipCombat=0.0/0 ballistics=0.0/0 audioListener=0.0/0 combat+am=0.0/0 | draws=0 objects=0 prims=0 nodes=2958 gpu=0MB
sim-profile t=185.467s ticks=584 us/tick | Tick=803.33 AI=79.02 AICommand=1.12 AIThink=9.72 AIDrive=55.05 AIEngage=10.56 Gunnery=0.49 ShipStep=260.04 Collision=60.08 Projectiles=0.45 Missiles=53.34 PointDefense=248.54 Drones=83.37 Sensors=6.31 Post=10.46
perf t=195s fps=135.7 frame=7ms | physics=3.5/5 sim=3.3/2 fxSync=1.2/2 hudDraw=1.1/2 shipViews=0.7/1 contacts=0.1/0 audioObserve=0.1/0 fxObserve=0.0/0 ordnance=0.0/0 shipCombat=0.0/0 ballistics=0.0/0 audioListener=0.0/0 combat+am=0.0/0 | draws=0 objects=0 prims=0 nodes=2958 gpu=0MB
sim-profile t=194.600s ticks=548 us/tick | Tick=833.47 AI=87.43 AICommand=0.66 AIThink=10.24 AIDrive=57.21 AIEngage=16.60 Gunnery=0.50 ShipStep=270.66 Collision=62.24 Projectiles=0.47 Missiles=55.12 PointDefense=252.76 Drones=85.55 Sensors=6.52 Post=10.98
perf t=202s fps=112.9 frame=9ms | physics=4.7/24 sim=4.4/9 fxSync=1.2/2 hudDraw=1.1/2 shipViews=0.7/1 audioObserve=0.2/5 ballistics=0.1/8 fxObserve=0.1/1 contacts=0.1/0 shipCombat=0.1/5 ordnance=0.0/0 audioListener=0.0/0 combat+am=0.0/0 | draws=0 objects=0 prims=0 nodes=2966 gpu=0MB
sim-profile t=202.133s ticks=452 us/tick | Tick=1101.97 AI=180.76 AICommand=0.64 AIThink=10.33 AIDrive=67.46 AIEngage=99.40 Gunnery=0.55 ShipStep=336.55 Collision=63.21 Projectiles=0.52 Missiles=77.16 PointDefense=319.02 Drones=103.85 Sensors=6.76 Post=12.23
perf t=212s fps=148.4 frame=7ms | physics=3.3/6 sim=3.2/2 hudDraw=1.0/1 fxSync=1.0/2 shipViews=0.6/1 contacts=0.1/0 audioObserve=0.1/0 fxObserve=0.0/1 ordnance=0.0/0 shipCombat=0.0/0 ballistics=0.0/0 audioListener=0.0/0 combat+am=0.0/0 | draws=0 objects=0 prims=0 nodes=2964 gpu=0MB
sim-profile t=212.067s ticks=596 us/tick | Tick=794.23 AI=78.05 AICommand=0.54 AIThink=9.49 AIDrive=52.59 AIEngage=12.99 Gunnery=0.53 ShipStep=252.78 Collision=57.19 Projectiles=0.45 Missiles=56.96 PointDefense=246.08 Drones=85.23 Sensors=6.02 Post=9.80
perf t=223s fps=158.5 frame=6ms | physics=3.2/4 sim=3.1/1 hudDraw=1.1/1 shipViews=0.6/1 fxSync=0.6/2 contacts=0.1/0 audioObserve=0.0/0 fxObserve=0.0/0 ordnance=0.0/0 shipCombat=0.0/0 ballistics=0.0/0 audioListener=0.0/0 combat+am=0.0/0 | draws=0 objects=0 prims=0 nodes=2964 gpu=0MB
sim-profile t=222.667s ticks=636 us/tick | Tick=770.64 AI=74.52 AICommand=0.77 AIThink=9.41 AIDrive=51.86 AIEngage=10.07 Gunnery=0.44 ShipStep=248.80 Collision=57.90 Projectiles=0.41 Missiles=48.68 PointDefense=237.61 Drones=85.44 Sensors=6.09 Post=9.56
perf t=232s fps=140.9 frame=7ms | physics=3.4/5 sim=3.3/1 hudDraw=1.1/2 fxSync=1.1/2 shipViews=0.6/1 contacts=0.1/0 audioObserve=0.0/0 fxObserve=0.0/0 ordnance=0.0/0 shipCombat=0.0/0 ballistics=0.0/0 audioListener=0.0/0 combat+am=0.0/0 | draws=0 objects=0 prims=0 nodes=2962 gpu=0MB
sim-profile t=232.067s ticks=564 us/tick | Tick=821.43 AI=96.65 AICommand=0.59 AIThink=9.18 AIDrive=54.47 AIEngage=29.90 Gunnery=0.45 ShipStep=259.28 Collision=59.65 Projectiles=0.45 Missiles=47.62 PointDefense=253.66 Drones=86.65 Sensors=6.02 Post=9.77
perf t=241s fps=133.7 frame=7ms | physics=3.9/6 sim=3.7/2 hudDraw=1.1/2 fxSync=0.8/1 shipViews=0.7/1 audioObserve=0.1/1 contacts=0.1/0 ordnance=0.0/0 fxObserve=0.0/0 shipCombat=0.0/0 ballistics=0.0/0 audioListener=0.0/0 combat+am=0.0/0 | draws=0 objects=0 prims=0 nodes=2966 gpu=0MB
sim-profile t=241.000s ticks=536 us/tick | Tick=935.45 AI=117.99 AICommand=0.51 AIThink=9.58 AIDrive=58.97 AIEngage=46.17 Gunnery=0.52 ShipStep=285.82 Collision=62.72 Projectiles=0.51 Missiles=50.98 PointDefense=299.11 Drones=97.51 Sensors=8.10 Post=10.95
perf t=250s fps=139.4 frame=7ms | physics=3.7/10 sim=3.6/4 hudDraw=1.3/3 shipViews=0.7/1 fxSync=0.5/3 contacts=0.1/2 audioObserve=0.1/0 ordnance=0.0/0 fxObserve=0.0/0 ballistics=0.0/0 shipCombat=0.0/0 audioListener=0.0/0 combat+am=0.0/0 | draws=0 objects=0 prims=0 nodes=2968 gpu=0MB
sim-profile t=250.333s ticks=560 us/tick | Tick=889.16 AI=86.56 AICommand=0.60 AIThink=10.54 AIDrive=60.42 AIEngage=12.15 Gunnery=0.51 ShipStep=282.28 Collision=68.10 Projectiles=0.50 Missiles=59.63 PointDefense=272.06 Drones=99.88 Sensors=6.81 Post=11.49
perf t=260s fps=149.5 frame=7ms | physics=3.3/7 sim=3.2/3 hudDraw=1.1/2 fxSync=0.8/1 shipViews=0.7/1 contacts=0.1/0 audioObserve=0.0/0 fxObserve=0.0/0 ordnance=0.0/0 shipCombat=0.0/0 ballistics=0.0/0 audioListener=0.0/0 combat+am=0.0/0 | draws=0 objects=0 prims=0 nodes=2968 gpu=0MB
sim-profile t=260.333s ticks=600 us/tick | Tick=794.99 AI=78.38 AICommand=0.52 AIThink=9.76 AIDrive=54.94 AIEngage=10.65 Gunnery=0.48 ShipStep=250.90 Collision=61.42 Projectiles=0.48 Missiles=49.47 PointDefense=245.23 Drones=90.78 Sensors=6.20 Post=10.42
perf t=269s fps=134.0 frame=7ms | physics=3.7/11 sim=3.6/5 fxSync=1.2/2 hudDraw=1.0/2 shipViews=0.7/1 contacts=0.1/0 audioObserve=0.1/1 fxObserve=0.0/0 ordnance=0.0/0 shipCombat=0.0/0 ballistics=0.0/0 audioListener=0.0/0 combat+am=0.0/0 | draws=0 objects=0 prims=0 nodes=2965 gpu=0MB
sim-profile t=269.267s ticks=536 us/tick | Tick=890.21 AI=113.13 AICommand=0.47 AIThink=9.44 AIDrive=57.14 AIEngage=43.47 Gunnery=0.50 ShipStep=276.26 Collision=61.29 Projectiles=0.44 Missiles=52.99 PointDefense=274.63 Drones=93.60 Sensors=6.02 Post=10.19
perf t=278s fps=133.5 frame=7ms | physics=3.9/11 sim=3.7/8 hudDraw=1.1/2 fxSync=0.8/1 shipViews=0.7/1 contacts=0.1/0 audioObserve=0.1/0 ordnance=0.0/0 fxObserve=0.0/0 shipCombat=0.0/0 ballistics=0.0/0 audioListener=0.0/0 combat+am=0.0/0 | draws=0 objects=0 prims=0 nodes=2972 gpu=0MB
sim-profile t=278.200s ticks=536 us/tick | Tick=933.86 AI=111.16 AICommand=14.29 AIThink=9.93 AIDrive=59.31 AIEngage=24.91 Gunnery=0.49 ShipStep=281.04 Collision=64.03 Projectiles=0.47 Missiles=55.20 PointDefense=301.74 Drones=100.73 Sensors=6.40 Post=11.24
perf t=288s fps=148.0 frame=7ms | physics=3.4/4 sim=3.3/1 hudDraw=1.1/2 fxSync=0.8/1 shipViews=0.7/1 contacts=0.1/0 audioObserve=0.0/0 ordnance=0.0/0 fxObserve=0.0/0 shipCombat=0.0/0 ballistics=0.0/0 audioListener=0.0/0 combat+am=0.0/0 | draws=0 objects=0 prims=0 nodes=2974 gpu=0MB
sim-profile t=288.067s ticks=592 us/tick | Tick=814.09 AI=78.12 AICommand=0.77 AIThink=9.73 AIDrive=54.55 AIEngage=10.47 Gunnery=0.50 ShipStep=255.07 Collision=61.52 Projectiles=0.44 Missiles=55.59 PointDefense=249.52 Drones=95.15 Sensors=6.39 Post=10.15
perf t=298s fps=143.7 frame=7ms | physics=3.4/4 sim=3.2/1 hudDraw=1.1/1 fxSync=1.0/2 shipViews=0.7/1 contacts=0.1/0 audioObserve=0.0/0 fxObserve=0.0/0 ordnance=0.0/0 shipCombat=0.0/0 ballistics=0.0/0 audioListener=0.0/0 combat+am=0.0/0 | draws=0 objects=0 prims=0 nodes=2974 gpu=0MB
sim-profile t=297.667s ticks=576 us/tick | Tick=809.13 AI=78.83 AICommand=0.59 AIThink=9.66 AIDrive=53.87 AIEngage=12.18 Gunnery=0.47 ShipStep=254.53 Collision=61.24 Projectiles=0.45 Missiles=52.96 PointDefense=247.64 Drones=94.76 Sensors=6.20 Post=10.87
perf t=306s fps=119.9 frame=8ms | physics=4.4/6 sim=4.2/2 fxSync=1.2/2 hudDraw=1.1/2 shipViews=0.7/1 contacts=0.1/0 audioObserve=0.1/0 ordnance=0.0/0 fxObserve=0.0/0 shipCombat=0.0/0 ballistics=0.0/0 audioListener=0.0/0 combat+am=0.0/0 | draws=0 objects=0 prims=0 nodes=2976 gpu=0MB
sim-profile t=305.667s ticks=480 us/tick | Tick=1052.92 AI=166.55 AICommand=1.06 AIThink=10.35 AIDrive=64.82 AIEngage=87.54 Gunnery=0.53 ShipStep=318.67 Collision=64.91 Projectiles=0.49 Missiles=61.89 PointDefense=309.83 Drones=110.95 Sensors=6.45 Post=11.36
perf t=315s fps=142.4 frame=7ms | physics=3.7/11 sim=3.5/5 hudDraw=1.0/1 shipViews=0.7/1 fxSync=0.6/1 ballistics=0.2/23 audioObserve=0.1/1 contacts=0.1/0 ordnance=0.0/0 fxObserve=0.0/1 shipCombat=0.0/0 audioListener=0.0/0 combat+am=0.0/0 | draws=0 objects=0 prims=0 nodes=2988 gpu=0MB
sim-profile t=315.200s ticks=572 us/tick | Tick=879.55 AI=104.97 AICommand=0.69 AIThink=26.20 AIDrive=55.88 AIEngage=19.54 Gunnery=0.48 ShipStep=263.32 Collision=61.99 Projectiles=0.45 Missiles=63.51 PointDefense=264.71 Drones=101.06 Sensors=6.28 Post=11.47
perf t=324s fps=132.1 frame=8ms | physics=3.9/7 sim=3.8/2 hudDraw=1.2/4 shipViews=0.8/2 fxSync=0.7/1 contacts=0.1/0 audioObserve=0.1/0 fxObserve=0.0/0 ordnance=0.0/0 ballistics=0.0/0 shipCombat=0.0/0 audioListener=0.0/0 combat+am=0.0/0 | draws=0 objects=0 prims=0 nodes=2984 gpu=0MB
sim-profile t=324.067s ticks=532 us/tick | Tick=938.91 AI=88.76 AICommand=0.89 AIThink=11.02 AIDrive=61.63 AIEngage=12.28 Gunnery=0.54 ShipStep=287.47 Collision=70.86 Projectiles=0.54 Missiles=72.08 PointDefense=284.14 Drones=113.65 Sensors=7.09 Post=12.37
perf t=332s fps=120.0 frame=8ms | physics=3.7/7 sim=3.5/4 fxSync=1.8/3 hudDraw=1.2/2 shipViews=0.7/1 contacts=0.1/0 fxObserve=0.1/0 audioObserve=0.1/0 ordnance=0.0/0 ballistics=0.0/0 shipCombat=0.0/0 audioListener=0.0/0 combat+am=0.0/0 | draws=0 objects=0 prims=0 nodes=2984 gpu=0MB
sim-profile t=332.133s ticks=484 us/tick | Tick=875.51 AI=86.54 AICommand=0.71 AIThink=10.38 AIDrive=57.81 AIEngage=14.82 Gunnery=0.51 ShipStep=271.78 Collision=67.81 Projectiles=0.48 Missiles=62.50 PointDefense=264.34 Drones=101.66 Sensors=6.90 Post=11.66
perf t=339s fps=102.5 frame=10ms | physics=4.9/6 sim=4.7/2 fxSync=2.2/3 hudDraw=1.1/2 shipViews=0.7/1 contacts=0.1/0 fxObserve=0.1/0 audioObserve=0.1/0 ordnance=0.0/0 shipCombat=0.0/0 ballistics=0.0/0 audioListener=0.0/0 combat+am=0.0/0 | draws=0 objects=0 prims=0 nodes=2978 gpu=0MB
sim-profile t=339.000s ticks=412 us/tick | Tick=1176.83 AI=208.54 AICommand=0.63 AIThink=11.25 AIDrive=64.93 AIEngage=128.95 Gunnery=0.51 ShipStep=327.49 Collision=66.61 Projectiles=0.50 Missiles=68.68 PointDefense=363.04 Drones=122.77 Sensors=6.42 Post=10.93
perf t=347s fps=124.3 frame=8ms | physics=4.1/5 sim=3.9/2 fxSync=1.3/2 hudDraw=1.1/2 shipViews=0.7/1 audioObserve=0.1/0 contacts=0.1/0 ordnance=0.1/0 fxObserve=0.0/0 shipCombat=0.0/0 ballistics=0.0/0 audioListener=0.0/0 combat+am=0.0/0 | draws=0 objects=0 prims=0 nodes=3034 gpu=0MB
sim-profile t=347.333s ticks=500 us/tick | Tick=984.14 AI=105.79 AICommand=0.57 AIThink=21.13 AIDrive=55.10 AIEngage=26.31 Gunnery=0.53 ShipStep=263.32 Collision=65.59 Projectiles=0.48 Missiles=92.79 PointDefense=313.16 Drones=123.99 Sensors=6.21 Post=10.99
perf t=355s fps=116.5 frame=9ms | physics=4.3/9 sim=4.1/4 fxSync=1.5/2 hudDraw=1.1/2 shipViews=0.7/2 ordnance=0.1/0 contacts=0.1/0 fxObserve=0.1/0 audioObserve=0.1/0 shipCombat=0.0/0 ballistics=0.0/0 audioListener=0.0/0 combat+am=0.0/0 | draws=0 objects=0 prims=0 nodes=3038 gpu=0MB
sim-profile t=355.133s ticks=468 us/tick | Tick=1033.59 AI=86.61 AICommand=0.65 AIThink=13.35 AIDrive=57.03 AIEngage=12.77 Gunnery=0.49 ShipStep=260.95 Collision=65.68 Projectiles=0.46 Missiles=135.49 PointDefense=307.78 Drones=157.41 Sensors=6.38 Post=11.08
perf t=361s fps=92.7 frame=11ms | physics=4.3/5 sim=4.0/2 fxSync=3.8/5 hudDraw=1.1/2 shipViews=0.7/1 fxObserve=0.1/0 ordnance=0.1/0 contacts=0.1/0 audioObserve=0.0/0 ballistics=0.0/0 shipCombat=0.0/0 audioListener=0.0/0 combat+am=0.0/0 | draws=0 objects=0 prims=0 nodes=3038 gpu=0MB
sim-profile t=361.333s ticks=372 us/tick | Tick=1007.84 AI=80.77 AICommand=0.60 AIThink=9.99 AIDrive=55.09 AIEngage=12.43 Gunnery=0.48 ShipStep=257.53 Collision=63.90 Projectiles=0.46 Missiles=131.47 PointDefense=300.23 Drones=154.10 Sensors=6.68 Post=10.92
perf t=366s fps=74.8 frame=13ms | fxSync=5.6/7 physics=4.9/7 sim=4.7/2 hudDraw=1.2/1 shipViews=0.7/1 fxObserve=0.1/0 ordnance=0.1/0 contacts=0.1/0 audioObserve=0.1/0 ballistics=0.0/0 shipCombat=0.0/0 audioListener=0.0/0 combat+am=0.0/0 | draws=0 objects=0 prims=0 nodes=3038 gpu=0MB
sim-profile t=366.400s ticks=304 us/tick | Tick=1164.14 AI=135.04 AICommand=0.78 AIThink=10.08 AIDrive=60.62 AIEngage=60.83 Gunnery=0.51 ShipStep=296.05 Collision=64.87 Projectiles=0.48 Missiles=138.48 PointDefense=350.49 Drones=158.99 Sensors=6.51 Post=11.40
perf t=371s fps=66.3 frame=15ms | physics=6.7/11 sim=6.4/3 fxSync=5.3/9 hudDraw=1.3/2 shipViews=0.7/1 fxObserve=0.1/0 audioObserve=0.1/1 ordnance=0.1/0 contacts=0.1/0 shipCombat=0.0/0 ballistics=0.0/0 audioListener=0.0/0 combat+am=0.0/0 | draws=0 objects=0 prims=0 nodes=3015 gpu=0MB
sim-profile t=370.867s ticks=268 us/tick | Tick=1594.33 AI=298.95 AICommand=0.77 AIThink=24.48 AIDrive=76.40 AIEngage=194.09 Gunnery=0.59 ShipStep=375.38 Collision=68.37 Projectiles=0.58 Missiles=125.53 PointDefense=508.38 Drones=194.37 Sensors=6.85 Post=13.93
perf t=376s fps=76.6 frame=13ms | physics=6.1/11 sim=5.8/3 fxSync=2.9/6 hudDraw=1.4/3 shipViews=0.9/3 ballistics=0.6/7 audioObserve=0.1/0 contacts=0.1/1 fxObserve=0.1/0 ordnance=0.1/0 shipCombat=0.0/0 audioListener=0.0/0 combat+am=0.0/0 | draws=0 objects=0 prims=0 nodes=3009 gpu=0MB
sim-profile t=376.000s ticks=308 us/tick | Tick=1460.07 AI=268.86 AICommand=0.81 AIThink=26.84 AIDrive=80.62 AIEngage=155.53 Gunnery=0.64 ShipStep=375.23 Collision=76.66 Projectiles=0.62 Missiles=87.02 PointDefense=464.43 Drones=160.99 Sensors=8.13 Post=15.90
perf t=383s fps=105.1 frame=10ms | physics=4.7/8 sim=4.5/2 fxSync=1.6/3 hudDraw=1.3/2 shipViews=0.8/1 audioObserve=0.1/0 fxObserve=0.1/1 contacts=0.1/0 ballistics=0.1/4 ordnance=0.1/0 shipCombat=0.0/0 audioListener=0.0/0 combat+am=0.0/0 | draws=0 objects=0 prims=0 nodes=3060 gpu=0MB
sim-profile t=383.067s ticks=424 us/tick | Tick=1121.47 AI=120.37 AICommand=0.87 AIThink=30.53 AIDrive=62.30 AIEngage=23.49 Gunnery=0.56 ShipStep=292.87 Collision=69.40 Projectiles=0.54 Missiles=117.62 PointDefense=347.64 Drones=150.31 Sensors=6.99 Post=13.77
perf t=389s fps=94.0 frame=11ms | physics=4.9/7 sim=4.7/2 fxSync=2.4/5 hudDraw=1.4/3 shipViews=0.8/1 fxObserve=0.1/0 ordnance=0.1/0 contacts=0.1/0 audioObserve=0.1/0 ballistics=0.0/0 shipCombat=0.0/0 audioListener=0.0/0 combat+am=0.0/0 | draws=0 objects=0 prims=0 nodes=3060 gpu=0MB
sim-profile t=389.333s ticks=376 us/tick | Tick=1171.72 AI=97.00 AICommand=0.73 AIThink=13.64 AIDrive=64.31 AIEngage=15.17 Gunnery=0.57 ShipStep=298.09 Collision=70.85 Projectiles=0.58 Missiles=159.97 PointDefense=337.48 Drones=182.44 Sensors=7.11 Post=16.14
perf t=395s fps=80.2 frame=12ms | physics=4.8/7 sim=4.6/2 fxSync=4.3/6 hudDraw=1.4/2 shipViews=0.8/1 fxObserve=0.1/0 contacts=0.1/0 ordnance=0.1/0 audioObserve=0.1/0 shipCombat=0.0/0 ballistics=0.0/0 audioListener=0.0/0 combat+am=0.0/0 | draws=0 objects=0 prims=0 nodes=3060 gpu=0MB
sim-profile t=394.733s ticks=324 us/tick | Tick=1138.97 AI=92.78 AICommand=0.74 AIThink=11.65 AIDrive=62.46 AIEngage=14.87 Gunnery=0.55 ShipStep=289.79 Collision=68.87 Projectiles=0.57 Missiles=155.42 PointDefense=330.06 Drones=178.05 Sensors=7.62 Post=13.81
perf t=399s fps=67.8 frame=15ms | fxSync=6.5/10 physics=4.9/9 sim=4.6/2 hudDraw=1.4/2 shipViews=0.8/1 fxObserve=0.1/0 ordnance=0.1/0 contacts=0.1/0 audioObserve=0.1/0 ballistics=0.0/0 shipCombat=0.0/0 audioListener=0.0/0 combat+am=0.0/0 | draws=0 objects=0 prims=0 nodes=3060 gpu=0MB
sim-profile t=399.267s ticks=272 us/tick | Tick=1160.74 AI=101.37 AICommand=0.64 AIThink=11.59 AIDrive=63.96 AIEngage=22.13 Gunnery=0.61 ShipStep=293.23 Collision=68.18 Projectiles=0.56 Missiles=155.73 PointDefense=339.25 Drones=176.37 Sensors=7.45 Post=16.60
perf t=404s fps=63.5 frame=16ms | physics=6.3/8 fxSync=6.3/8 sim=6.0/2 hudDraw=1.3/4 shipViews=0.7/1 fxObserve=0.1/0 ballistics=0.1/3 ordnance=0.1/0 audioObserve=0.1/0 contacts=0.1/0 shipCombat=0.0/0 audioListener=0.0/0 combat+am=0.0/0 | draws=0 objects=0 prims=0 nodes=3068 gpu=0MB
sim-profile t=403.533s ticks=256 us/tick | Tick=1506.74 AI=234.65 AICommand=0.60 AIThink=16.86 AIDrive=68.56 AIEngage=145.82 Gunnery=0.53 ShipStep=345.03 Collision=62.93 Projectiles=0.49 Missiles=159.79 PointDefense=460.54 Drones=222.79 Sensors=6.53 Post=12.12
perf t=407s fps=57.3 frame=17ms | physics=7.6/10 sim=7.3/3 fxSync=6.1/10 hudDraw=1.4/2 shipViews=0.8/1 ballistics=0.4/7 fxObserve=0.1/0 ordnance=0.1/0 audioObserve=0.1/0 contacts=0.1/0 shipCombat=0.0/0 audioListener=0.0/0 combat+am=0.0/0 | draws=0 objects=0 prims=0 nodes=3069 gpu=0MB
sim-profile t=407.400s ticks=232 us/tick | Tick=1823.58 AI=288.36 AICommand=0.78 AIThink=32.73 AIDrive=79.33 AIEngage=172.12 Gunnery=0.62 ShipStep=382.78 Collision=69.19 Projectiles=0.62 Missiles=184.14 PointDefense=606.17 Drones=268.10 Sensors=6.77 Post=15.27
perf t=412s fps=72.9 frame=14ms | physics=5.5/9 sim=5.3/2 fxSync=5.0/8 hudDraw=1.3/2 shipViews=0.7/1 ballistics=0.1/4 fxObserve=0.1/0 ordnance=0.1/0 audioObserve=0.1/0 contacts=0.1/0 shipCombat=0.0/0 audioListener=0.0/0 combat+am=0.0/0 | draws=0 objects=0 prims=0 nodes=3089 gpu=0MB
sim-profile t=412.267s ticks=292 us/tick | Tick=1315.69 AI=228.42 AICommand=0.76 AIThink=29.71 AIDrive=68.92 AIEngage=126.10 Gunnery=0.54 ShipStep=329.14 Collision=62.92 Projectiles=0.50 Missiles=154.48 PointDefense=343.21 Drones=176.10 Sensors=6.69 Post=12.42
perf t=418s fps=79.3 frame=13ms | physics=5.3/6 sim=5.1/2 fxSync=4.3/6 hudDraw=1.2/2 shipViews=0.7/1 fxObserve=0.1/0 ordnance=0.1/0 ballistics=0.1/3 audioObserve=0.1/0 contacts=0.1/0 shipCombat=0.0/0 audioListener=0.0/0 combat+am=0.0/0 | draws=0 objects=0 prims=0 nodes=3113 gpu=0MB
sim-profile t=417.600s ticks=320 us/tick | Tick=1264.00 AI=166.14 AICommand=0.48 AIThink=20.79 AIDrive=65.66 AIEngage=76.48 Gunnery=0.52 ShipStep=300.51 Collision=61.17 Projectiles=0.47 Missiles=180.43 PointDefense=346.52 Drones=188.59 Sensors=6.59 Post=11.82
perf t=423s fps=77.3 frame=13ms | physics=5.3/7 sim=5.1/2 fxSync=4.8/7 hudDraw=1.2/2 shipViews=0.7/1 fxObserve=0.1/0 ordnance=0.1/0 contacts=0.1/0 audioObserve=0.1/0 shipCombat=0.0/0 ballistics=0.0/0 audioListener=0.0/0 combat+am=0.0/0 | draws=0 objects=0 prims=0 nodes=3109 gpu=0MB
sim-profile t=422.800s ticks=312 us/tick | Tick=1268.62 AI=153.76 AICommand=0.67 AIThink=12.85 AIDrive=63.68 AIEngage=73.84 Gunnery=0.52 ShipStep=296.66 Collision=61.06 Projectiles=0.48 Missiles=205.99 PointDefense=328.22 Drones=202.97 Sensors=6.51 Post=11.26
perf t=427s fps=65.9 frame=15ms | fxSync=6.2/7 physics=5.8/8 sim=5.6/2 hudDraw=1.3/2 shipViews=0.7/1 fxObserve=0.1/0 ordnance=0.1/0 contacts=0.1/0 audioObserve=0.1/0 ballistics=0.0/0 shipCombat=0.0/0 audioListener=0.0/0 combat+am=0.0/0 | draws=0 objects=0 prims=0 nodes=3137 gpu=0MB
sim-profile t=427.267s ticks=268 us/tick | Tick=1390.78 AI=159.52 AICommand=0.58 AIThink=10.59 AIDrive=65.03 AIEngage=80.49 Gunnery=0.55 ShipStep=312.34 Collision=63.19 Projectiles=0.50 Missiles=221.60 PointDefense=397.96 Drones=214.84 Sensors=6.49 Post=12.52
perf t=432s fps=63.6 frame=16ms | physics=6.4/8 fxSync=6.2/8 sim=6.1/2 hudDraw=1.2/1 shipViews=0.7/1 ballistics=0.2/3 fxObserve=0.1/0 ordnance=0.1/0 audioObserve=0.1/0 contacts=0.1/0 shipCombat=0.0/0 audioListener=0.0/0 combat+am=0.0/0 | draws=0 objects=0 prims=0 nodes=3125 gpu=0MB
sim-profile t=431.533s ticks=256 us/tick | Tick=1528.88 AI=170.94 AICommand=0.58 AIThink=22.75 AIDrive=65.16 AIEngage=79.65 Gunnery=0.50 ShipStep=301.70 Collision=62.87 Projectiles=0.50 Missiles=244.35 PointDefense=466.68 Drones=261.47 Sensors=6.36 Post=12.16
perf t=436s fps=60.6 frame=16ms | physics=6.9/9 sim=6.6/3 fxSync=6.1/7 hudDraw=1.2/1 shipViews=0.7/1 ballistics=0.5/7 fxObserve=0.2/0 ordnance=0.1/0 audioObserve=0.1/0 contacts=0.1/0 shipCombat=0.0/1 audioListener=0.0/0 combat+am=0.0/0 | draws=0 objects=0 prims=0 nodes=3109 gpu=0MB
sim-profile t=435.600s ticks=244 us/tick | Tick=1651.83 AI=226.99 AICommand=0.70 AIThink=26.63 AIDrive=68.44 AIEngage=128.37 Gunnery=0.53 ShipStep=334.24 Collision=62.96 Projectiles=0.55 Missiles=241.12 PointDefense=494.25 Drones=271.64 Sensors=5.94 Post=12.33
perf t=440s fps=64.5 frame=16ms | physics=6.2/8 fxSync=6.0/9 sim=5.9/2 hudDraw=1.2/2 shipViews=0.7/1 ballistics=0.4/6 fxObserve=0.1/0 ordnance=0.1/0 audioObserve=0.1/0 contacts=0.1/0 shipCombat=0.0/0 audioListener=0.0/0 combat+am=0.0/0 | draws=0 objects=0 prims=0 nodes=3116 gpu=0MB
sim-profile t=439.933s ticks=260 us/tick | Tick=1473.91 AI=175.49 AICommand=0.67 AIThink=25.68 AIDrive=63.75 AIEngage=82.50 Gunnery=0.52 ShipStep=304.49 Collision=61.93 Projectiles=0.49 Missiles=223.50 PointDefense=441.98 Drones=246.36 Sensors=5.98 Post=11.93
perf t=445s fps=71.3 frame=14ms | physics=5.8/7 sim=5.5/2 fxSync=5.2/6 hudDraw=1.2/2 shipViews=0.7/1 ballistics=0.2/3 fxObserve=0.1/0 ordnance=0.1/0 audioObserve=0.1/0 contacts=0.1/0 shipCombat=0.0/0 audioListener=0.0/0 combat+am=0.0/0 | draws=0 objects=0 prims=0 nodes=3132 gpu=0MB
sim-profile t=444.733s ticks=288 us/tick | Tick=1383.62 AI=170.25 AICommand=0.73 AIThink=25.24 AIDrive=64.75 AIEngage=76.62 Gunnery=0.52 ShipStep=297.08 Collision=62.00 Projectiles=0.49 Missiles=212.76 PointDefense=390.73 Drones=228.68 Sensors=6.20 Post=13.66
perf t=449s fps=70.9 frame=14ms | fxSync=5.6/6 physics=5.6/7 sim=5.3/2 hudDraw=1.2/2 shipViews=0.7/1 fxObserve=0.1/0 ordnance=0.1/0 ballistics=0.1/3 audioObserve=0.1/0 contacts=0.1/0 shipCombat=0.0/0 audioListener=0.0/0 combat+am=0.0/0 | draws=0 objects=0 prims=0 nodes=3128 gpu=0MB
sim-profile t=449.467s ticks=284 us/tick | Tick=1324.18 AI=167.36 AICommand=0.52 AIThink=21.41 AIDrive=64.35 AIEngage=78.40 Gunnery=0.51 ShipStep=297.69 Collision=61.08 Projectiles=0.48 Missiles=206.44 PointDefense=354.28 Drones=216.67 Sensors=6.30 Post=12.00
perf t=454s fps=63.4 frame=16ms | physics=6.3/13 fxSync=6.3/11 sim=6.0/5 hudDraw=1.3/2 shipViews=0.7/1 ballistics=0.2/3 fxObserve=0.2/0 ordnance=0.1/0 audioObserve=0.1/0 contacts=0.1/0 shipCombat=0.0/0 audioListener=0.0/0 combat+am=0.0/0 | draws=0 objects=0 prims=0 nodes=3136 gpu=0MB
sim-profile t=453.733s ticks=256 us/tick | Tick=1494.58 AI=168.51 AICommand=0.62 AIThink=16.68 AIDrive=66.24 AIEngage=82.05 Gunnery=0.59 ShipStep=318.74 Collision=62.63 Projectiles=0.52 Missiles=227.33 PointDefense=456.29 Drones=238.91 Sensors=6.31 Post=13.28
perf t=458s fps=61.8 frame=16ms | physics=6.7/11 sim=6.4/3 fxSync=6.1/7 hudDraw=1.3/2 shipViews=0.7/1 ballistics=0.3/3 fxObserve=0.1/0 ordnance=0.1/0 audioObserve=0.1/0 contacts=0.1/0 shipCombat=0.0/0 audioListener=0.0/0 combat+am=0.0/0 | draws=0 objects=0 prims=0 nodes=3136 gpu=0MB
sim-profile t=457.867s ticks=248 us/tick | Tick=1594.24 AI=208.06 AICommand=0.72 AIThink=26.70 AIDrive=67.24 AIEngage=110.38 Gunnery=0.54 ShipStep=325.52 Collision=62.54 Projectiles=0.51 Missiles=234.60 PointDefense=467.30 Drones=274.39 Sensors=6.80 Post=12.66
perf t=462s fps=62.8 frame=16ms | physics=6.4/9 fxSync=6.2/9 sim=6.1/2 hudDraw=1.3/2 shipViews=0.7/1 ballistics=0.3/7 fxObserve=0.2/0 ordnance=0.1/0 audioObserve=0.1/0 contacts=0.1/1 shipCombat=0.0/0 audioListener=0.0/0 combat+am=0.0/0 | draws=0 objects=0 prims=0 nodes=3141 gpu=0MB
sim-profile t=462.067s ticks=252 us/tick | Tick=1532.49 AI=228.49 AICommand=0.88 AIThink=34.58 AIDrive=69.17 AIEngage=120.97 Gunnery=0.54 ShipStep=336.62 Collision=62.43 Projectiles=0.50 Missiles=209.59 PointDefense=425.22 Drones=248.88 Sensors=6.32 Post=12.62
perf t=467s fps=66.5 frame=15ms | physics=6.1/8 sim=5.8/2 fxSync=5.5/8 hudDraw=1.3/2 shipViews=0.7/1 ballistics=0.5/7 fxObserve=0.1/0 ordnance=0.1/0 audioObserve=0.1/0 contacts=0.1/0 shipCombat=0.0/0 audioListener=0.0/0 combat+am=0.0/0 | draws=0 objects=0 prims=0 nodes=3135 gpu=0MB
sim-profile t=466.533s ticks=268 us/tick | Tick=1449.99 AI=184.41 AICommand=0.52 AIThink=31.38 AIDrive=66.87 AIEngage=82.77 Gunnery=0.52 ShipStep=303.30 Collision=62.21 Projectiles=0.49 Missiles=190.38 PointDefense=448.42 Drones=240.63 Sensors=6.18 Post=12.24
perf t=471s fps=71.6 frame=14ms | physics=5.7/7 sim=5.4/2 fxSync=5.1/7 hudDraw=1.3/3 shipViews=0.7/1 ballistics=0.1/4 fxObserve=0.1/0 ordnance=0.1/0 audioObserve=0.1/0 contacts=0.1/0 shipCombat=0.0/0 audioListener=0.0/0 combat+am=0.0/0 | draws=0 objects=0 prims=0 nodes=3132 gpu=0MB
sim-profile t=471.333s ticks=288 us/tick | Tick=1359.06 AI=167.97 AICommand=0.59 AIThink=23.64 AIDrive=64.54 AIEngage=76.36 Gunnery=0.53 ShipStep=297.47 Collision=61.43 Projectiles=0.49 Missiles=203.22 PointDefense=385.59 Drones=222.20 Sensors=6.71 Post=12.21
perf t=476s fps=69.0 frame=14ms | fxSync=5.8/7 physics=5.7/7 sim=5.4/2 hudDraw=1.2/1 shipViews=0.7/1 fxObserve=0.1/0 ordnance=0.1/0 ballistics=0.1/3 contacts=0.1/0 audioObserve=0.1/0 shipCombat=0.0/0 audioListener=0.0/0 combat+am=0.0/0 | draws=0 objects=0 prims=0 nodes=3127 gpu=0MB
sim-profile t=476.000s ticks=280 us/tick | Tick=1346.32 AI=169.78 AICommand=0.62 AIThink=24.01 AIDrive=63.00 AIEngage=79.40 Gunnery=0.52 ShipStep=296.05 Collision=61.22 Projectiles=0.48 Missiles=195.55 PointDefense=391.00 Drones=210.82 Sensors=6.25 Post=13.42
perf t=480s fps=63.9 frame=16ms | physics=6.5/8 sim=6.3/3 fxSync=6.1/7 hudDraw=1.2/1 shipViews=0.7/1 fxObserve=0.1/0 ordnance=0.1/0 ballistics=0.1/3 contacts=0.1/0 audioObserve=0.1/0 shipCombat=0.0/0 audioListener=0.0/0 combat+am=0.0/0 | draws=0 objects=0 prims=0 nodes=3147 gpu=0MB
sim-profile t=480.333s ticks=260 us/tick | Tick=1566.87 AI=170.76 AICommand=0.80 AIThink=18.26 AIDrive=66.00 AIEngage=82.82 Gunnery=0.52 ShipStep=306.41 Collision=62.32 Projectiles=0.50 Missiles=243.07 PointDefense=473.27 Drones=290.17 Sensors=6.16 Post=12.41
perf t=484s fps=61.5 frame=16ms | physics=6.7/8 sim=6.4/2 fxSync=6.0/7 hudDraw=1.3/2 shipViews=0.7/1 ballistics=0.6/6 fxObserve=0.1/0 ordnance=0.1/0 audioObserve=0.1/0 contacts=0.1/0 shipCombat=0.0/0 audioListener=0.0/0 combat+am=0.0/0 | draws=0 objects=0 prims=0 nodes=3132 gpu=0MB
sim-profile t=484.467s ticks=248 us/tick | Tick=1601.73 AI=226.19 AICommand=0.70 AIThink=28.65 AIDrive=67.97 AIEngage=126.07 Gunnery=0.52 ShipStep=331.68 Collision=61.64 Projectiles=0.49 Missiles=227.58 PointDefense=453.65 Drones=280.74 Sensors=5.81 Post=12.17
perf t=488s fps=58.9 frame=17ms | physics=7.1/12 sim=6.8/5 fxSync=6.2/14 hudDraw=1.3/2 shipViews=0.8/1 ballistics=0.4/5 fxObserve=0.2/0 ordnance=0.1/0 audioObserve=0.1/0 contacts=0.1/1 shipCombat=0.0/0 audioListener=0.0/0 combat+am=0.0/0 | draws=0 objects=0 prims=0 nodes=3130 gpu=0MB
sim-profile t=488.400s ticks=236 us/tick | Tick=1701.29 AI=237.16 AICommand=0.83 AIThink=36.86 AIDrive=74.16 AIEngage=122.12 Gunnery=0.68 ShipStep=360.45 Collision=69.37 Projectiles=0.65 Missiles=230.88 PointDefense=501.08 Drones=278.41 Sensors=6.89 Post=14.34
perf t=493s fps=66.9 frame=15ms | physics=6.3/11 sim=6.0/3 fxSync=5.3/9 hudDraw=1.4/2 shipViews=0.7/2 ballistics=0.2/4 fxObserve=0.1/0 ordnance=0.1/0 audioObserve=0.1/0 contacts=0.1/0 shipCombat=0.0/0 audioListener=0.0/0 combat+am=0.0/0 | draws=0 objects=0 prims=0 nodes=3140 gpu=0MB
sim-profile t=492.867s ticks=268 us/tick | Tick=1493.40 AI=190.16 AICommand=0.61 AIThink=31.30 AIDrive=68.05 AIEngage=87.22 Gunnery=0.59 ShipStep=318.22 Collision=66.02 Projectiles=0.55 Missiles=220.60 PointDefense=431.10 Drones=242.23 Sensors=6.66 Post=13.35
perf t=498s fps=70.3 frame=14ms | physics=5.8/7 sim=5.5/2 fxSync=5.3/7 hudDraw=1.3/2 shipViews=0.7/2 fxObserve=0.1/0 ordnance=0.1/0 ballistics=0.1/3 audioObserve=0.1/0 contacts=0.1/0 shipCombat=0.0/0 audioListener=0.0/0 combat+am=0.0/0 | draws=0 objects=0 prims=0 nodes=3136 gpu=0MB
sim-profile t=497.600s ticks=284 us/tick | Tick=1378.59 AI=170.75 AICommand=0.73 AIThink=24.53 AIDrive=65.90 AIEngage=76.78 Gunnery=0.53 ShipStep=303.86 Collision=63.74 Projectiles=0.50 Missiles=217.48 PointDefense=377.32 Drones=224.76 Sensors=6.27 Post=12.08
perf t=502s fps=65.2 frame=15ms | physics=6.3/8 sim=6.0/2 fxSync=6.0/7 hudDraw=1.3/2 shipViews=0.7/1 fxObserve=0.1/0 ordnance=0.1/0 ballistics=0.1/3 contacts=0.1/0 audioObserve=0.1/0 shipCombat=0.0/0 audioListener=0.0/0 combat+am=0.0/0 | draws=0 objects=0 prims=0 nodes=3157 gpu=0MB
sim-profile t=502.000s ticks=264 us/tick | Tick=1511.99 AI=177.55 AICommand=0.62 AIThink=26.22 AIDrive=64.50 AIEngage=83.41 Gunnery=0.53 ShipStep=313.57 Collision=62.62 Projectiles=0.51 Missiles=219.36 PointDefense=461.08 Drones=256.98 Sensors=6.48 Post=12.04
perf t=506s fps=59.8 frame=17ms | physics=7.1/8 sim=6.8/2 fxSync=6.3/7 hudDraw=1.3/2 shipViews=0.7/1 ballistics=0.3/4 fxObserve=0.2/0 ordnance=0.1/0 audioObserve=0.1/0 contacts=0.1/0 shipCombat=0.0/0 audioListener=0.0/0 combat+am=0.0/0 | draws=0 objects=0 prims=0 nodes=3139 gpu=0MB
sim-profile t=506.000s ticks=240 us/tick | Tick=1690.05 AI=209.80 AICommand=0.61 AIThink=24.04 AIDrive=68.34 AIEngage=113.91 Gunnery=0.54 ShipStep=326.45 Collision=62.65 Projectiles=0.52 Missiles=257.55 PointDefense=517.88 Drones=294.26 Sensors=6.51 Post=12.58
perf t=510s fps=62.9 frame=16ms | physics=6.7/10 sim=6.4/3 fxSync=5.8/8 hudDraw=1.3/2 shipViews=0.7/1 ballistics=0.3/7 fxObserve=0.1/0 ordnance=0.1/0 audioObserve=0.1/0 contacts=0.1/0 shipCombat=0.0/0 audioListener=0.0/0 combat+am=0.0/0 | draws=0 objects=0 prims=0 nodes=3138 gpu=0MB
sim-profile t=510.200s ticks=252 us/tick | Tick=1593.14 AI=246.77 AICommand=0.87 AIThink=33.30 AIDrive=73.29 AIEngage=136.32 Gunnery=0.55 ShipStep=342.09 Collision=63.35 Projectiles=0.52 Missiles=231.54 PointDefense=434.86 Drones=252.95 Sensors=6.16 Post=13.05
perf t=514s fps=60.2 frame=17ms | physics=7.2/11 sim=6.9/4 fxSync=5.7/8 hudDraw=1.4/2 shipViews=0.8/1 ballistics=0.4/4 fxObserve=0.1/0 ordnance=0.1/0 audioObserve=0.1/0 contacts=0.1/0 shipCombat=0.0/0 audioListener=0.0/0 combat+am=0.0/0 | draws=0 objects=0 prims=0 nodes=3134 gpu=0MB
sim-profile t=514.267s ticks=244 us/tick | Tick=1716.36 AI=241.12 AICommand=0.75 AIThink=35.74 AIDrive=76.10 AIEngage=125.17 Gunnery=0.60 ShipStep=363.33 Collision=68.71 Projectiles=0.57 Missiles=228.88 PointDefense=507.33 Drones=283.02 Sensors=6.93 Post=14.41
perf t=519s fps=71.1 frame=14ms | physics=6.0/11 sim=5.7/3 fxSync=4.6/6 hudDraw=1.5/6 shipViews=0.7/1 ballistics=0.2/3 fxObserve=0.1/0 ordnance=0.1/0 audioObserve=0.1/0 contacts=0.1/0 shipCombat=0.0/0 audioListener=0.0/0 combat+am=0.0/0 | draws=0 objects=0 prims=0 nodes=3162 gpu=0MB
sim-profile t=519.067s ticks=288 us/tick | Tick=1434.88 AI=176.37 AICommand=0.57 AIThink=23.62 AIDrive=65.16 AIEngage=84.01 Gunnery=0.53 ShipStep=302.50 Collision=65.50 Projectiles=0.50 Missiles=217.92 PointDefense=413.04 Drones=238.67 Sensors=6.30 Post=12.29
perf t=523s fps=61.9 frame=16ms | physics=6.1/7 fxSync=5.8/8 sim=5.7/2 hudDraw=2.4/4 shipViews=0.7/1 fxObserve=0.1/0 ordnance=0.1/0 ballistics=0.1/3 audioObserve=0.1/1 contacts=0.1/0 shipCombat=0.0/0 audioListener=0.0/0 combat+am=0.0/0 | draws=0 objects=0 prims=0 nodes=3187 gpu=0MB
sim-profile t=523.200s ticks=248 us/tick | Tick=1436.54 AI=168.50 AICommand=0.63 AIThink=17.27 AIDrive=63.46 AIEngage=84.25 Gunnery=0.51 ShipStep=302.67 Collision=62.41 Projectiles=0.49 Missiles=241.86 PointDefense=390.57 Drones=250.35 Sensors=5.89 Post=12.05
perf t=527s fps=55.8 frame=18ms | physics=6.7/9 fxSync=6.6/8 sim=6.4/4 hudDraw=2.5/3 shipViews=0.7/1 ballistics=0.3/4 fxObserve=0.2/0 ordnance=0.1/0 contacts=0.1/0 audioObserve=0.1/0 shipCombat=0.0/0 audioListener=0.0/0 combat+am=0.0/0 | draws=0 objects=0 prims=0 nodes=3182 gpu=0MB
sim-profile t=526.933s ticks=224 us/tick | Tick=1597.58 AI=165.44 AICommand=9.38 AIThink=14.57 AIDrive=63.46 AIEngage=75.18 Gunnery=0.60 ShipStep=307.25 Collision=63.70 Projectiles=0.50 Missiles=271.99 PointDefense=473.21 Drones=294.79 Sensors=6.33 Post=12.53
perf t=531s fps=55.2 frame=18ms | physics=6.8/9 fxSync=6.6/9 sim=6.5/2 hudDraw=2.5/3 shipViews=0.7/1 ballistics=0.4/6 fxObserve=0.2/0 ordnance=0.1/0 audioObserve=0.1/0 contacts=0.1/0 shipCombat=0.0/0 audioListener=0.0/0 combat+am=0.0/0 | draws=0 objects=0 prims=0 nodes=3150 gpu=0MB
sim-profile t=530.667s ticks=224 us/tick | Tick=1618.58 AI=156.04 AICommand=0.70 AIThink=17.58 AIDrive=64.84 AIEngage=69.98 Gunnery=0.52 ShipStep=304.55 Collision=63.47 Projectiles=0.61 Missiles=265.83 PointDefense=507.15 Drones=299.78 Sensors=6.45 Post=12.90
perf t=535s fps=62.7 frame=16ms | physics=5.8/7 fxSync=5.8/7 sim=5.5/2 hudDraw=2.4/3 shipViews=0.7/1 ballistics=0.3/3 fxObserve=0.1/0 ordnance=0.1/0 audioObserve=0.1/0 contacts=0.1/0 shipCombat=0.0/0 audioListener=0.0/0 combat+am=0.0/0 | draws=0 objects=0 prims=0 nodes=3126 gpu=0MB
sim-profile t=534.867s ticks=252 us/tick | Tick=1373.73 AI=164.93 AICommand=0.65 AIThink=21.82 AIDrive=61.18 AIEngage=78.63 Gunnery=0.49 ShipStep=298.72 Collision=60.52 Projectiles=0.46 Missiles=202.64 PointDefense=393.02 Drones=233.39 Sensors=6.18 Post=12.12
perf t=539s fps=58.3 frame=17ms | physics=6.6/9 sim=6.3/2 fxSync=5.8/10 hudDraw=2.5/3 shipViews=0.7/1 ballistics=0.5/7 fxObserve=0.1/0 ordnance=0.1/0 audioObserve=0.1/0 contacts=0.1/0 shipCombat=0.0/0 audioListener=0.0/0 combat+am=0.0/0 | draws=0 objects=0 prims=0 nodes=3105 gpu=0MB
sim-profile t=538.800s ticks=236 us/tick | Tick=1570.77 AI=203.04 AICommand=0.81 AIThink=19.68 AIDrive=65.37 AIEngage=114.42 Gunnery=0.52 ShipStep=322.93 Collision=60.52 Projectiles=0.49 Missiles=184.71 PointDefense=555.18 Drones=224.09 Sensors=6.18 Post=11.91
perf t=543s fps=64.9 frame=15ms | physics=6.5/8 sim=6.2/2 fxSync=4.6/7 hudDraw=2.5/4 shipViews=0.7/1 ballistics=0.2/6 fxObserve=0.1/0 ordnance=0.1/0 audioObserve=0.1/0 contacts=0.1/0 shipCombat=0.0/0 audioListener=0.0/0 combat+am=0.0/0 | draws=0 objects=0 prims=0 nodes=3102 gpu=0MB
sim-profile t=543.133s ticks=260 us/tick | Tick=1548.26 AI=232.00 AICommand=0.64 AIThink=26.69 AIDrive=68.21 AIEngage=133.66 Gunnery=0.57 ShipStep=325.70 Collision=60.74 Projectiles=0.48 Missiles=159.47 PointDefense=558.81 Drones=187.20 Sensors=6.02 Post=16.03
perf t=548s fps=78.6 frame=13ms | physics=5.1/10 sim=4.9/5 fxSync=3.5/4 hudDraw=2.4/3 shipViews=0.7/1 fxObserve=0.1/1 ballistics=0.1/3 ordnance=0.1/0 contacts=0.1/0 audioObserve=0.1/0 shipCombat=0.0/0 audioListener=0.0/0 combat+am=0.0/0 | draws=0 objects=0 prims=0 nodes=3098 gpu=0MB
sim-profile t=548.400s ticks=316 us/tick | Tick=1220.83 AI=192.64 AICommand=0.79 AIThink=25.84 AIDrive=61.73 AIEngage=101.58 Gunnery=0.55 ShipStep=294.55 Collision=60.63 Projectiles=49.22 Missiles=136.04 PointDefense=304.38 Drones=164.46 Sensors=5.74 Post=11.34
perf t=554s fps=79.3 frame=13ms | physics=5.4/7 sim=5.2/2 fxSync=3.0/4 hudDraw=2.4/3 shipViews=0.7/1 ballistics=0.2/3 fxObserve=0.1/0 ordnance=0.1/0 contacts=0.1/0 audioObserve=0.1/0 shipCombat=0.0/0 audioListener=0.0/0 combat+am=0.0/0 | draws=0 objects=0 prims=0 nodes=3109 gpu=0MB
sim-profile t=553.733s ticks=320 us/tick | Tick=1308.14 AI=188.95 AICommand=0.71 AIThink=10.90 AIDrive=61.24 AIEngage=113.49 Gunnery=0.50 ShipStep=289.37 Collision=60.58 Projectiles=114.75 Missiles=138.98 PointDefense=328.05 Drones=168.93 Sensors=5.67 Post=11.10
perf t=559s fps=79.6 frame=13ms | physics=5.9/10 sim=5.7/4 fxSync=2.4/3 hudDraw=2.4/3 shipViews=0.7/1 ballistics=0.2/3 ordnance=0.1/0 fxObserve=0.1/0 contacts=0.1/0 audioObserve=0.1/0 shipCombat=0.0/0 audioListener=0.0/0 combat+am=0.0/0 | draws=0 objects=0 prims=0 nodes=3116 gpu=0MB
sim-profile t=559.067s ticks=320 us/tick | Tick=1428.40 AI=212.68 AICommand=0.84 AIThink=18.95 AIDrive=63.18 AIEngage=126.95 Gunnery=0.52 ShipStep=294.46 Collision=61.81 Projectiles=178.78 Missiles=138.03 PointDefense=343.40 Drones=177.75 Sensors=6.05 Post=13.63
perf t=564s fps=75.3 frame=13ms | physics=6.1/8 sim=5.9/2 fxSync=2.5/3 hudDraw=2.4/3 shipViews=0.7/1 ballistics=0.6/13 ordnance=0.1/0 fxObserve=0.1/0 audioObserve=0.1/0 contacts=0.1/0 shipCombat=0.0/0 audioListener=0.0/0 combat+am=0.0/0 | draws=0 objects=0 prims=0 nodes=3121 gpu=0MB
sim-profile t=564.133s ticks=304 us/tick | Tick=1470.77 AI=235.71 AICommand=2.63 AIThink=19.77 AIDrive=65.48 AIEngage=145.02 Gunnery=0.52 ShipStep=309.80 Collision=62.07 Projectiles=124.75 Missiles=143.00 PointDefense=404.86 Drones=170.76 Sensors=5.91 Post=12.08
perf t=570s fps=83.1 frame=12ms | physics=5.7/7 sim=5.5/2 hudDraw=2.3/3 fxSync=2.0/3 shipViews=0.7/1 ballistics=0.3/7 ordnance=0.1/0 contacts=0.1/0 fxObserve=0.1/0 audioObserve=0.1/0 shipCombat=0.0/0 audioListener=0.0/0 combat+am=0.0/0 | draws=0 objects=0 prims=0 nodes=3122 gpu=0MB
sim-profile t=569.733s ticks=336 us/tick | Tick=1373.12 AI=210.58 AICommand=1.69 AIThink=16.34 AIDrive=62.34 AIEngage=127.46 Gunnery=0.55 ShipStep=301.12 Collision=61.11 Projectiles=94.42 Missiles=141.87 PointDefense=380.55 Drones=164.62 Sensors=5.76 Post=11.27
perf t=575s fps=83.4 frame=12ms | physics=5.7/8 sim=5.5/3 hudDraw=2.4/4 fxSync=2.0/3 shipViews=0.7/1 ballistics=0.2/10 ordnance=0.1/0 audioObserve=0.1/1 contacts=0.1/0 fxObserve=0.1/0 shipCombat=0.0/0 audioListener=0.0/0 combat+am=0.0/0 | draws=0 objects=0 prims=0 nodes=3120 gpu=0MB
sim-profile t=575.333s ticks=336 us/tick | Tick=1380.14 AI=245.78 AICommand=1.29 AIThink=21.53 AIDrive=64.87 AIEngage=155.32 Gunnery=0.52 ShipStep=300.22 Collision=61.50 Projectiles=151.96 Missiles=137.85 PointDefense=300.75 Drones=162.38 Sensors=6.30 Post=11.53
perf t=580s fps=76.6 frame=13ms | physics=6.4/8 sim=6.2/2 hudDraw=2.4/3 fxSync=2.2/3 shipViews=0.7/1 ballistics=0.3/3 ordnance=0.1/0 audioObserve=0.1/1 fxObserve=0.1/0 contacts=0.1/0 shipCombat=0.0/0 audioListener=0.0/0 combat+am=0.0/0 | draws=0 objects=0 prims=0 nodes=3128 gpu=0MB
sim-profile t=580.467s ticks=308 us/tick | Tick=1550.42 AI=311.20 AICommand=1.30 AIThink=21.72 AIDrive=75.73 AIEngage=209.64 Gunnery=0.62 ShipStep=304.73 Collision=62.58 Projectiles=205.96 Missiles=135.47 PointDefense=344.39 Drones=165.99 Sensors=5.98 Post=12.22
perf t=585s fps=74.0 frame=14ms | physics=6.9/8 sim=6.7/2 hudDraw=2.4/4 fxSync=2.1/3 shipViews=0.7/1 ballistics=0.4/7 ordnance=0.1/0 audioObserve=0.1/1 contacts=0.1/0 fxObserve=0.1/0 shipCombat=0.0/0 audioListener=0.0/0 combat+am=0.0/0 | draws=0 objects=0 prims=0 nodes=3190 gpu=0MB
sim-profile t=585.467s ticks=300 us/tick | Tick=1676.73 AI=327.76 AICommand=0.67 AIThink=20.76 AIDrive=72.00 AIEngage=231.58 Gunnery=0.51 ShipStep=308.20 Collision=61.89 Projectiles=318.95 Missiles=121.12 PointDefense=346.45 Drones=172.37 Sensors=5.94 Post=12.24
perf t=590s fps=68.0 frame=15ms | physics=8.0/12 sim=7.8/5 hudDraw=2.3/3 fxSync=2.1/2 ballistics=0.7/8 shipViews=0.7/1 contacts=0.1/1 ordnance=0.1/0 audioObserve=0.1/0 fxObserve=0.1/0 shipCombat=0.0/0 audioListener=0.0/0 combat+am=0.0/0 | draws=0 objects=0 prims=0 nodes=3237 gpu=0MB
sim-profile t=590.067s ticks=276 us/tick | Tick=1937.77 AI=321.63 AICommand=0.99 AIThink=21.45 AIDrive=72.52 AIEngage=223.99 Gunnery=0.51 ShipStep=303.89 Collision=61.92 Projectiles=579.16 Missiles=121.32 PointDefense=353.10 Drones=176.45 Sensors=6.16 Post=12.38
perf t=595s fps=68.3 frame=15ms | physics=7.1/9 sim=6.9/3 hudDraw=2.3/3 fxSync=2.2/3 ballistics=1.3/12 shipViews=0.7/1 ordnance=0.1/0 audioObserve=0.1/0 fxObserve=0.1/0 contacts=0.1/0 shipCombat=0.0/0 audioListener=0.0/0 combat+am=0.0/0 | draws=0 objects=0 prims=0 nodes=3237 gpu=0MB
sim-profile t=594.667s ticks=276 us/tick | Tick=1716.83 AI=311.84 AICommand=0.75 AIThink=26.50 AIDrive=72.25 AIEngage=209.42 Gunnery=0.53 ShipStep=299.17 Collision=62.37 Projectiles=379.67 Missiles=117.66 PointDefense=351.12 Drones=173.86 Sensors=6.04 Post=13.24
perf t=600s fps=73.5 frame=14ms | physics=7.0/14 sim=6.8/5 hudDraw=2.2/4 fxSync=2.1/4 shipViews=0.8/3 ballistics=0.4/6 contacts=0.1/1 ordnance=0.1/0 fxObserve=0.1/0 audioObserve=0.1/0 shipCombat=0.0/0 audioListener=0.0/0 combat+am=0.0/0 | draws=0 objects=0 prims=0 nodes=3237 gpu=0MB
sim-profile t=599.600s ticks=296 us/tick | Tick=1696.91 AI=262.21 AICommand=0.71 AIThink=23.05 AIDrive=75.50 AIEngage=159.84 Gunnery=0.56 ShipStep=317.81 Collision=65.20 Projectiles=394.43 Missiles=122.08 PointDefense=339.48 Drones=172.61 Sensors=6.71 Post=14.44
autoplay 10min: sim=600.00s FPS min=27.01 mean=102.73 engine=73.0
perf t=605s fps=77.7 frame=13ms | physics=6.5/11 sim=6.2/3 fxSync=2.2/4 hudDraw=2.1/4 shipViews=0.7/1 ballistics=0.4/4 ordnance=0.1/0 contacts=0.1/0 audioObserve=0.1/0 fxObserve=0.1/0 shipCombat=0.0/0 audioListener=0.0/0 combat+am=0.0/0 | draws=0 objects=0 prims=0 nodes=3212 gpu=0MB
sim-profile t=604.800s ticks=312 us/tick | Tick=1559.57 AI=204.89 AICommand=0.89 AIThink=21.57 AIDrive=61.99 AIEngage=117.61 Gunnery=0.51 ShipStep=286.97 Collision=63.39 Projectiles=392.67 Missiles=102.56 PointDefense=330.06 Drones=158.68 Sensors=6.24 Post=12.32
perf t=610s fps=84.4 frame=12ms | physics=5.9/11 sim=5.7/7 hudDraw=1.9/4 fxSync=1.9/4 shipViews=0.7/1 ballistics=0.4/6 contacts=0.1/0 audioObserve=0.1/0 fxObserve=0.1/0 ordnance=0.1/0 shipCombat=0.0/0 audioListener=0.0/0 combat+am=0.0/0 | draws=0 objects=0 prims=0 nodes=3204 gpu=0MB
sim-profile t=610.467s ticks=340 us/tick | Tick=1416.53 AI=210.84 AICommand=0.89 AIThink=12.99 AIDrive=59.95 AIEngage=134.23 Gunnery=0.50 ShipStep=285.86 Collision=64.14 Projectiles=378.75 Missiles=85.17 PointDefense=294.67 Drones=76.32 Sensors=5.97 Post=12.96
perf t=616s fps=75.9 frame=13ms | physics=7.1/10 sim=6.9/4 hudDraw=1.8/3 fxSync=1.4/2 ballistics=1.1/14 shipViews=0.7/1 audioObserve=0.1/0 contacts=0.1/0 ordnance=0.1/0 fxObserve=0.1/0 shipCombat=0.0/0 audioListener=0.0/0 combat+am=0.0/0 | draws=0 objects=0 prims=0 nodes=3206 gpu=0MB
sim-profile t=615.533s ticks=304 us/tick | Tick=1727.54 AI=285.66 AICommand=5.64 AIThink=14.76 AIDrive=64.56 AIEngage=197.67 Gunnery=0.56 ShipStep=295.79 Collision=66.65 Projectiles=604.73 Missiles=72.29 PointDefense=305.82 Drones=73.90 Sensors=6.30 Post=14.40
perf t=622s fps=97.0 frame=10ms | physics=6.2/10 sim=6.0/3 hudDraw=1.4/2 shipViews=0.7/1 ballistics=0.6/11 fxSync=0.5/1 audioObserve=0.1/2 contacts=0.1/0 ordnance=0.1/0 fxObserve=0.0/0 shipCombat=0.0/0 audioListener=0.0/0 combat+am=0.0/0 | draws=0 objects=0 prims=0 nodes=3199 gpu=0MB
sim-profile t=622.000s ticks=388 us/tick | Tick=1492.96 AI=332.52 AICommand=0.82 AIThink=25.65 AIDrive=67.41 AIEngage=235.60 Gunnery=0.57 ShipStep=303.02 Collision=86.14 Projectiles=343.06 Missiles=56.79 PointDefense=279.56 Drones=69.07 Sensors=6.93 Post=13.91
perf t=629s fps=109.0 frame=9ms | physics=6.1/9 sim=5.9/2 hudDraw=1.2/2 shipViews=0.7/1 ballistics=0.2/1 contacts=0.1/0 audioObserve=0.1/0 ordnance=0.0/0 fxObserve=0.0/0 shipCombat=0.0/0 fxSync=0.0/0 audioListener=0.0/0 combat+am=0.0/0 | draws=0 objects=0 prims=0 nodes=3182 gpu=0MB
sim-profile t=629.267s ticks=436 us/tick | Tick=1476.83 AI=399.65 AICommand=0.92 AIThink=23.27 AIDrive=67.31 AIEngage=305.13 Gunnery=0.58 ShipStep=315.66 Collision=88.39 Projectiles=288.29 Missiles=46.75 PointDefense=255.09 Drones=61.01 Sensors=7.10 Post=13.01
perf t=638s fps=124.3 frame=8ms | physics=5.2/7 sim=5.0/2 hudDraw=1.1/2 shipViews=0.7/1 ballistics=0.2/6 fxSync=0.1/0 contacts=0.1/0 audioObserve=0.1/0 ordnance=0.0/0 fxObserve=0.0/0 shipCombat=0.0/0 audioListener=0.0/1 combat+am=0.0/0 | draws=0 objects=0 prims=0 nodes=3182 gpu=0MB
sim-profile t=637.600s ticks=500 us/tick | Tick=1254.96 AI=387.18 AICommand=0.91 AIThink=19.74 AIDrive=67.88 AIEngage=295.93 Gunnery=0.51 ShipStep=296.62 Collision=61.54 Projectiles=173.68 Missiles=36.26 PointDefense=228.89 Drones=51.43 Sensors=6.59 Post=10.95
perf t=644s fps=98.5 frame=10ms | physics=5.6/7 sim=5.4/2 hudDraw=1.9/3 ballistics=0.8/11 shipViews=0.7/1 fxSync=0.3/1 contacts=0.1/0 audioObserve=0.1/0 ordnance=0.0/1 fxObserve=0.0/0 shipCombat=0.0/0 audioListener=0.0/0 combat+am=0.0/0 | draws=0 objects=0 prims=0 nodes=3202 gpu=0MB
sim-profile t=644.200s ticks=396 us/tick | Tick=1357.57 AI=269.19 AICommand=0.63 AIThink=15.48 AIDrive=64.75 AIEngage=185.66 Gunnery=0.49 ShipStep=286.44 Collision=59.65 Projectiles=388.86 Missiles=48.08 PointDefense=231.67 Drones=54.25 Sensors=5.89 Post=11.86
perf t=649s fps=72.5 frame=14ms | physics=7.3/11 sim=7.1/4 hudDraw=2.3/5 ballistics=1.3/6 fxSync=1.1/1 shipViews=0.7/1 audioObserve=0.1/0 contacts=0.1/0 ordnance=0.1/0 fxObserve=0.0/0 shipCombat=0.0/0 audioListener=0.0/0 combat+am=0.0/0 | draws=0 objects=0 prims=0 nodes=3219 gpu=0MB
sim-profile t=649.067s ticks=292 us/tick | Tick=1782.52 AI=324.12 AICommand=0.62 AIThink=18.91 AIDrive=68.60 AIEngage=232.96 Gunnery=0.51 ShipStep=306.57 Collision=65.64 Projectiles=592.46 Missiles=87.96 PointDefense=316.51 Drones=66.76 Sensors=6.47 Post=14.20
perf t=654s fps=69.3 frame=14ms | physics=7.6/9 sim=7.4/2 hudDraw=2.3/3 ballistics=1.6/12 fxSync=1.2/2 shipViews=0.7/1 audioObserve=0.1/0 ordnance=0.1/0 contacts=0.1/0 fxObserve=0.1/0 shipCombat=0.0/0 audioListener=0.0/0 combat+am=0.0/0 | draws=0 objects=0 prims=0 nodes=3220 gpu=0MB
sim-profile t=653.733s ticks=280 us/tick | Tick=1851.58 AI=305.60 AICommand=0.56 AIThink=22.34 AIDrive=66.26 AIEngage=213.53 Gunnery=0.59 ShipStep=293.09 Collision=60.59 Projectiles=679.75 Missiles=87.93 PointDefense=339.01 Drones=63.81 Sensors=5.63 Post=14.15
perf t=659s fps=73.2 frame=14ms | physics=7.0/8 sim=6.7/2 hudDraw=2.2/4 ballistics=1.8/12 fxSync=1.0/1 shipViews=0.7/1 audioObserve=0.1/0 contacts=0.1/0 ordnance=0.1/0 fxObserve=0.0/0 shipCombat=0.0/0 audioListener=0.0/0 combat+am=0.0/0 | draws=0 objects=0 prims=0 nodes=3220 gpu=0MB
sim-profile t=658.667s ticks=296 us/tick | Tick=1686.87 AI=267.70 AICommand=0.74 AIThink=19.49 AIDrive=64.78 AIEngage=179.76 Gunnery=0.52 ShipStep=284.60 Collision=61.31 Projectiles=621.07 Missiles=77.18 PointDefense=290.62 Drones=62.13 Sensors=6.12 Post=14.33
perf t=664s fps=74.3 frame=13ms | physics=6.7/9 sim=6.5/3 hudDraw=2.4/4 ballistics=1.7/12 fxSync=1.1/2 shipViews=0.7/1 audioObserve=0.1/0 contacts=0.1/0 ordnance=0.0/0 fxObserve=0.0/0 shipCombat=0.0/0 audioListener=0.0/0 combat+am=0.0/0 | draws=0 objects=0 prims=0 nodes=3218 gpu=0MB
sim-profile t=663.667s ticks=300 us/tick | Tick=1623.53 AI=281.93 AICommand=0.51 AIThink=19.91 AIDrive=60.95 AIEngage=197.64 Gunnery=0.59 ShipStep=268.24 Collision=59.70 Projectiles=634.76 Missiles=71.99 PointDefense=223.43 Drones=61.73 Sensors=5.95 Post=13.92
perf t=669s fps=78.6 frame=13ms | physics=6.6/9 sim=6.4/4 hudDraw=2.1/4 ballistics=1.3/11 fxSync=1.0/2 shipViews=0.7/1 audioObserve=0.1/0 contacts=0.1/0 ordnance=0.0/0 fxObserve=0.0/0 shipCombat=0.0/0 audioListener=0.0/0 combat+am=0.0/0 | draws=0 objects=0 prims=0 nodes=3224 gpu=0MB
sim-profile t=668.933s ticks=316 us/tick | Tick=1587.90 AI=280.16 AICommand=0.62 AIThink=16.40 AIDrive=58.46 AIEngage=201.92 Gunnery=0.50 ShipStep=264.76 Collision=57.92 Projectiles=556.25 Missiles=71.16 PointDefense=275.21 Drones=60.46 Sensors=5.84 Post=14.42
perf t=674s fps=71.9 frame=14ms | physics=6.6/8 sim=6.4/2 hudDraw=2.3/3 ballistics=2.0/15 fxSync=1.4/2 shipViews=0.7/1 audioObserve=0.1/0 ordnance=0.1/0 contacts=0.1/0 fxObserve=0.1/0 shipCombat=0.0/0 audioListener=0.0/0 combat+am=0.0/0 | draws=0 objects=0 prims=0 nodes=3217 gpu=0MB
sim-profile t=673.733s ticks=288 us/tick | Tick=1590.23 AI=273.82 AICommand=0.57 AIThink=19.39 AIDrive=57.79 AIEngage=193.22 Gunnery=0.51 ShipStep=269.62 Collision=57.33 Projectiles=481.11 Missiles=92.95 PointDefense=327.11 Drones=66.15 Sensors=6.00 Post=14.31
perf t=680s fps=90.9 frame=11ms | physics=5.9/7 sim=5.7/2 hudDraw=1.5/3 ballistics=1.1/12 fxSync=0.9/1 shipViews=0.7/1 audioObserve=0.1/0 contacts=0.1/0 ordnance=0.1/0 fxObserve=0.0/0 shipCombat=0.0/0 audioListener=0.0/0 combat+am=0.0/0 | draws=0 objects=0 prims=0 nodes=3199 gpu=0MB
sim-profile t=679.800s ticks=364 us/tick | Tick=1414.57 AI=272.41 AICommand=0.58 AIThink=20.39 AIDrive=56.27 AIEngage=192.27 Gunnery=0.58 ShipStep=266.03 Collision=56.14 Projectiles=357.23 Missiles=62.32 PointDefense=324.36 Drones=53.91 Sensors=6.04 Post=14.33
autoplay outcome: sim=683.53s FPS min=27.01 mean=100.26 engine=88.0
autoplay summary: Blue:0.000/0.000/134.250/130.250/196.804/551.117/559.042/465.725/656.660/-/681.000;M=138/94;R=411/318;AM=2/0|Red:0.000/0.000/134.250/132.000/204.583/545.083/553.035/405.767/592.344/-/681.000;M=120/97;R=58/29;AM=0/0|Approach:120.000,Missile:420.000,Gunnery:0.000,Sniping:60.000,Brawl:83.500|collisions=0|events=66|winner=Blue;time=683.500
perf t=684s fps=108.9 frame=9ms | physics=3.6/8 sim=3.5/3 hudDraw=2.2/3 ballistics=1.2/11 shipViews=0.6/1 fxSync=0.5/1 ordnance=0.0/0 audioObserve=0.0/0 contacts=0.0/0 shipCombat=0.0/0 fxObserve=0.0/0 audioListener=0.0/0 combat+am=0.0/0 | draws=0 objects=0 prims=0 nodes=3213 gpu=0MB
sim-profile t=684.417s ticks=277 us/tick | Tick=1379.72 AI=259.97 AICommand=0.81 AIThink=19.31 AIDrive=59.95 AIEngage=177.11 Gunnery=0.50 ShipStep=261.84 Collision=57.25 Projectiles=355.71 Missiles=74.27 PointDefense=294.76 Drones=50.11 Sensors=5.58 Post=18.49
autoplay after outcome: sim=685.58s projectiles=20 missiles=12 impacts=19 ordnanceEvents=0 battleEvents=68 intervals=23
