Godot Engine v4.7.2.stable.mono.official.ed1daf0bf - https://godotengine.org
Vulkan 1.4.341 - Forward+ - Using Device #0: NVIDIA - NVIDIA GeForce RTX 2060

perf t=5s fps=71.4 frame=14ms | physics=6.1/10 sim=5.8/4 hudDraw=2.0/5 shipViews=0.8/5 contacts=0.1/0 audioObserve=0.1/0 ordnance=0.1/4 ballistics=0.1/4 fxSync=0.0/2 shipCombat=0.0/2 fxObserve=0.0/0 audioListener=0.0/0 combat+am=0.0/0 | draws=543 objects=6469 prims=107509 nodes=2922 gpu=281MB
sim-profile t=4.600s ticks=244 us/tick | Tick=1723.36 AI=110.31 AICommand=2.63 AIThink=12.62 AIDrive=78.71 AIEngage=12.92 Gunnery=0.58 ShipStep=493.15 Collision=493.96 Projectiles=0.70 Missiles=24.16 PointDefense=504.98 Drones=63.04 Sensors=8.19 Post=22.76
autoplay start: sim=6.93s FPS min=5.63 mean=75.78 engine=87.0
perf t=9s fps=93.9 frame=11ms | physics=4.3/15 sim=4.1/3 hudDraw=1.9/3 shipViews=0.8/1 audioObserve=0.1/7 contacts=0.1/0 fxObserve=0.0/0 ballistics=0.0/0 shipCombat=0.0/0 fxSync=0.0/0 ordnance=0.0/0 audioListener=0.0/0 combat+am=0.0/0 | draws=540 objects=6490 prims=107351 nodes=2922 gpu=281MB
sim-profile t=8.600s ticks=240 us/tick | Tick=1589.35 AI=92.68 AICommand=1.63 AIThink=11.80 AIDrive=65.67 AIEngage=10.40 Gunnery=0.53 ShipStep=428.06 Collision=495.12 Projectiles=0.62 Missiles=12.12 PointDefense=477.17 Drones=59.02 Sensors=7.81 Post=14.81
perf t=13s fps=111.9 frame=9ms | physics=3.2/7 sim=3.1/2 hudDraw=1.7/2 shipViews=0.7/1 contacts=0.0/0 audioObserve=0.0/0 fxObserve=0.0/0 shipCombat=0.0/0 ballistics=0.0/0 fxSync=0.0/0 ordnance=0.0/0 audioListener=0.0/0 combat+am=0.0/0 | draws=543 objects=6425 prims=107501 nodes=2922 gpu=281MB
sim-profile t=12.600s ticks=240 us/tick | Tick=1444.02 AI=79.01 AICommand=1.34 AIThink=10.33 AIDrive=56.14 AIEngage=8.32 Gunnery=0.47 ShipStep=380.79 Collision=455.59 Projectiles=0.50 Missiles=7.20 PointDefense=445.79 Drones=55.03 Sensors=6.56 Post=11.85
perf t=17s fps=100.5 frame=10ms | physics=3.9/8 sim=3.8/2 hudDraw=1.8/3 shipViews=0.8/1 contacts=0.0/0 audioObserve=0.0/0 fxObserve=0.0/0 shipCombat=0.0/0 ballistics=0.0/0 fxSync=0.0/0 ordnance=0.0/0 audioListener=0.0/0 combat+am=0.0/0 | draws=510 objects=6350 prims=106255 nodes=2922 gpu=281MB
sim-profile t=16.667s ticks=244 us/tick | Tick=1554.55 AI=85.83 AICommand=1.29 AIThink=10.99 AIDrive=61.08 AIEngage=9.23 Gunnery=0.59 ShipStep=410.26 Collision=489.20 Projectiles=0.58 Missiles=7.98 PointDefense=480.03 Drones=58.18 Sensors=7.02 Post=13.54
perf t=21s fps=95.0 frame=11ms | physics=4.3/9 sim=4.2/3 hudDraw=1.8/3 shipViews=0.8/1 contacts=0.1/1 audioObserve=0.0/0 fxObserve=0.0/0 shipCombat=0.0/0 ballistics=0.0/0 fxSync=0.0/0 ordnance=0.0/0 audioListener=0.0/0 combat+am=0.0/0 | draws=505 objects=6347 prims=105869 nodes=2922 gpu=281MB
sim-profile t=20.667s ticks=240 us/tick | Tick=1646.18 AI=92.57 AICommand=1.13 AIThink=12.00 AIDrive=66.21 AIEngage=9.91 Gunnery=0.62 ShipStep=435.05 Collision=516.45 Projectiles=0.60 Missiles=8.58 PointDefense=506.14 Drones=62.27 Sensors=8.21 Post=14.25
perf t=25s fps=98.8 frame=10ms | physics=3.9/7 sim=3.8/2 hudDraw=1.9/3 shipViews=0.8/1 contacts=0.0/0 audioObserve=0.0/0 fxObserve=0.0/0 shipCombat=0.0/0 ballistics=0.0/0 fxSync=0.0/0 ordnance=0.0/0 audioListener=0.0/0 combat+am=0.0/0 | draws=529 objects=6401 prims=106759 nodes=2922 gpu=281MB
sim-profile t=24.667s ticks=240 us/tick | Tick=1598.64 AI=87.83 AICommand=1.00 AIThink=11.54 AIDrive=62.74 AIEngage=9.32 Gunnery=0.53 ShipStep=424.02 Collision=501.62 Projectiles=0.56 Missiles=8.22 PointDefense=493.33 Drones=59.93 Sensors=7.64 Post=13.56
perf t=29s fps=79.8 frame=13ms | physics=5.5/11 sim=5.3/3 hudDraw=2.1/3 shipViews=0.9/1 contacts=0.1/0 audioObserve=0.1/0 fxObserve=0.0/0 shipCombat=0.0/0 ballistics=0.0/0 fxSync=0.0/0 ordnance=0.0/0 audioListener=0.0/0 combat+am=0.0/0 | draws=548 objects=6422 prims=107577 nodes=2922 gpu=281MB
sim-profile t=28.667s ticks=240 us/tick | Tick=1770.26 AI=98.08 AICommand=1.19 AIThink=12.72 AIDrive=69.84 AIEngage=10.60 Gunnery=0.65 ShipStep=469.30 Collision=554.39 Projectiles=0.83 Missiles=9.89 PointDefense=543.96 Drones=66.52 Sensors=8.67 Post=16.41
perf t=33s fps=83.9 frame=12ms | physics=5.1/11 sim=4.9/3 hudDraw=2.1/3 shipViews=0.9/1 contacts=0.1/0 audioObserve=0.1/0 fxObserve=0.0/0 shipCombat=0.0/0 ballistics=0.0/0 fxSync=0.0/0 ordnance=0.0/0 audioListener=0.0/0 combat+am=0.0/0 | draws=527 objects=6384 prims=106789 nodes=2922 gpu=281MB
sim-profile t=32.667s ticks=240 us/tick | Tick=1725.77 AI=95.14 AICommand=2.19 AIThink=11.97 AIDrive=67.34 AIEngage=10.14 Gunnery=0.60 ShipStep=456.89 Collision=539.28 Projectiles=0.73 Missiles=9.35 PointDefense=530.37 Drones=64.58 Sensors=8.14 Post=19.13
perf t=37s fps=90.8 frame=11ms | physics=4.6/9 sim=4.4/3 hudDraw=2.0/3 shipViews=0.8/1 contacts=0.0/0 audioObserve=0.0/0 fxObserve=0.0/0 shipCombat=0.0/0 ballistics=0.0/0 fxSync=0.0/0 ordnance=0.0/0 audioListener=0.0/0 combat+am=0.0/0 | draws=509 objects=6351 prims=106125 nodes=2922 gpu=281MB
sim-profile t=36.667s ticks=240 us/tick | Tick=1679.65 AI=94.48 AICommand=1.08 AIThink=12.35 AIDrive=67.54 AIEngage=10.08 Gunnery=0.59 ShipStep=444.75 Collision=524.08 Projectiles=0.67 Missiles=9.13 PointDefense=516.33 Drones=64.78 Sensors=8.02 Post=15.32
perf t=41s fps=86.7 frame=12ms | physics=4.8/9 sim=4.7/4 hudDraw=2.0/3 shipViews=0.9/1 contacts=0.1/0 audioObserve=0.1/0 fxObserve=0.0/0 shipCombat=0.0/0 ballistics=0.0/0 fxSync=0.0/0 ordnance=0.0/0 audioListener=0.0/0 combat+am=0.0/0 | draws=541 objects=6383 prims=107411 nodes=2922 gpu=281MB
sim-profile t=40.733s ticks=244 us/tick | Tick=1679.06 AI=91.87 AICommand=1.09 AIThink=11.84 AIDrive=65.63 AIEngage=9.90 Gunnery=0.57 ShipStep=446.48 Collision=527.87 Projectiles=0.70 Missiles=9.10 PointDefense=514.55 Drones=63.10 Sensors=7.91 Post=15.40
perf t=45s fps=101.9 frame=10ms | physics=3.8/8 sim=3.7/2 hudDraw=1.8/2 shipViews=0.8/1 contacts=0.0/0 audioObserve=0.0/0 fxObserve=0.0/0 shipCombat=0.0/0 ballistics=0.0/0 fxSync=0.0/0 ordnance=0.0/0 audioListener=0.0/0 combat+am=0.0/0 | draws=533 objects=6374 prims=106843 nodes=2922 gpu=281MB
sim-profile t=44.733s ticks=240 us/tick | Tick=1555.72 AI=87.03 AICommand=0.99 AIThink=11.44 AIDrive=62.21 AIEngage=9.21 Gunnery=0.54 ShipStep=414.44 Collision=486.39 Projectiles=0.61 Missiles=8.02 PointDefense=478.32 Drones=58.39 Sensors=6.85 Post=13.79
perf t=49s fps=108.6 frame=9ms | physics=3.4/11 sim=3.3/6 hudDraw=1.7/2 shipViews=0.8/1 contacts=0.0/0 audioObserve=0.0/0 fxObserve=0.0/0 shipCombat=0.0/0 ballistics=0.0/0 fxSync=0.0/0 ordnance=0.0/0 audioListener=0.0/0 combat+am=0.0/0 | draws=551 objects=6392 prims=114023 nodes=2922 gpu=281MB
sim-profile t=48.733s ticks=240 us/tick | Tick=1498.53 AI=102.04 AICommand=1.10 AIThink=10.75 AIDrive=78.37 AIEngage=8.76 Gunnery=0.50 ShipStep=392.05 Collision=463.19 Projectiles=0.53 Missiles=7.42 PointDefense=456.29 Drones=55.38 Sensors=7.05 Post=12.79
perf t=53s fps=99.7 frame=10ms | physics=4.0/11 sim=3.9/3 hudDraw=1.8/3 shipViews=0.8/1 contacts=0.0/0 audioObserve=0.0/0 fxObserve=0.0/0 shipCombat=0.0/0 ballistics=0.0/0 fxSync=0.0/0 ordnance=0.0/0 audioListener=0.0/0 combat+am=0.0/0 | draws=549 objects=6389 prims=114101 nodes=2922 gpu=281MB
sim-profile t=52.733s ticks=240 us/tick | Tick=1612.01 AI=88.96 AICommand=0.92 AIThink=11.62 AIDrive=63.71 AIEngage=9.36 Gunnery=0.60 ShipStep=425.52 Collision=507.98 Projectiles=0.62 Missiles=8.40 PointDefense=497.18 Drones=60.26 Sensors=7.42 Post=13.68
perf t=57s fps=111.0 frame=9ms | physics=3.3/8 sim=3.2/2 hudDraw=1.7/2 shipViews=0.8/1 contacts=0.0/0 audioObserve=0.0/0 shipCombat=0.0/0 fxObserve=0.0/0 ballistics=0.0/0 fxSync=0.0/0 ordnance=0.0/0 audioListener=0.0/0 combat+am=0.0/0 | draws=524 objects=6364 prims=106631 nodes=2922 gpu=281MB
sim-profile t=56.733s ticks=240 us/tick | Tick=1476.72 AI=80.03 AICommand=0.83 AIThink=10.24 AIDrive=57.63 AIEngage=8.41 Gunnery=0.48 ShipStep=390.64 Collision=465.54 Projectiles=0.51 Missiles=7.43 PointDefense=456.15 Drones=55.94 Sensors=6.54 Post=12.20
perf t=61s fps=109.5 frame=9ms | physics=3.3/8 sim=3.2/3 hudDraw=1.7/3 shipViews=0.8/1 contacts=0.0/0 audioObserve=0.0/0 fxObserve=0.0/0 shipCombat=0.0/0 ballistics=0.0/0 fxSync=0.0/0 ordnance=0.0/0 audioListener=0.0/0 combat+am=0.0/0 | draws=560 objects=6426 prims=114109 nodes=2922 gpu=281MB
sim-profile t=60.733s ticks=240 us/tick | Tick=1486.56 AI=82.86 AICommand=1.72 AIThink=10.70 AIDrive=58.46 AIEngage=8.97 Gunnery=0.50 ShipStep=393.61 Collision=464.73 Projectiles=0.52 Missiles=7.64 PointDefense=457.30 Drones=56.28 Sensors=7.23 Post=14.59
perf t=65s fps=111.3 frame=9ms | physics=3.3/7 sim=3.2/2 hudDraw=1.7/2 shipViews=0.8/1 contacts=0.0/0 audioObserve=0.0/0 fxObserve=0.0/0 shipCombat=0.0/0 ballistics=0.0/0 fxSync=0.0/0 ordnance=0.0/0 audioListener=0.0/0 combat+am=0.0/0 | draws=544 objects=6398 prims=113345 nodes=2922 gpu=281MB
sim-profile t=64.800s ticks=244 us/tick | Tick=1472.22 AI=80.40 AICommand=0.83 AIThink=10.40 AIDrive=57.70 AIEngage=8.61 Gunnery=0.49 ShipStep=390.61 Collision=462.98 Projectiles=0.52 Missiles=7.53 PointDefense=453.61 Drones=55.39 Sensors=7.09 Post=12.31
perf t=69s fps=99.0 frame=10ms | physics=4.0/11 sim=3.9/3 hudDraw=1.8/3 shipViews=0.8/1 contacts=0.0/0 audioObserve=0.0/0 fxObserve=0.0/0 shipCombat=0.0/0 ballistics=0.0/0 fxSync=0.0/0 ordnance=0.0/0 audioListener=0.0/0 combat+am=0.0/0 | draws=560 objects=6413 prims=114136 nodes=2922 gpu=281MB
sim-profile t=68.800s ticks=240 us/tick | Tick=1603.83 AI=88.81 AICommand=2.04 AIThink=11.47 AIDrive=62.76 AIEngage=9.34 Gunnery=0.54 ShipStep=423.95 Collision=502.18 Projectiles=0.62 Missiles=8.40 PointDefense=495.25 Drones=61.47 Sensors=7.32 Post=13.89
perf t=73s fps=99.7 frame=10ms | physics=3.9/7 sim=3.8/2 hudDraw=1.9/3 shipViews=0.8/1 contacts=0.0/0 audioObserve=0.0/0 fxObserve=0.0/0 shipCombat=0.0/0 ballistics=0.0/0 fxSync=0.0/0 ordnance=0.0/0 audioListener=0.0/0 combat+am=0.0/0 | draws=558 objects=6427 prims=113765 nodes=2922 gpu=281MB
sim-profile t=72.867s ticks=244 us/tick | Tick=1553.69 AI=84.70 AICommand=0.83 AIThink=10.90 AIDrive=60.73 AIEngage=9.07 Gunnery=0.52 ShipStep=411.76 Collision=487.31 Projectiles=0.56 Missiles=7.81 PointDefense=480.94 Drones=58.38 Sensors=7.02 Post=13.34
perf t=77s fps=96.5 frame=10ms | physics=4.1/8 sim=4.0/3 hudDraw=1.9/3 shipViews=0.8/1 contacts=0.0/0 audioObserve=0.0/0 fxObserve=0.0/0 shipCombat=0.0/0 ballistics=0.0/0 fxSync=0.0/0 ordnance=0.0/0 audioListener=0.0/0 combat+am=0.0/0 | draws=571 objects=6405 prims=113803 nodes=2922 gpu=281MB
sim-profile t=76.867s ticks=240 us/tick | Tick=1610.45 AI=89.36 AICommand=0.87 AIThink=11.39 AIDrive=64.30 AIEngage=9.54 Gunnery=0.54 ShipStep=427.86 Collision=503.48 Projectiles=0.61 Missiles=7.97 PointDefense=497.91 Drones=60.58 Sensors=7.10 Post=13.65
perf t=81s fps=96.8 frame=10ms | physics=4.1/8 sim=4.0/2 hudDraw=1.9/3 shipViews=0.8/1 contacts=0.0/0 audioObserve=0.0/0 fxObserve=0.0/0 shipCombat=0.0/0 ballistics=0.0/0 fxSync=0.0/0 ordnance=0.0/0 audioListener=0.0/0 combat+am=0.0/0 | draws=591 objects=6439 prims=114407 nodes=2922 gpu=281MB
sim-profile t=80.933s ticks=244 us/tick | Tick=1593.75 AI=87.52 AICommand=0.93 AIThink=11.72 AIDrive=62.57 AIEngage=9.16 Gunnery=0.52 ShipStep=419.79 Collision=501.12 Projectiles=0.57 Missiles=7.94 PointDefense=493.26 Drones=59.94 Sensors=7.49 Post=14.22
perf t=85s fps=98.6 frame=10ms | physics=3.9/7 sim=3.8/2 hudDraw=1.9/3 shipViews=0.8/2 contacts=0.0/0 audioObserve=0.0/0 fxObserve=0.0/0 shipCombat=0.0/0 ballistics=0.0/0 fxSync=0.0/0 ordnance=0.0/0 audioListener=0.0/0 combat+am=0.0/0 | draws=578 objects=6426 prims=107588 nodes=2922 gpu=281MB
sim-profile t=85.000s ticks=244 us/tick | Tick=1555.20 AI=84.82 AICommand=0.82 AIThink=11.04 AIDrive=60.95 AIEngage=8.89 Gunnery=0.51 ShipStep=411.78 Collision=486.94 Projectiles=0.55 Missiles=7.78 PointDefense=481.64 Drones=59.03 Sensors=7.49 Post=13.35
perf t=89s fps=87.3 frame=11ms | physics=4.8/10 sim=4.7/3 hudDraw=2.0/3 shipViews=0.9/1 contacts=0.1/1 audioObserve=0.0/0 fxObserve=0.0/0 shipCombat=0.0/0 ballistics=0.0/0 fxSync=0.0/0 ordnance=0.0/0 audioListener=0.0/0 combat+am=0.0/0 | draws=562 objects=6396 prims=113497 nodes=2922 gpu=281MB
sim-profile t=89.000s ticks=240 us/tick | Tick=1710.86 AI=93.60 AICommand=1.00 AIThink=12.18 AIDrive=66.85 AIEngage=10.04 Gunnery=0.58 ShipStep=452.83 Collision=535.97 Projectiles=0.70 Missiles=9.12 PointDefense=528.23 Drones=64.77 Sensors=8.29 Post=15.27
perf t=93s fps=88.1 frame=11ms | physics=4.7/10 sim=4.5/3 hudDraw=2.0/3 shipViews=0.8/1 contacts=0.0/0 audioObserve=0.0/0 fxObserve=0.0/0 shipCombat=0.0/0 ballistics=0.0/0 fxSync=0.0/0 ordnance=0.0/0 audioListener=0.0/0 combat+am=0.0/0 | draws=531 objects=6396 prims=113267 nodes=2922 gpu=281MB
sim-profile t=93.067s ticks=244 us/tick | Tick=1658.10 AI=90.42 AICommand=1.02 AIThink=11.54 AIDrive=64.94 AIEngage=9.63 Gunnery=0.55 ShipStep=437.45 Collision=521.80 Projectiles=0.65 Missiles=8.68 PointDefense=512.96 Drones=62.25 Sensors=7.27 Post=14.61
perf t=97s fps=103.7 frame=10ms | physics=3.7/9 sim=3.6/3 hudDraw=1.8/3 shipViews=0.8/1 contacts=0.0/0 audioObserve=0.0/0 fxObserve=0.0/0 shipCombat=0.0/0 ballistics=0.0/0 fxSync=0.0/0 ordnance=0.0/0 audioListener=0.0/0 combat+am=0.0/0 | draws=525 objects=6389 prims=112302 nodes=2922 gpu=281MB
sim-profile t=97.067s ticks=240 us/tick | Tick=1554.07 AI=84.42 AICommand=0.86 AIThink=11.22 AIDrive=60.35 AIEngage=8.95 Gunnery=0.51 ShipStep=413.76 Collision=488.90 Projectiles=0.58 Missiles=7.84 PointDefense=477.74 Drones=58.46 Sensors=7.29 Post=13.21
perf t=101s fps=108.4 frame=9ms | physics=3.4/7 sim=3.3/2 hudDraw=1.8/3 shipViews=0.8/1 contacts=0.0/0 audioObserve=0.0/0 fxObserve=0.0/0 shipCombat=0.0/0 ballistics=0.0/0 fxSync=0.0/0 ordnance=0.0/0 audioListener=0.0/0 combat+am=0.0/0 | draws=554 objects=6443 prims=114313 nodes=2922 gpu=281MB
sim-profile t=101.067s ticks=240 us/tick | Tick=1489.82 AI=81.91 AICommand=0.88 AIThink=10.62 AIDrive=58.61 AIEngage=8.78 Gunnery=0.56 ShipStep=392.80 Collision=466.84 Projectiles=0.51 Missiles=7.71 PointDefense=460.50 Drones=56.48 Sensors=6.96 Post=14.21
perf t=105s fps=100.8 frame=10ms | physics=3.8/11 sim=3.7/3 hudDraw=1.8/3 shipViews=0.8/1 contacts=0.0/0 audioObserve=0.0/0 fxObserve=0.0/0 shipCombat=0.0/0 ballistics=0.0/0 fxSync=0.0/0 ordnance=0.0/0 audioListener=0.0/0 combat+am=0.0/0 | draws=572 objects=6436 prims=115095 nodes=2922 gpu=281MB
sim-profile t=105.067s ticks=240 us/tick | Tick=1556.17 AI=86.20 AICommand=0.80 AIThink=11.18 AIDrive=61.71 AIEngage=9.34 Gunnery=0.53 ShipStep=411.81 Collision=487.95 Projectiles=0.57 Missiles=7.85 PointDefense=480.05 Drones=58.89 Sensors=7.51 Post=13.48
perf t=109s fps=104.9 frame=10ms | physics=3.6/9 sim=3.5/3 hudDraw=1.8/2 shipViews=0.8/1 contacts=0.0/0 audioObserve=0.0/0 fxObserve=0.0/0 shipCombat=0.0/0 ballistics=0.0/0 fxSync=0.0/0 ordnance=0.0/0 audioListener=0.0/0 combat+am=0.0/0 | draws=561 objects=6441 prims=114597 nodes=2922 gpu=281MB
sim-profile t=109.133s ticks=244 us/tick | Tick=1511.95 AI=81.25 AICommand=0.84 AIThink=10.46 AIDrive=58.37 AIEngage=8.67 Gunnery=0.50 ShipStep=399.19 Collision=476.46 Projectiles=0.55 Missiles=7.39 PointDefense=468.90 Drones=57.17 Sensors=6.74 Post=12.51
perf t=113s fps=110.0 frame=9ms | physics=3.3/7 sim=3.2/2 hudDraw=1.7/2 shipViews=0.8/1 contacts=0.0/0 audioObserve=0.0/0 fxObserve=0.0/0 shipCombat=0.0/0 ballistics=0.0/0 fxSync=0.0/0 ordnance=0.0/0 audioListener=0.0/0 combat+am=0.0/0 | draws=533 objects=6415 prims=107005 nodes=2922 gpu=281MB
sim-profile t=113.133s ticks=240 us/tick | Tick=1481.08 AI=80.20 AICommand=0.79 AIThink=10.34 AIDrive=57.79 AIEngage=8.33 Gunnery=0.48 ShipStep=391.28 Collision=465.04 Projectiles=0.49 Missiles=7.47 PointDefense=459.49 Drones=55.92 Sensors=7.04 Post=12.37
perf t=117s fps=109.9 frame=9ms | physics=3.4/10 sim=3.3/3 hudDraw=1.7/3 shipViews=0.7/1 contacts=0.0/0 audioObserve=0.0/0 fxObserve=0.0/0 shipCombat=0.0/0 ballistics=0.0/0 fxSync=0.0/0 ordnance=0.0/0 audioListener=0.0/0 combat+am=0.0/0 | draws=510 objects=6373 prims=106039 nodes=2922 gpu=281MB
sim-profile t=117.133s ticks=240 us/tick | Tick=1498.83 AI=81.05 AICommand=0.81 AIThink=10.55 AIDrive=57.93 AIEngage=8.78 Gunnery=0.50 ShipStep=395.57 Collision=472.18 Projectiles=0.55 Missiles=7.44 PointDefense=464.10 Drones=56.54 Sensors=7.01 Post=12.59
perf t=121s fps=99.3 frame=10ms | physics=4.0/9 sim=3.8/4 hudDraw=1.9/3 shipViews=0.8/1 contacts=0.0/0 audioObserve=0.0/0 fxObserve=0.0/0 shipCombat=0.0/0 ballistics=0.0/0 fxSync=0.0/0 ordnance=0.0/0 audioListener=0.0/0 combat+am=0.0/0 | draws=570 objects=6448 prims=114997 nodes=2922 gpu=281MB
sim-profile t=121.200s ticks=244 us/tick | Tick=1576.53 AI=98.22 AICommand=1.77 AIThink=12.24 AIDrive=62.03 AIEngage=19.05 Gunnery=0.54 ShipStep=412.92 Collision=491.25 Projectiles=0.60 Missiles=7.89 PointDefense=484.54 Drones=58.80 Sensors=6.94 Post=13.49
perf t=125s fps=95.8 frame=10ms | physics=4.1/8 sim=4.0/2 hudDraw=2.0/3 shipViews=0.8/1 contacts=0.0/0 audioObserve=0.0/0 fxObserve=0.0/0 shipCombat=0.0/0 ballistics=0.0/0 fxSync=0.0/0 ordnance=0.0/0 audioListener=0.0/0 combat+am=0.0/0 | draws=567 objects=6442 prims=117303 nodes=2922 gpu=281MB
sim-profile t=125.200s ticks=240 us/tick | Tick=1600.18 AI=88.69 AICommand=0.92 AIThink=11.25 AIDrive=62.62 AIEngage=10.61 Gunnery=0.53 ShipStep=424.46 Collision=500.36 Projectiles=0.60 Missiles=8.13 PointDefense=495.13 Drones=59.94 Sensors=7.35 Post=13.62
perf t=129s fps=101.3 frame=10ms | physics=3.8/7 sim=3.7/2 hudDraw=1.8/3 shipViews=0.8/1 audioObserve=0.0/1 contacts=0.0/0 fxObserve=0.0/0 shipCombat=0.0/0 ballistics=0.0/0 fxSync=0.0/0 ordnance=0.0/0 audioListener=0.0/0 combat+am=0.0/0 | draws=549 objects=6427 prims=114047 nodes=2922 gpu=281MB
sim-profile t=129.267s ticks=244 us/tick | Tick=1536.55 AI=84.88 AICommand=0.87 AIThink=11.06 AIDrive=59.99 AIEngage=9.84 Gunnery=0.50 ShipStep=405.38 Collision=482.12 Projectiles=0.52 Missiles=7.94 PointDefense=475.66 Drones=57.85 Sensors=7.24 Post=13.15
perf t=133s fps=86.3 frame=12ms | physics=4.6/15 sim=4.5/8 hudDraw=1.9/3 shipViews=0.8/1 fxSync=0.5/26 ordnance=0.3/24 contacts=0.0/0 audioObserve=0.0/0 fxObserve=0.0/2 shipCombat=0.0/0 ballistics=0.0/0 audioListener=0.0/0 combat+am=0.0/0 | draws=550 objects=6455 prims=108020 nodes=2930 gpu=281MB
sim-profile t=133.267s ticks=240 us/tick | Tick=1621.83 AI=102.53 AICommand=0.80 AIThink=12.93 AIDrive=62.00 AIEngage=23.71 Gunnery=0.52 ShipStep=410.00 Collision=483.98 Projectiles=0.56 Missiles=36.55 PointDefense=499.04 Drones=63.76 Sensors=7.17 Post=16.34
perf t=137s fps=90.3 frame=11ms | physics=4.4/8 sim=4.3/4 hudDraw=1.9/2 shipViews=0.8/1 fxSync=0.4/1 contacts=0.0/0 audioObserve=0.0/0 fxObserve=0.0/0 ordnance=0.0/0 shipCombat=0.0/0 ballistics=0.0/0 audioListener=0.0/0 combat+am=0.0/0 | draws=556 objects=6461 prims=108319 nodes=2930 gpu=281MB
sim-profile t=137.267s ticks=240 us/tick | Tick=1630.94 AI=98.06 AICommand=0.85 AIThink=11.12 AIDrive=64.49 AIEngage=18.42 Gunnery=0.51 ShipStep=420.31 Collision=485.06 Projectiles=0.60 Missiles=25.99 PointDefense=511.62 Drones=66.99 Sensors=7.03 Post=13.28
perf t=141s fps=88.5 frame=11ms | physics=4.7/9 sim=4.6/3 hudDraw=1.9/2 shipViews=0.8/1 fxSync=0.4/1 contacts=0.0/0 audioObserve=0.0/0 fxObserve=0.0/0 ordnance=0.0/0 shipCombat=0.0/0 ballistics=0.0/0 audioListener=0.0/0 combat+am=0.0/0 | draws=571 objects=6483 prims=114219 nodes=2934 gpu=281MB
sim-profile t=141.333s ticks=244 us/tick | Tick=1665.90 AI=99.29 AICommand=0.88 AIThink=11.21 AIDrive=63.81 AIEngage=20.11 Gunnery=0.53 ShipStep=430.83 Collision=492.23 Projectiles=0.59 Missiles=28.60 PointDefense=520.59 Drones=69.63 Sensors=6.93 Post=15.30
perf t=145s fps=85.2 frame=12ms | physics=4.9/8 sim=4.8/3 hudDraw=1.9/3 shipViews=0.8/1 fxSync=0.4/1 contacts=0.0/0 audioObserve=0.0/0 fxObserve=0.0/0 ordnance=0.0/0 shipCombat=0.0/0 ballistics=0.0/0 audioListener=0.0/0 combat+am=0.0/0 | draws=565 objects=6432 prims=108801 nodes=2934 gpu=281MB
sim-profile t=145.400s ticks=244 us/tick | Tick=1696.13 AI=93.14 AICommand=1.03 AIThink=11.60 AIDrive=66.31 AIEngage=10.86 Gunnery=0.54 ShipStep=426.16 Collision=499.96 Projectiles=0.59 Missiles=33.26 PointDefense=544.49 Drones=74.80 Sensors=7.15 Post=14.55
perf t=149s fps=88.3 frame=11ms | physics=4.6/11 sim=4.4/3 hudDraw=1.8/3 shipViews=0.8/1 fxSync=0.5/1 contacts=0.0/0 audioObserve=0.0/0 fxObserve=0.0/0 ordnance=0.0/0 shipCombat=0.0/0 ballistics=0.0/0 audioListener=0.0/0 combat+am=0.0/0 | draws=520 objects=6387 prims=107181 nodes=2934 gpu=281MB
sim-profile t=149.400s ticks=240 us/tick | Tick=1642.63 AI=88.04 AICommand=0.89 AIThink=10.78 AIDrive=62.20 AIEngage=11.03 Gunnery=0.53 ShipStep=407.14 Collision=488.27 Projectiles=0.56 Missiles=32.55 PointDefense=531.00 Drones=72.44 Sensors=6.95 Post=13.79
perf t=153s fps=92.7 frame=11ms | physics=4.3/10 sim=4.1/3 hudDraw=1.8/2 shipViews=0.8/1 fxSync=0.6/1 contacts=0.0/0 audioObserve=0.0/0 fxObserve=0.0/0 ordnance=0.0/0 shipCombat=0.0/0 ballistics=0.0/0 audioListener=0.0/0 combat+am=0.0/0 | draws=521 objects=6372 prims=108332 nodes=2934 gpu=281MB
sim-profile t=153.400s ticks=240 us/tick | Tick=1601.19 AI=87.12 AICommand=0.84 AIThink=10.93 AIDrive=60.70 AIEngage=11.61 Gunnery=0.52 ShipStep=403.17 Collision=472.78 Projectiles=0.58 Missiles=30.91 PointDefense=513.95 Drones=70.25 Sensors=7.09 Post=13.47
perf t=157s fps=87.9 frame=11ms | physics=4.4/7 sim=4.3/3 hudDraw=1.9/3 fxSync=0.9/2 shipViews=0.8/1 contacts=0.0/0 audioObserve=0.0/0 fxObserve=0.0/0 ordnance=0.0/0 shipCombat=0.0/0 ballistics=0.0/0 audioListener=0.0/0 combat+am=0.0/0 | draws=528 objects=6343 prims=108247 nodes=2934 gpu=281MB
sim-profile t=157.400s ticks=240 us/tick | Tick=1570.00 AI=89.63 AICommand=0.80 AIThink=10.43 AIDrive=59.27 AIEngage=15.95 Gunnery=0.51 ShipStep=393.32 Collision=462.43 Projectiles=0.57 Missiles=30.15 PointDefense=503.02 Drones=69.04 Sensors=6.87 Post=13.16
perf t=161s fps=88.6 frame=11ms | physics=4.4/8 sim=4.3/3 hudDraw=1.9/3 fxSync=0.8/1 shipViews=0.8/1 contacts=0.0/0 audioObserve=0.0/0 fxObserve=0.0/0 ordnance=0.0/0 shipCombat=0.0/0 ballistics=0.0/0 audioListener=0.0/0 combat+am=0.0/0 | draws=554 objects=6438 prims=109788 nodes=2934 gpu=281MB
sim-profile t=161.400s ticks=240 us/tick | Tick=1584.00 AI=97.13 AICommand=0.86 AIThink=10.29 AIDrive=61.56 AIEngage=21.39 Gunnery=0.59 ShipStep=392.12 Collision=465.16 Projectiles=0.56 Missiles=32.93 PointDefense=506.14 Drones=68.66 Sensors=6.59 Post=12.83
perf t=165s fps=65.8 frame=15ms | physics=7.8/12 sim=7.6/3 hudDraw=1.9/3 fxSync=1.1/2 shipViews=0.8/1 audioObserve=0.1/2 contacts=0.1/0 ordnance=0.1/1 fxObserve=0.0/0 shipCombat=0.0/0 ballistics=0.0/0 audioListener=0.0/0 combat+am=0.0/0 | draws=531 objects=6396 prims=109360 nodes=2946 gpu=281MB
sim-profile t=165.467s ticks=244 us/tick | Tick=2045.91 AI=242.78 AICommand=1.06 AIThink=10.68 AIDrive=75.68 AIEngage=152.16 Gunnery=0.59 ShipStep=490.20 Collision=472.64 Projectiles=0.60 Missiles=48.25 PointDefense=659.64 Drones=108.65 Sensors=6.57 Post=14.54
perf t=169s fps=83.2 frame=12ms | physics=4.8/7 sim=4.6/2 hudDraw=1.9/3 fxSync=1.2/1 shipViews=0.7/1 contacts=0.0/0 audioObserve=0.0/0 ordnance=0.0/1 fxObserve=0.0/0 shipCombat=0.0/0 ballistics=0.0/0 audioListener=0.0/0 combat+am=0.0/0 | draws=547 objects=6415 prims=110152 nodes=2946 gpu=281MB
sim-profile t=169.467s ticks=240 us/tick | Tick=1623.61 AI=88.21 AICommand=0.84 AIThink=10.47 AIDrive=59.78 AIEngage=14.10 Gunnery=0.51 ShipStep=395.63 Collision=464.24 Projectiles=0.55 Missiles=46.40 PointDefense=531.31 Drones=75.70 Sensors=6.44 Post=13.28
perf t=174s fps=73.0 frame=14ms | physics=6.0/9 sim=5.8/2 hudDraw=1.9/3 fxSync=1.4/3 shipViews=0.8/1 contacts=0.1/0 audioObserve=0.1/0 fxObserve=0.0/0 ordnance=0.0/0 shipCombat=0.0/0 ballistics=0.0/0 audioListener=0.0/0 combat+am=0.0/0 | draws=559 objects=6415 prims=111369 nodes=2960 gpu=281MB
sim-profile t=173.533s ticks=244 us/tick | Tick=1766.86 AI=88.17 AICommand=0.86 AIThink=11.44 AIDrive=60.62 AIEngage=12.15 Gunnery=0.52 ShipStep=399.22 Collision=466.60 Projectiles=0.58 Missiles=55.27 PointDefense=635.63 Drones=98.20 Sensors=7.25 Post=14.01
perf t=178s fps=63.4 frame=16ms | physics=7.5/12 sim=7.3/3 hudDraw=2.1/3 fxSync=1.3/2 shipViews=0.9/1 contacts=0.1/0 audioObserve=0.1/0 fxObserve=0.1/0 ordnance=0.0/0 shipCombat=0.0/0 ballistics=0.0/0 audioListener=0.0/0 combat+am=0.0/0 | draws=562 objects=6420 prims=112699 nodes=2958 gpu=281MB
sim-profile t=177.600s ticks=244 us/tick | Tick=1924.21 AI=99.45 AICommand=0.98 AIThink=12.28 AIDrive=68.18 AIEngage=14.46 Gunnery=0.60 ShipStep=449.26 Collision=533.98 Projectiles=0.65 Missiles=68.78 PointDefense=649.87 Drones=97.14 Sensors=7.38 Post=15.50
perf t=182s fps=73.0 frame=14ms | physics=6.1/8 sim=5.9/2 hudDraw=2.1/3 fxSync=1.1/2 shipViews=0.8/1 contacts=0.1/0 audioObserve=0.1/0 fxObserve=0.0/0 ordnance=0.0/0 shipCombat=0.0/1 ballistics=0.0/0 audioListener=0.0/0 combat+am=0.0/0 | draws=550 objects=6427 prims=109928 nodes=2958 gpu=281MB
sim-profile t=181.600s ticks=240 us/tick | Tick=1819.19 AI=94.29 AICommand=0.91 AIThink=11.59 AIDrive=65.47 AIEngage=13.05 Gunnery=0.56 ShipStep=425.61 Collision=503.34 Projectiles=0.60 Missiles=61.72 PointDefense=617.98 Drones=91.95 Sensors=7.25 Post=14.43
perf t=186s fps=68.6 frame=15ms | physics=6.8/9 sim=6.6/3 hudDraw=2.1/3 fxSync=0.9/1 shipViews=0.8/1 contacts=0.1/0 audioObserve=0.1/0 fxObserve=0.0/0 ordnance=0.0/0 shipCombat=0.0/0 ballistics=0.0/0 audioListener=0.0/0 combat+am=0.0/0 | draws=547 objects=6404 prims=115364 nodes=2958 gpu=281MB
sim-profile t=185.667s ticks=244 us/tick | Tick=1857.97 AI=98.43 AICommand=1.70 AIThink=11.95 AIDrive=66.70 AIEngage=14.68 Gunnery=0.57 ShipStep=436.53 Collision=512.67 Projectiles=0.70 Missiles=62.96 PointDefense=627.84 Drones=94.51 Sensors=7.09 Post=15.11
perf t=190s fps=73.4 frame=14ms | physics=6.0/9 sim=5.8/3 hudDraw=2.0/3 fxSync=1.1/2 shipViews=0.8/1 contacts=0.1/0 audioObserve=0.1/0 fxObserve=0.0/0 ordnance=0.0/0 shipCombat=0.0/0 ballistics=0.0/0 audioListener=0.0/0 combat+am=0.0/0 | draws=573 objects=6460 prims=131318 nodes=2958 gpu=281MB
sim-profile t=189.667s ticks=240 us/tick | Tick=1802.54 AI=94.10 AICommand=0.87 AIThink=11.25 AIDrive=65.95 AIEngage=12.58 Gunnery=0.56 ShipStep=421.39 Collision=498.83 Projectiles=0.60 Missiles=61.17 PointDefense=611.66 Drones=91.58 Sensors=7.14 Post=14.09
perf t=194s fps=69.8 frame=14ms | physics=6.4/10 sim=6.2/4 hudDraw=2.0/3 fxSync=1.4/2 shipViews=0.8/1 contacts=0.1/0 audioObserve=0.1/0 fxObserve=0.0/0 ordnance=0.0/0 shipCombat=0.0/0 ballistics=0.0/0 audioListener=0.0/0 combat+am=0.0/0 | draws=563 objects=6474 prims=118750 nodes=2958 gpu=281MB
sim-profile t=193.667s ticks=240 us/tick | Tick=1821.09 AI=111.28 AICommand=10.34 AIThink=11.67 AIDrive=65.35 AIEngage=20.62 Gunnery=0.57 ShipStep=422.50 Collision=499.46 Projectiles=0.63 Missiles=61.11 PointDefense=611.00 Drones=91.41 Sensors=7.29 Post=14.43
perf t=198s fps=45.3 frame=22ms | physics=12.3/37 sim=11.6/11 hudDraw=2.2/3 fxSync=1.5/2 shipViews=0.9/1 shipCombat=0.8/37 audioObserve=0.4/8 ballistics=0.2/10 fxObserve=0.1/2 contacts=0.1/0 ordnance=0.1/1 audioListener=0.0/0 combat+am=0.0/0 | draws=566 objects=6456 prims=134106 nodes=2959 gpu=281MB
sim-profile t=197.600s ticks=236 us/tick | Tick=2264.52 AI=216.93 AICommand=0.86 AIThink=12.37 AIDrive=81.10 AIEngage=118.85 Gunnery=0.67 ShipStep=533.99 Collision=550.61 Projectiles=0.93 Missiles=108.95 PointDefense=716.41 Drones=109.25 Sensors=8.24 Post=16.88
perf t=202s fps=50.0 frame=20ms | physics=11.6/13 sim=11.3/4 hudDraw=2.2/3 fxSync=1.3/2 shipViews=0.9/1 audioObserve=0.1/1 contacts=0.1/0 fxObserve=0.1/0 ordnance=0.1/0 shipCombat=0.0/0 ballistics=0.0/0 audioListener=0.0/0 combat+am=0.0/0 | draws=563 objects=6459 prims=118778 nodes=2962 gpu=281MB
sim-profile t=201.667s ticks=244 us/tick | Tick=2306.09 AI=222.98 AICommand=0.93 AIThink=12.46 AIDrive=80.67 AIEngage=125.25 Gunnery=0.70 ShipStep=529.03 Collision=545.77 Projectiles=0.83 Missiles=72.77 PointDefense=780.23 Drones=127.90 Sensors=7.42 Post=16.75
perf t=206s fps=71.1 frame=14ms | physics=6.4/10 sim=6.2/3 hudDraw=2.0/3 fxSync=1.3/2 shipViews=0.8/1 audioObserve=0.1/0 contacts=0.1/0 fxObserve=0.1/1 ordnance=0.0/0 shipCombat=0.0/0 ballistics=0.0/0 audioListener=0.0/0 combat+am=0.0/0 | draws=560 objects=6448 prims=110482 nodes=2964 gpu=281MB
sim-profile t=205.800s ticks=248 us/tick | Tick=1808.72 AI=102.48 AICommand=0.84 AIThink=10.90 AIDrive=62.59 AIEngage=25.05 Gunnery=0.54 ShipStep=416.31 Collision=478.62 Projectiles=0.61 Missiles=70.26 PointDefense=622.78 Drones=94.46 Sensors=6.95 Post=14.25
perf t=210s fps=74.8 frame=13ms | physics=5.9/11 sim=5.8/4 hudDraw=2.0/3 fxSync=1.0/2 shipViews=0.8/1 contacts=0.1/0 audioObserve=0.1/0 fxObserve=0.0/0 ordnance=0.0/0 shipCombat=0.0/0 ballistics=0.0/0 audioListener=0.0/0 combat+am=0.0/0 | draws=550 objects=6482 prims=109166 nodes=2966 gpu=281MB
sim-profile t=209.800s ticks=240 us/tick | Tick=1802.03 AI=93.93 AICommand=0.91 AIThink=11.31 AIDrive=65.82 AIEngage=12.69 Gunnery=0.55 ShipStep=418.06 Collision=493.78 Projectiles=0.63 Missiles=66.71 PointDefense=612.91 Drones=93.00 Sensors=6.88 Post=14.18
perf t=214s fps=78.6 frame=13ms | physics=5.7/12 sim=5.6/3 hudDraw=2.0/3 shipViews=0.8/1 fxSync=0.6/1 contacts=0.1/0 audioObserve=0.0/0 ordnance=0.0/0 fxObserve=0.0/0 shipCombat=0.0/0 ballistics=0.0/0 audioListener=0.0/0 combat+am=0.0/0 | draws=542 objects=6529 prims=107944 nodes=2964 gpu=281MB
sim-profile t=213.867s ticks=244 us/tick | Tick=1800.24 AI=91.63 AICommand=0.81 AIThink=11.36 AIDrive=63.45 AIEngage=12.69 Gunnery=0.54 ShipStep=416.54 Collision=491.06 Projectiles=0.63 Missiles=61.53 PointDefense=620.17 Drones=95.46 Sensors=7.07 Post=14.19
perf t=218s fps=83.8 frame=12ms | physics=5.0/8 sim=4.9/2 hudDraw=2.0/3 shipViews=0.8/1 fxSync=0.5/1 contacts=0.0/0 audioObserve=0.0/0 ordnance=0.0/0 fxObserve=0.0/0 shipCombat=0.0/0 ballistics=0.0/0 audioListener=0.0/0 combat+am=0.0/0 | draws=613 objects=6672 prims=127772 nodes=2964 gpu=281MB
sim-profile t=217.867s ticks=240 us/tick | Tick=1714.15 AI=88.67 AICommand=1.81 AIThink=10.74 AIDrive=61.02 AIEngage=12.07 Gunnery=0.53 ShipStep=397.64 Collision=466.80 Projectiles=0.54 Missiles=55.60 PointDefense=591.86 Drones=90.90 Sensors=6.53 Post=13.66
perf t=222s fps=77.3 frame=13ms | physics=5.5/8 sim=5.3/2 hudDraw=2.2/4 shipViews=0.8/1 fxSync=0.7/1 contacts=0.1/0 audioObserve=0.0/0 fxObserve=0.0/0 ordnance=0.0/0 shipCombat=0.0/0 ballistics=0.0/0 audioListener=0.0/0 combat+am=0.0/0 | draws=697 objects=7823 prims=209517 nodes=2964 gpu=285MB
sim-profile t=221.867s ticks=240 us/tick | Tick=1736.80 AI=93.21 AICommand=0.84 AIThink=11.13 AIDrive=65.57 AIEngage=12.48 Gunnery=0.53 ShipStep=403.25 Collision=472.08 Projectiles=0.61 Missiles=55.59 PointDefense=597.43 Drones=91.54 Sensors=7.00 Post=14.13
perf t=226s fps=58.3 frame=17ms | physics=8.1/12 sim=7.9/3 hudDraw=2.6/4 fxSync=1.3/2 shipViews=0.8/1 contacts=0.1/0 audioObserve=0.1/0 fxObserve=0.1/0 ordnance=0.0/0 shipCombat=0.0/0 ballistics=0.0/0 audioListener=0.0/0 combat+am=0.0/0 | draws=909 objects=7299 prims=337471 nodes=2964 gpu=285MB
sim-profile t=225.933s ticks=244 us/tick | Tick=1908.39 AI=100.39 AICommand=0.96 AIThink=12.49 AIDrive=68.24 AIEngage=15.09 Gunnery=0.60 ShipStep=445.87 Collision=519.28 Projectiles=0.77 Missiles=61.00 PointDefense=654.37 Drones=100.34 Sensors=8.05 Post=16.13
perf t=230s fps=56.8 frame=18ms | physics=8.4/12 sim=8.1/3 hudDraw=2.6/4 fxSync=1.3/2 shipViews=0.8/1 contacts=0.1/0 audioObserve=0.1/0 fxObserve=0.1/0 ordnance=0.0/0 shipCombat=0.0/0 ballistics=0.0/0 audioListener=0.0/0 combat+am=0.0/0 | draws=917 objects=7206 prims=303403 nodes=2964 gpu=285MB
sim-profile t=229.867s ticks=236 us/tick | Tick=1962.74 AI=121.41 AICommand=1.08 AIThink=12.48 AIDrive=70.14 AIEngage=34.11 Gunnery=0.62 ShipStep=460.01 Collision=530.48 Projectiles=0.66 Missiles=61.93 PointDefense=661.34 Drones=101.20 Sensors=7.85 Post=15.69
perf t=234s fps=58.5 frame=17ms | physics=8.6/11 sim=8.3/3 hudDraw=2.3/3 fxSync=1.2/1 shipViews=0.8/1 fxObserve=0.1/3 audioObserve=0.1/0 contacts=0.1/0 ordnance=0.1/0 shipCombat=0.0/0 ballistics=0.0/0 audioListener=0.0/0 combat+am=0.0/0 | draws=971 objects=7274 prims=339619 nodes=2961 gpu=285MB
sim-profile t=233.933s ticks=244 us/tick | Tick=2006.91 AI=156.22 AICommand=0.84 AIThink=11.61 AIDrive=68.45 AIEngage=72.11 Gunnery=0.59 ShipStep=457.67 Collision=496.43 Projectiles=0.59 Missiles=58.47 PointDefense=705.78 Drones=108.25 Sensors=6.99 Post=14.35
perf t=238s fps=59.6 frame=17ms | physics=8.3/10 sim=8.1/3 hudDraw=2.4/4 shipViews=0.8/1 fxSync=0.8/1 audioObserve=0.1/0 contacts=0.1/0 fxObserve=0.0/0 ordnance=0.0/0 shipCombat=0.0/0 ballistics=0.0/0 audioListener=0.0/0 combat+am=0.0/0 | draws=948 objects=7196 prims=323424 nodes=2968 gpu=285MB
sim-profile t=238.000s ticks=244 us/tick | Tick=1995.22 AI=143.02 AICommand=1.03 AIThink=11.35 AIDrive=69.59 AIEngage=57.65 Gunnery=0.59 ShipStep=454.65 Collision=508.41 Projectiles=0.65 Missiles=58.78 PointDefense=695.93 Drones=109.48 Sensors=7.25 Post=14.96
perf t=242s fps=62.3 frame=16ms | physics=7.8/10 sim=7.5/3 hudDraw=2.3/4 shipViews=0.8/1 fxSync=0.7/1 audioObserve=0.1/1 contacts=0.1/0 ordnance=0.0/0 fxObserve=0.0/0 shipCombat=0.0/0 ballistics=0.0/0 audioListener=0.0/0 combat+am=0.0/0 | draws=953 objects=7237 prims=345756 nodes=2966 gpu=285MB
sim-profile t=242.067s ticks=244 us/tick | Tick=1944.66 AI=127.34 AICommand=1.17 AIThink=11.98 AIDrive=69.15 AIEngage=41.69 Gunnery=0.57 ShipStep=444.93 Collision=500.33 Projectiles=0.59 Missiles=61.86 PointDefense=680.81 Drones=105.14 Sensors=6.96 Post=14.63
perf t=246s fps=64.1 frame=16ms | physics=7.3/10 sim=7.1/3 hudDraw=2.4/3 shipViews=0.9/1 fxSync=0.5/1 contacts=0.1/0 audioObserve=0.1/0 ordnance=0.1/1 fxObserve=0.0/0 shipCombat=0.0/0 ballistics=0.0/0 audioListener=0.0/0 combat+am=0.0/0 | draws=937 objects=7181 prims=367990 nodes=2968 gpu=285MB
sim-profile t=246.067s ticks=240 us/tick | Tick=1929.42 AI=99.09 AICommand=0.89 AIThink=12.08 AIDrive=68.51 AIEngage=14.15 Gunnery=0.60 ShipStep=440.79 Collision=519.00 Projectiles=0.64 Missiles=67.99 PointDefense=672.81 Drones=104.44 Sensors=7.24 Post=15.28
perf t=250s fps=59.5 frame=17ms | physics=8.2/10 sim=8.0/3 hudDraw=2.5/4 shipViews=0.9/1 fxSync=0.6/1 contacts=0.1/0 audioObserve=0.1/0 fxObserve=0.0/0 ordnance=0.0/0 shipCombat=0.0/0 ballistics=0.0/0 audioListener=0.0/0 combat+am=0.0/0 | draws=931 objects=7325 prims=389414 nodes=2968 gpu=285MB
sim-profile t=250.133s ticks=244 us/tick | Tick=1971.45 AI=101.39 AICommand=0.92 AIThink=12.52 AIDrive=70.19 AIEngage=14.20 Gunnery=0.62 ShipStep=450.92 Collision=531.73 Projectiles=0.68 Missiles=64.85 PointDefense=688.53 Drones=107.29 Sensors=7.94 Post=15.97
perf t=254s fps=67.7 frame=15ms | physics=6.8/10 sim=6.6/3 hudDraw=2.3/3 shipViews=0.8/1 fxSync=0.6/1 contacts=0.1/0 audioObserve=0.1/0 ordnance=0.0/0 fxObserve=0.0/0 shipCombat=0.0/0 ballistics=0.0/0 audioListener=0.0/0 combat+am=0.0/0 | draws=802 objects=6834 prims=171443 nodes=2968 gpu=289MB
sim-profile t=254.133s ticks=240 us/tick | Tick=1876.52 AI=98.59 AICommand=0.85 AIThink=11.71 AIDrive=67.00 AIEngage=15.51 Gunnery=0.57 ShipStep=426.62 Collision=506.22 Projectiles=0.57 Missiles=60.10 PointDefense=657.16 Drones=103.01 Sensors=7.32 Post=14.92
perf t=258s fps=74.7 frame=13ms | physics=5.8/8 sim=5.7/2 hudDraw=2.1/3 fxSync=0.9/1 shipViews=0.8/1 contacts=0.1/0 audioObserve=0.1/0 fxObserve=0.0/0 ordnance=0.0/0 shipCombat=0.0/0 ballistics=0.0/0 audioListener=0.0/0 combat+am=0.0/0 | draws=647 objects=6651 prims=128553 nodes=2968 gpu=289MB
sim-profile t=258.133s ticks=240 us/tick | Tick=1770.19 AI=90.12 AICommand=0.83 AIThink=11.05 AIDrive=62.42 AIEngage=12.59 Gunnery=0.54 ShipStep=402.21 Collision=479.71 Projectiles=0.56 Missiles=56.50 PointDefense=621.86 Drones=96.86 Sensors=6.62 Post=13.83
perf t=262s fps=67.9 frame=15ms | physics=6.6/8 sim=6.4/3 hudDraw=2.2/3 fxSync=1.3/2 shipViews=0.8/1 contacts=0.1/0 audioObserve=0.1/0 fxObserve=0.0/0 ordnance=0.0/0 shipCombat=0.0/0 ballistics=0.0/0 audioListener=0.0/0 combat+am=0.0/0 | draws=722 objects=6688 prims=135333 nodes=2968 gpu=289MB
sim-profile t=262.133s ticks=240 us/tick | Tick=1808.38 AI=97.24 AICommand=0.91 AIThink=11.39 AIDrive=63.93 AIEngage=17.77 Gunnery=0.56 ShipStep=412.28 Collision=484.17 Projectiles=0.59 Missiles=58.41 PointDefense=633.72 Drones=98.73 Sensors=6.84 Post=14.39
perf t=266s fps=60.1 frame=17ms | physics=7.9/15 sim=7.7/5 hudDraw=2.3/4 fxSync=1.4/2 shipViews=0.8/1 contacts=0.1/0 audioObserve=0.1/0 fxObserve=0.1/0 ordnance=0.0/0 shipCombat=0.0/0 ballistics=0.0/0 audioListener=0.0/0 combat+am=0.0/0 | draws=669 objects=6544 prims=130941 nodes=2970 gpu=289MB
sim-profile t=266.133s ticks=240 us/tick | Tick=1955.43 AI=136.48 AICommand=0.90 AIThink=11.73 AIDrive=68.03 AIEngage=52.49 Gunnery=0.59 ShipStep=444.93 Collision=501.20 Projectiles=0.65 Missiles=62.26 PointDefense=683.94 Drones=102.36 Sensors=7.30 Post=14.29
perf t=270s fps=53.5 frame=19ms | physics=10.0/13 sim=9.7/4 hudDraw=2.3/4 fxSync=1.2/2 shipViews=0.9/1 audioObserve=0.1/2 contacts=0.1/0 fxObserve=0.1/0 ordnance=0.1/0 shipCombat=0.0/0 ballistics=0.0/0 audioListener=0.0/0 combat+am=0.0/0 | draws=667 objects=6581 prims=136621 nodes=2965 gpu=289MB
sim-profile t=270.267s ticks=248 us/tick | Tick=2152.95 AI=165.34 AICommand=1.00 AIThink=12.39 AIDrive=75.87 AIEngage=72.43 Gunnery=0.65 ShipStep=494.36 Collision=542.29 Projectiles=0.71 Missiles=62.72 PointDefense=744.57 Drones=116.11 Sensors=8.10 Post=16.48
perf t=274s fps=58.7 frame=17ms | physics=9.0/18 sim=8.7/12 hudDraw=2.3/3 fxSync=0.8/1 shipViews=0.8/1 audioObserve=0.1/0 contacts=0.1/0 ordnance=0.1/0 fxObserve=0.1/0 shipCombat=0.0/0 ballistics=0.0/0 audioListener=0.0/0 combat+am=0.0/0 | draws=636 objects=6551 prims=124501 nodes=2970 gpu=289MB
sim-profile t=274.267s ticks=240 us/tick | Tick=2148.18 AI=175.38 AICommand=42.43 AIThink=11.71 AIDrive=70.41 AIEngage=47.37 Gunnery=0.61 ShipStep=463.97 Collision=518.06 Projectiles=0.68 Missiles=63.32 PointDefense=778.81 Drones=123.10 Sensors=7.10 Post=15.52
perf t=278s fps=77.8 frame=13ms | physics=5.6/10 sim=5.5/3 hudDraw=1.9/3 fxSync=0.9/1 shipViews=0.8/1 contacts=0.0/0 audioObserve=0.0/0 ordnance=0.0/0 fxObserve=0.0/0 shipCombat=0.0/0 ballistics=0.0/0 audioListener=0.0/0 combat+am=0.0/0 | draws=584 objects=6453 prims=122339 nodes=2976 gpu=289MB
sim-profile t=278.333s ticks=244 us/tick | Tick=1750.30 AI=89.86 AICommand=1.07 AIThink=11.15 AIDrive=60.79 AIEngage=13.61 Gunnery=0.51 ShipStep=395.61 Collision=474.51 Projectiles=0.56 Missiles=59.54 PointDefense=613.80 Drones=95.09 Sensors=6.88 Post=12.64
perf t=282s fps=80.6 frame=12ms | physics=5.3/9 sim=5.2/3 hudDraw=1.9/3 fxSync=0.9/1 shipViews=0.7/1 contacts=0.0/0 audioObserve=0.0/0 ordnance=0.0/0 fxObserve=0.0/0 shipCombat=0.0/0 ballistics=0.0/0 audioListener=0.0/0 combat+am=0.0/0 | draws=575 objects=6448 prims=125645 nodes=2974 gpu=289MB
sim-profile t=282.333s ticks=240 us/tick | Tick=1750.79 AI=87.82 AICommand=0.93 AIThink=10.90 AIDrive=61.10 AIEngage=11.79 Gunnery=0.51 ShipStep=391.91 Collision=471.65 Projectiles=0.55 Missiles=61.45 PointDefense=617.44 Drones=98.59 Sensors=6.99 Post=12.60
perf t=286s fps=75.7 frame=13ms | physics=6.0/9 sim=5.9/3 hudDraw=2.1/3 fxSync=0.8/1 shipViews=0.8/1 contacts=0.1/0 audioObserve=0.0/0 ordnance=0.0/0 fxObserve=0.0/0 shipCombat=0.0/0 ballistics=0.0/0 audioListener=0.0/0 combat+am=0.0/0 | draws=589 objects=6497 prims=128689 nodes=2974 gpu=289MB
sim-profile t=286.400s ticks=244 us/tick | Tick=1822.38 AI=92.45 AICommand=1.04 AIThink=11.18 AIDrive=64.91 AIEngage=12.15 Gunnery=0.53 ShipStep=408.79 Collision=491.57 Projectiles=0.52 Missiles=61.30 PointDefense=643.96 Drones=102.37 Sensors=6.69 Post=12.86
perf t=290s fps=44.0 frame=23ms | physics=13.5/15 sim=13.1/4 hudDraw=2.6/4 shipViews=1.0/1 fxSync=0.8/2 contacts=0.1/0 audioObserve=0.1/0 fxObserve=0.1/0 ordnance=0.0/0 ballistics=0.0/0 shipCombat=0.0/0 audioListener=0.0/0 combat+am=0.0/0 | draws=566 objects=6497 prims=127329 nodes=2974 gpu=289MB
sim-profile t=290.400s ticks=240 us/tick | Tick=2454.62 AI=124.70 AICommand=1.35 AIThink=15.47 AIDrive=84.47 AIEngage=19.05 Gunnery=0.86 ShipStep=560.50 Collision=650.14 Projectiles=1.09 Missiles=88.40 PointDefense=857.64 Drones=139.29 Sensors=9.44 Post=20.55
perf t=294s fps=58.7 frame=17ms | physics=8.8/14 sim=8.6/4 hudDraw=2.2/3 fxSync=1.2/2 shipViews=0.8/1 contacts=0.1/0 audioObserve=0.1/0 fxObserve=0.1/0 ordnance=0.0/0 shipCombat=0.0/0 ballistics=0.0/0 audioListener=0.0/0 combat+am=0.0/0 | draws=538 objects=6453 prims=109447 nodes=2974 gpu=289MB
sim-profile t=294.467s ticks=244 us/tick | Tick=2070.56 AI=103.66 AICommand=1.07 AIThink=12.58 AIDrive=72.13 AIEngage=14.21 Gunnery=0.62 ShipStep=467.96 Collision=555.37 Projectiles=0.71 Missiles=69.78 PointDefense=731.33 Drones=116.03 Sensors=7.70 Post=15.83
perf t=299s fps=60.5 frame=17ms | physics=8.0/11 sim=7.8/3 hudDraw=2.2/3 fxSync=1.5/2 shipViews=0.8/1 contacts=0.1/0 audioObserve=0.1/0 fxObserve=0.1/0 ordnance=0.0/0 shipCombat=0.0/0 ballistics=0.0/0 audioListener=0.0/0 combat+am=0.0/0 | draws=529 objects=6444 prims=109647 nodes=2974 gpu=289MB
sim-profile t=298.533s ticks=244 us/tick | Tick=1944.61 AI=111.18 AICommand=1.56 AIThink=12.59 AIDrive=69.21 AIEngage=24.27 Gunnery=0.61 ShipStep=438.49 Collision=513.55 Projectiles=0.63 Missiles=65.55 PointDefense=680.69 Drones=109.17 Sensors=7.81 Post=15.47
perf t=303s fps=60.2 frame=17ms | physics=8.6/14 sim=8.4/4 hudDraw=2.1/3 fxSync=1.4/2 shipViews=0.8/1 contacts=0.1/0 audioObserve=0.1/0 fxObserve=0.1/0 ordnance=0.0/0 shipCombat=0.0/0 ballistics=0.0/0 audioListener=0.0/0 combat+am=0.0/0 | draws=544 objects=6466 prims=110143 nodes=2976 gpu=289MB
sim-profile t=302.533s ticks=240 us/tick | Tick=2141.45 AI=181.87 AICommand=0.99 AIThink=11.43 AIDrive=72.23 AIEngage=93.90 Gunnery=0.59 ShipStep=477.45 Collision=512.66 Projectiles=0.57 Missiles=68.50 PointDefense=751.59 Drones=126.04 Sensors=7.16 Post=13.56
perf t=307s fps=41.6 frame=24ms | physics=15.4/16 sim=15.0/4 hudDraw=2.4/4 fxSync=1.0/2 shipViews=0.9/1 audioObserve=0.2/0 contacts=0.1/0 fxObserve=0.1/0 ordnance=0.1/0 shipCombat=0.0/0 ballistics=0.0/0 audioListener=0.0/0 combat+am=0.0/0 | draws=551 objects=6445 prims=117679 nodes=2972 gpu=289MB
sim-profile t=306.667s ticks=248 us/tick | Tick=2544.85 AI=256.63 AICommand=1.92 AIThink=13.27 AIDrive=89.39 AIEngage=148.13 Gunnery=0.76 ShipStep=584.93 Collision=602.72 Projectiles=0.79 Missiles=82.44 PointDefense=854.69 Drones=134.47 Sensors=7.95 Post=17.69
perf t=311s fps=57.9 frame=17ms | physics=8.7/16 sim=8.5/6 hudDraw=2.1/3 ballistics=1.1/63 fxSync=0.8/1 shipViews=0.8/1 audioObserve=0.1/1 contacts=0.1/0 fxObserve=0.1/1 ordnance=0.0/0 shipCombat=0.0/0 audioListener=0.0/0 combat+am=0.0/0 | draws=530 objects=6421 prims=107839 nodes=3011 gpu=289MB
sim-profile t=310.667s ticks=240 us/tick | Tick=2043.14 AI=131.63 AICommand=1.01 AIThink=36.28 AIDrive=66.76 AIEngage=24.27 Gunnery=0.58 ShipStep=440.97 Collision=510.22 Projectiles=0.65 Missiles=80.26 PointDefense=737.65 Drones=117.64 Sensors=7.14 Post=14.96
perf t=315s fps=84.2 frame=12ms | physics=5.3/9 sim=5.1/3 hudDraw=1.9/2 shipViews=0.8/1 fxSync=0.5/1 audioObserve=0.1/0 contacts=0.0/0 ballistics=0.0/0 ordnance=0.0/0 fxObserve=0.0/0 shipCombat=0.0/0 audioListener=0.0/0 combat+am=0.0/0 | draws=526 objects=6419 prims=107265 nodes=3016 gpu=289MB
sim-profile t=314.667s ticks=240 us/tick | Tick=1820.76 AI=106.88 AICommand=0.92 AIThink=29.11 AIDrive=61.74 AIEngage=12.00 Gunnery=0.53 ShipStep=403.62 Collision=473.93 Projectiles=0.52 Missiles=66.95 PointDefense=642.03 Drones=104.81 Sensors=6.79 Post=13.39
perf t=319s fps=70.6 frame=14ms | physics=7.0/14 sim=6.8/4 hudDraw=2.0/3 shipViews=0.8/1 fxSync=0.5/1 contacts=0.1/0 audioObserve=0.1/0 ordnance=0.0/0 fxObserve=0.0/0 ballistics=0.0/0 shipCombat=0.0/0 audioListener=0.0/0 combat+am=0.0/0 | draws=542 objects=6454 prims=107786 nodes=3015 gpu=289MB
sim-profile t=318.667s ticks=240 us/tick | Tick=2007.16 AI=103.17 AICommand=1.03 AIThink=12.25 AIDrive=67.24 AIEngage=19.05 Gunnery=0.60 ShipStep=442.73 Collision=521.61 Projectiles=0.65 Missiles=79.34 PointDefense=714.87 Drones=119.15 Sensors=8.05 Post=15.42
perf t=323s fps=27.9 frame=36ms | physics=24.8/16 sim=24.0/4 hudDraw=3.2/4 shipViews=1.2/2 fxSync=1.0/2 audioObserve=0.3/0 contacts=0.3/0 fxObserve=0.2/0 ordnance=0.1/0 ballistics=0.0/0 shipCombat=0.0/0 audioListener=0.0/0 combat+am=0.0/0 | draws=527 objects=6437 prims=107876 nodes=3011 gpu=289MB
sim-profile t=322.600s ticks=236 us/tick | Tick=2944.75 AI=144.18 AICommand=1.10 AIThink=16.80 AIDrive=100.87 AIEngage=20.49 Gunnery=0.92 ShipStep=656.50 Collision=776.11 Projectiles=1.45 Missiles=121.72 PointDefense=1037.22 Drones=168.60 Sensors=10.37 Post=25.22
perf t=327s fps=34.2 frame=29ms | physics=18.2/17 sim=17.6/4 hudDraw=2.9/4 fxSync=1.8/3 shipViews=1.1/2 contacts=0.2/0 audioObserve=0.2/0 fxObserve=0.2/0 ordnance=0.1/0 ballistics=0.0/0 shipCombat=0.0/0 audioListener=0.0/0 combat+am=0.0/0 | draws=572 objects=6483 prims=118384 nodes=3011 gpu=289MB
sim-profile t=326.800s ticks=252 us/tick | Tick=2443.36 AI=119.85 AICommand=0.99 AIThink=14.15 AIDrive=83.52 AIEngage=16.90 Gunnery=0.81 ShipStep=548.92 Collision=646.43 Projectiles=1.00 Missiles=93.35 PointDefense=862.25 Drones=138.63 Sensors=9.14 Post=21.02
perf t=331s fps=16.6 frame=60ms | physics=45.9/17 sim=44.4/5 hudDraw=3.7/6 fxSync=3.0/4 shipViews=1.3/2 contacts=0.5/0 fxObserve=0.5/0 audioObserve=0.4/0 ordnance=0.1/0 ballistics=0.0/0 shipCombat=0.0/0 combat+am=0.0/0 audioListener=0.0/0 | draws=568 objects=6485 prims=118793 nodes=3011 gpu=289MB
sim-profile t=331.000s ticks=252 us/tick | Tick=2996.68 AI=144.66 AICommand=1.27 AIThink=16.75 AIDrive=98.52 AIEngage=23.10 Gunnery=0.92 ShipStep=675.93 Collision=803.39 Projectiles=1.41 Missiles=116.17 PointDefense=1044.38 Drones=173.43 Sensors=10.42 Post=23.49
perf t=335s fps=37.1 frame=27ms | physics=16.1/14 sim=15.7/5 fxSync=2.8/5 hudDraw=2.5/4 shipViews=1.0/1 fxObserve=0.1/0 contacts=0.1/0 audioObserve=0.1/0 ordnance=0.0/0 ballistics=0.0/0 shipCombat=0.0/0 audioListener=0.0/0 combat+am=0.0/0 | draws=564 objects=6483 prims=113270 nodes=3011 gpu=289MB
sim-profile t=335.133s ticks=248 us/tick | Tick=2397.78 AI=201.48 AICommand=10.50 AIThink=13.60 AIDrive=78.76 AIEngage=94.86 Gunnery=0.70 ShipStep=517.09 Collision=573.21 Projectiles=0.77 Missiles=86.98 PointDefense=845.83 Drones=145.33 Sensors=7.96 Post=16.66
perf t=339s fps=40.3 frame=25ms | physics=15.2/13 sim=14.8/4 fxSync=2.4/3 hudDraw=2.3/3 shipViews=0.8/1 audioObserve=0.1/0 fxObserve=0.1/0 contacts=0.1/0 ordnance=0.1/0 ballistics=0.0/0 shipCombat=0.0/0 audioListener=0.0/0 combat+am=0.0/0 | draws=551 objects=6449 prims=111403 nodes=3004 gpu=289MB
sim-profile t=339.200s ticks=244 us/tick | Tick=2489.51 AI=303.50 AICommand=0.86 AIThink=17.10 AIDrive=83.02 AIEngage=198.92 Gunnery=0.66 ShipStep=538.04 Collision=528.50 Projectiles=0.70 Missiles=82.18 PointDefense=870.58 Drones=140.80 Sensors=7.46 Post=15.49
perf t=343s fps=48.7 frame=21ms | physics=11.6/14 sim=11.2/4 hudDraw=2.3/3 fxSync=1.6/2 shipViews=0.9/1 audioObserve=0.1/0 contacts=0.1/0 fxObserve=0.1/0 ordnance=0.1/0 ballistics=0.0/0 shipCombat=0.0/0 audioListener=0.0/0 combat+am=0.0/0 | draws=534 objects=6410 prims=110305 nodes=3036 gpu=289MB
sim-profile t=343.200s ticks=240 us/tick | Tick=2286.87 AI=166.23 AICommand=0.98 AIThink=30.93 AIDrive=73.22 AIEngage=57.35 Gunnery=0.66 ShipStep=478.91 Collision=553.41 Projectiles=0.73 Missiles=96.11 PointDefense=828.38 Drones=136.08 Sensors=7.76 Post=16.97
perf t=347s fps=54.1 frame=18ms | physics=10.1/14 sim=9.9/4 hudDraw=2.2/3 fxSync=1.3/2 shipViews=0.8/1 audioObserve=0.1/0 contacts=0.1/0 ordnance=0.1/0 fxObserve=0.1/0 ballistics=0.0/0 shipCombat=0.0/0 audioListener=0.0/0 combat+am=0.0/0 | draws=514 objects=6457 prims=108717 nodes=3061 gpu=289MB
sim-profile t=347.200s ticks=240 us/tick | Tick=2262.37 AI=111.34 AICommand=0.95 AIThink=24.46 AIDrive=67.15 AIEngage=15.36 Gunnery=0.60 ShipStep=430.23 Collision=514.16 Projectiles=0.63 Missiles=124.10 PointDefense=900.76 Drones=156.18 Sensors=7.67 Post=15.23
perf t=351s fps=48.3 frame=21ms | physics=12.3/11 sim=11.9/4 hudDraw=2.3/3 fxSync=1.4/2 shipViews=0.8/1 audioObserve=0.1/0 contacts=0.1/0 fxObserve=0.1/0 ordnance=0.1/0 ballistics=0.0/0 shipCombat=0.0/0 audioListener=0.0/0 combat+am=0.0/0 | draws=611 objects=6562 prims=163466 nodes=3065 gpu=289MB
sim-profile t=351.333s ticks=248 us/tick | Tick=2360.68 AI=108.32 AICommand=0.88 AIThink=21.04 AIDrive=67.48 AIEngage=15.59 Gunnery=0.59 ShipStep=436.70 Collision=522.81 Projectiles=0.59 Missiles=156.05 PointDefense=934.91 Drones=176.43 Sensors=8.13 Post=14.69
perf t=355s fps=53.8 frame=19ms | physics=9.9/9 sim=9.7/3 hudDraw=2.1/3 fxSync=2.0/3 shipViews=0.8/1 fxObserve=0.1/0 contacts=0.1/0 ordnance=0.1/0 audioObserve=0.1/0 ballistics=0.0/0 shipCombat=0.0/0 audioListener=0.0/0 combat+am=0.0/0 | draws=643 objects=6599 prims=169038 nodes=3065 gpu=289MB
sim-profile t=355.400s ticks=244 us/tick | Tick=2182.57 AI=90.52 AICommand=0.82 AIThink=11.18 AIDrive=61.12 AIEngage=14.43 Gunnery=0.52 ShipStep=404.63 Collision=485.76 Projectiles=0.54 Missiles=142.25 PointDefense=873.87 Drones=163.69 Sensors=6.92 Post=12.55
perf t=359s fps=42.7 frame=23ms | physics=12.9/15 sim=12.6/8 fxSync=3.5/5 hudDraw=2.3/3 shipViews=0.8/1 fxObserve=0.2/0 contacts=0.1/0 audioObserve=0.1/0 ordnance=0.1/0 ballistics=0.0/0 shipCombat=0.0/0 audioListener=0.0/0 combat+am=0.0/0 | draws=728 objects=6688 prims=242468 nodes=3065 gpu=289MB
sim-profile t=359.400s ticks=240 us/tick | Tick=2255.94 AI=91.04 AICommand=0.73 AIThink=11.22 AIDrive=62.00 AIEngage=14.09 Gunnery=0.53 ShipStep=439.00 Collision=499.13 Projectiles=0.55 Missiles=146.01 PointDefense=890.82 Drones=167.69 Sensors=7.19 Post=12.63
perf t=363s fps=39.8 frame=25ms | physics=13.2/11 sim=12.8/3 fxSync=5.1/6 hudDraw=2.2/2 shipViews=0.8/1 fxObserve=0.2/0 contacts=0.1/0 audioObserve=0.1/0 ordnance=0.1/0 ballistics=0.0/0 shipCombat=0.0/0 audioListener=0.0/0 combat+am=0.0/0 | draws=735 objects=6695 prims=221982 nodes=3065 gpu=289MB
sim-profile t=363.467s ticks=244 us/tick | Tick=2093.14 AI=86.13 AICommand=0.73 AIThink=10.49 AIDrive=58.74 AIEngage=13.31 Gunnery=0.55 ShipStep=390.67 Collision=466.21 Projectiles=0.50 Missiles=138.92 PointDefense=833.85 Drones=156.53 Sensors=6.51 Post=11.90
perf t=367s fps=32.1 frame=31ms | physics=18.5/13 sim=18.0/3 fxSync=5.9/7 hudDraw=2.1/2 shipViews=0.7/1 fxObserve=0.3/0 contacts=0.1/0 audioObserve=0.1/0 ordnance=0.1/0 shipCombat=0.0/0 ballistics=0.0/0 audioListener=0.0/0 combat+am=0.0/0 | draws=763 objects=6749 prims=297246 nodes=3055 gpu=289MB
sim-profile t=367.467s ticks=240 us/tick | Tick=2471.56 AI=209.56 AICommand=0.73 AIThink=10.42 AIDrive=67.52 AIEngage=128.05 Gunnery=0.53 ShipStep=451.31 Collision=462.12 Projectiles=0.50 Missiles=142.91 PointDefense=1008.74 Drones=176.49 Sensors=6.44 Post=11.66
perf t=372s fps=22.4 frame=45ms | physics=31.7/15 sim=30.8/5 fxSync=4.9/7 hudDraw=2.4/3 shipViews=0.8/1 ballistics=0.7/12 fxObserve=0.3/0 audioObserve=0.3/1 contacts=0.2/0 ordnance=0.1/0 shipCombat=0.0/0 combat+am=0.0/0 audioListener=0.0/0 | draws=719 objects=6714 prims=237707 nodes=3034 gpu=289MB
sim-profile t=371.533s ticks=244 us/tick | Tick=2902.99 AI=462.85 AICommand=0.80 AIThink=31.58 AIDrive=82.67 AIEngage=344.45 Gunnery=0.65 ShipStep=523.77 Collision=497.86 Projectiles=0.72 Missiles=131.24 PointDefense=1076.91 Drones=184.66 Sensors=7.53 Post=15.24
perf t=376s fps=45.7 frame=22ms | physics=12.4/14 sim=12.1/4 hudDraw=2.1/3 fxSync=1.9/4 shipViews=0.8/1 ballistics=0.6/7 audioObserve=0.1/0 fxObserve=0.1/0 contacts=0.1/0 ordnance=0.1/0 shipCombat=0.0/0 audioListener=0.0/0 combat+am=0.0/0 | draws=824 objects=6858 prims=329439 nodes=3051 gpu=289MB
sim-profile t=375.733s ticks=252 us/tick | Tick=2212.57 AI=303.61 AICommand=0.70 AIThink=22.09 AIDrive=69.91 AIEngage=207.91 Gunnery=0.56 ShipStep=448.73 Collision=467.23 Projectiles=0.53 Missiles=72.19 PointDefense=760.89 Drones=138.13 Sensors=6.21 Post=13.17
perf t=380s fps=48.1 frame=21ms | physics=11.5/17 sim=11.2/4 hudDraw=2.4/4 fxSync=1.7/3 shipViews=0.8/1 ballistics=0.1/4 audioObserve=0.1/0 contacts=0.1/0 fxObserve=0.1/0 ordnance=0.1/0 shipCombat=0.0/0 audioListener=0.0/0 combat+am=0.0/0 | draws=822 objects=6865 prims=303800 nodes=3066 gpu=289MB
sim-profile t=379.733s ticks=240 us/tick | Tick=2282.30 AI=138.95 AICommand=0.85 AIThink=30.62 AIDrive=67.81 AIEngage=36.18 Gunnery=0.62 ShipStep=448.87 Collision=526.49 Projectiles=0.71 Missiles=106.18 PointDefense=892.96 Drones=143.52 Sensors=7.07 Post=15.41
perf t=384s fps=59.5 frame=17ms | physics=8.8/10 sim=8.6/4 hudDraw=2.1/2 fxSync=1.3/2 shipViews=0.7/1 ordnance=0.1/0 fxObserve=0.1/0 audioObserve=0.1/0 contacts=0.1/0 ballistics=0.0/0 shipCombat=0.0/0 audioListener=0.0/0 combat+am=0.0/0 | draws=910 objects=7019 prims=364175 nodes=3107 gpu=289MB
sim-profile t=383.867s ticks=248 us/tick | Tick=2080.61 AI=104.36 AICommand=0.80 AIThink=27.44 AIDrive=59.06 AIEngage=14.05 Gunnery=0.51 ShipStep=384.08 Collision=465.78 Projectiles=0.49 Missiles=133.97 PointDefense=817.12 Drones=153.52 Sensors=6.93 Post=12.59
perf t=388s fps=55.5 frame=18ms | physics=9.2/11 sim=9.0/3 hudDraw=2.2/3 fxSync=1.9/2 shipViews=0.8/1 fxObserve=0.1/0 ordnance=0.1/0 audioObserve=0.1/0 contacts=0.1/0 ballistics=0.0/0 shipCombat=0.0/0 audioListener=0.0/0 combat+am=0.0/0 | draws=864 objects=7016 prims=343093 nodes=3102 gpu=289MB
sim-profile t=387.800s ticks=236 us/tick | Tick=2127.43 AI=87.86 AICommand=0.87 AIThink=10.83 AIDrive=59.14 AIEngage=13.94 Gunnery=0.51 ShipStep=389.52 Collision=468.96 Projectiles=0.50 Missiles=146.04 PointDefense=849.94 Drones=162.96 Sensors=6.64 Post=13.13
perf t=392s fps=38.8 frame=26ms | physics=14.9/13 sim=14.5/4 fxSync=3.3/4 hudDraw=2.4/3 shipViews=0.8/1 fxObserve=0.2/0 contacts=0.1/0 audioObserve=0.1/0 ordnance=0.1/0 ballistics=0.0/0 shipCombat=0.0/0 audioListener=0.0/0 combat+am=0.0/0 | draws=861 objects=7036 prims=329785 nodes=3102 gpu=289MB
sim-profile t=391.867s ticks=244 us/tick | Tick=2322.60 AI=94.90 AICommand=0.75 AIThink=11.60 AIDrive=64.26 AIEngage=15.16 Gunnery=0.55 ShipStep=427.38 Collision=512.47 Projectiles=0.55 Missiles=157.43 PointDefense=929.21 Drones=177.74 Sensors=7.55 Post=13.40
perf t=396s fps=32.8 frame=30ms | physics=17.5/11 sim=17.0/3 fxSync=5.2/7 hudDraw=2.6/3 shipViews=0.8/1 fxObserve=0.3/0 contacts=0.1/0 audioObserve=0.1/0 ordnance=0.1/0 ballistics=0.0/0 shipCombat=0.0/0 audioListener=0.0/0 combat+am=0.0/0 | draws=884 objects=7059 prims=311663 nodes=3102 gpu=289MB
sim-profile t=395.867s ticks=240 us/tick | Tick=2330.80 AI=94.90 AICommand=0.83 AIThink=11.85 AIDrive=64.06 AIEngage=15.07 Gunnery=0.55 ShipStep=430.43 Collision=513.91 Projectiles=0.56 Missiles=158.29 PointDefense=931.71 Drones=178.30 Sensors=7.52 Post=13.25
perf t=400s fps=32.0 frame=31ms | physics=17.4/12 sim=16.9/3 fxSync=6.3/7 hudDraw=2.5/3 shipViews=0.8/1 fxObserve=0.3/0 contacts=0.1/0 audioObserve=0.1/0 ordnance=0.1/0 ballistics=0.0/0 shipCombat=0.0/0 audioListener=0.0/0 combat+am=0.0/0 | draws=858 objects=7073 prims=318057 nodes=3102 gpu=289MB
sim-profile t=399.933s ticks=244 us/tick | Tick=2286.50 AI=125.06 AICommand=0.76 AIThink=10.86 AIDrive=63.03 AIEngage=47.54 Gunnery=0.52 ShipStep=422.44 Collision=484.00 Projectiles=0.49 Missiles=151.27 PointDefense=913.89 Drones=168.83 Sensors=6.65 Post=12.05
perf t=404s fps=16.0 frame=63ms | physics=47.2/21 sim=45.7/5 fxSync=6.6/9 hudDraw=2.7/4 shipViews=0.8/1 fxObserve=0.7/0 audioObserve=0.5/3 ballistics=0.5/4 contacts=0.3/0 ordnance=0.1/0 shipCombat=0.0/0 combat+am=0.0/0 audioListener=0.0/0 | draws=790 objects=6962 prims=303692 nodes=3111 gpu=289MB
sim-profile t=403.867s ticks=236 us/tick | Tick=3097.21 AI=339.17 AICommand=0.74 AIThink=21.96 AIDrive=85.39 AIEngage=227.67 Gunnery=0.69 ShipStep=543.22 Collision=535.12 Projectiles=0.70 Missiles=188.86 PointDefense=1189.34 Drones=274.87 Sensors=8.00 Post=15.55
perf t=408s fps=13.9 frame=72ms | physics=56.5/16 sim=55.0/5 fxSync=5.7/6 hudDraw=2.6/3 ballistics=1.9/11 shipViews=0.9/1 fxObserve=0.7/0 audioObserve=0.4/0 contacts=0.3/0 ordnance=0.1/0 shipCombat=0.0/0 combat+am=0.0/0 audioListener=0.0/0 | draws=724 objects=6861 prims=268459 nodes=3126 gpu=289MB
sim-profile t=408.000s ticks=248 us/tick | Tick=3105.05 AI=385.36 AICommand=0.75 AIThink=30.66 AIDrive=78.63 AIEngage=272.19 Gunnery=0.63 ShipStep=506.98 Collision=502.32 Projectiles=0.57 Missiles=182.55 PointDefense=1240.13 Drones=263.49 Sensors=7.54 Post=13.94
perf t=412s fps=25.6 frame=39ms | physics=25.8/13 sim=25.1/4 fxSync=5.1/6 hudDraw=2.5/3 shipViews=0.8/1 fxObserve=0.3/0 ballistics=0.3/6 audioObserve=0.2/0 contacts=0.2/0 ordnance=0.1/0 shipCombat=0.0/0 audioListener=0.0/0 combat+am=0.0/0 | draws=734 objects=6873 prims=249083 nodes=3150 gpu=289MB
sim-profile t=412.067s ticks=244 us/tick | Tick=2676.57 AI=355.79 AICommand=1.10 AIThink=32.96 AIDrive=76.21 AIEngage=242.25 Gunnery=0.63 ShipStep=485.10 Collision=495.55 Projectiles=0.56 Missiles=167.07 PointDefense=964.81 Drones=185.23 Sensors=6.73 Post=13.64
perf t=416s fps=30.9 frame=32ms | physics=20.5/12 sim=20.0/4 fxSync=4.4/5 hudDraw=2.4/3 shipViews=0.7/1 fxObserve=0.2/0 ballistics=0.2/4 audioObserve=0.1/0 contacts=0.1/0 ordnance=0.1/0 shipCombat=0.0/0 audioListener=0.0/0 combat+am=0.0/0 | draws=704 objects=6865 prims=222320 nodes=3170 gpu=289MB
sim-profile t=416.133s ticks=244 us/tick | Tick=2542.16 AI=230.63 AICommand=0.70 AIThink=20.75 AIDrive=68.88 AIEngage=137.29 Gunnery=0.57 ShipStep=434.59 Collision=470.13 Projectiles=0.50 Missiles=183.42 PointDefense=1008.23 Drones=192.39 Sensors=6.58 Post=13.81
perf t=420s fps=33.8 frame=30ms | physics=18.3/11 sim=17.8/3 fxSync=4.3/5 hudDraw=2.3/3 shipViews=0.7/1 fxObserve=0.2/0 contacts=0.1/0 ordnance=0.1/0 audioObserve=0.1/0 ballistics=0.0/0 shipCombat=0.0/0 audioListener=0.0/0 combat+am=0.0/0 | draws=668 objects=6835 prims=198625 nodes=3174 gpu=289MB
sim-profile t=420.133s ticks=240 us/tick | Tick=2527.46 AI=216.67 AICommand=0.84 AIThink=19.82 AIDrive=66.55 AIEngage=126.61 Gunnery=0.55 ShipStep=422.37 Collision=458.02 Projectiles=0.48 Missiles=210.45 PointDefense=993.22 Drones=205.89 Sensors=6.50 Post=12.05
perf t=424s fps=31.7 frame=32ms | physics=19.3/11 sim=18.7/3 fxSync=5.3/6 hudDraw=2.4/3 shipViews=0.7/1 fxObserve=0.3/0 contacts=0.1/0 audioObserve=0.1/0 ordnance=0.1/0 ballistics=0.0/0 shipCombat=0.0/0 audioListener=0.0/0 combat+am=0.0/0 | draws=661 objects=6829 prims=199673 nodes=3170 gpu=289MB
sim-profile t=424.133s ticks=240 us/tick | Tick=2498.23 AI=167.43 AICommand=0.75 AIThink=10.99 AIDrive=66.81 AIEngage=86.09 Gunnery=0.55 ShipStep=428.16 Collision=460.34 Projectiles=0.49 Missiles=213.17 PointDefense=1001.48 Drones=206.66 Sensors=6.69 Post=12.00
perf t=428s fps=25.2 frame=40ms | physics=26.2/14 sim=25.5/4 fxSync=6.1/7 hudDraw=2.4/3 shipViews=0.7/1 fxObserve=0.4/0 ballistics=0.3/3 audioObserve=0.1/0 contacts=0.1/0 ordnance=0.1/0 shipCombat=0.0/0 audioListener=0.0/0 combat+am=0.0/0 | draws=684 objects=6832 prims=216451 nodes=3191 gpu=289MB
sim-profile t=428.133s ticks=240 us/tick | Tick=2759.35 AI=195.09 AICommand=0.69 AIThink=13.66 AIDrive=67.52 AIEngage=110.35 Gunnery=0.55 ShipStep=437.75 Collision=464.89 Projectiles=0.51 Missiles=236.45 PointDefense=1155.57 Drones=248.26 Sensors=6.56 Post=12.42
perf t=432s fps=17.7 frame=57ms | physics=42.3/19 sim=41.2/5 fxSync=6.0/7 hudDraw=2.5/3 shipViews=0.8/1 ballistics=0.6/7 fxObserve=0.6/0 audioObserve=0.3/0 contacts=0.2/0 ordnance=0.1/0 shipCombat=0.0/0 combat+am=0.0/0 audioListener=0.0/0 | draws=667 objects=6781 prims=198357 nodes=3202 gpu=289MB
sim-profile t=432.200s ticks=244 us/tick | Tick=3038.28 AI=274.59 AICommand=0.81 AIThink=25.22 AIDrive=70.54 AIEngage=175.01 Gunnery=0.59 ShipStep=447.60 Collision=478.03 Projectiles=0.56 Missiles=264.81 PointDefense=1272.56 Drones=278.25 Sensors=6.74 Post=13.16
perf t=436s fps=13.5 frame=74ms | physics=57.6/20 sim=55.9/5 fxSync=6.3/9 hudDraw=2.6/3 ballistics=2.0/7 fxObserve=0.8/0 shipViews=0.8/1 audioObserve=0.4/0 contacts=0.3/0 ordnance=0.1/0 shipCombat=0.0/0 combat+am=0.0/0 audioListener=0.0/0 | draws=680 objects=6822 prims=197299 nodes=3166 gpu=289MB
sim-profile t=436.267s ticks=244 us/tick | Tick=3207.77 AI=362.40 AICommand=0.94 AIThink=30.63 AIDrive=78.87 AIEngage=248.75 Gunnery=0.65 ShipStep=504.08 Collision=494.62 Projectiles=0.61 Missiles=255.39 PointDefense=1293.52 Drones=272.52 Sensors=7.43 Post=15.06
perf t=440s fps=11.8 frame=84ms | physics=67.8/17 sim=65.8/5 fxSync=6.1/7 hudDraw=2.7/3 ballistics=1.9/7 fxObserve=0.9/0 shipViews=0.8/1 audioObserve=0.5/0 contacts=0.4/0 ordnance=0.2/0 shipCombat=0.0/0 combat+am=0.0/0 audioListener=0.0/0 | draws=569 objects=6653 prims=132678 nodes=3208 gpu=289MB
sim-profile t=440.400s ticks=248 us/tick | Tick=3184.25 AI=284.45 AICommand=0.72 AIThink=31.25 AIDrive=78.87 AIEngage=170.27 Gunnery=0.67 ShipStep=480.76 Collision=508.46 Projectiles=0.70 Missiles=260.63 PointDefense=1344.29 Drones=279.60 Sensors=7.05 Post=16.05
perf t=445s fps=17.4 frame=57ms | physics=43.0/14 sim=41.8/4 fxSync=5.3/6 hudDraw=2.6/3 shipViews=0.8/1 ballistics=0.8/7 fxObserve=0.5/0 audioObserve=0.3/0 contacts=0.2/0 ordnance=0.1/0 shipCombat=0.0/0 combat+am=0.0/0 audioListener=0.0/0 | draws=664 objects=6773 prims=171250 nodes=3224 gpu=289MB
sim-profile t=444.667s ticks=256 us/tick | Tick=2942.13 AI=267.28 AICommand=0.70 AIThink=27.85 AIDrive=72.44 AIEngage=163.24 Gunnery=0.60 ShipStep=457.29 Collision=491.81 Projectiles=0.53 Missiles=238.90 PointDefense=1207.23 Drones=256.48 Sensors=7.00 Post=13.60
perf t=449s fps=23.0 frame=44ms | physics=29.7/13 sim=28.9/4 fxSync=5.8/6 hudDraw=2.5/3 shipViews=0.8/1 fxObserve=0.4/0 ballistics=0.2/4 audioObserve=0.2/0 contacts=0.2/0 ordnance=0.1/0 shipCombat=0.0/0 audioListener=0.0/0 combat+am=0.0/0 | draws=704 objects=6814 prims=172725 nodes=3220 gpu=289MB
sim-profile t=448.667s ticks=240 us/tick | Tick=2772.28 AI=244.12 AICommand=0.73 AIThink=23.41 AIDrive=70.40 AIEngage=146.56 Gunnery=0.58 ShipStep=442.66 Collision=480.07 Projectiles=0.50 Missiles=223.78 PointDefense=1123.83 Drones=235.04 Sensors=7.44 Post=12.93
perf t=453s fps=22.6 frame=44ms | physics=29.8/14 sim=29.0/5 fxSync=6.2/7 hudDraw=2.5/3 shipViews=0.8/1 ballistics=0.6/7 fxObserve=0.4/0 audioObserve=0.2/0 contacts=0.2/0 ordnance=0.1/0 shipCombat=0.0/0 combat+am=0.0/0 audioListener=0.0/0 | draws=630 objects=6769 prims=161840 nodes=3228 gpu=289MB
sim-profile t=452.667s ticks=240 us/tick | Tick=2782.02 AI=199.02 AICommand=0.91 AIThink=14.13 AIDrive=68.55 AIEngage=112.49 Gunnery=0.56 ShipStep=445.52 Collision=473.12 Projectiles=0.52 Missiles=230.90 PointDefense=1172.97 Drones=237.98 Sensors=7.07 Post=12.88
perf t=457s fps=17.4 frame=57ms | physics=42.5/16 sim=41.4/4 fxSync=6.3/7 hudDraw=2.6/3 ballistics=0.8/11 shipViews=0.8/1 fxObserve=0.6/0 audioObserve=0.3/0 contacts=0.2/0 ordnance=0.1/0 shipCombat=0.0/0 combat+am=0.0/0 audioListener=0.0/0 | draws=663 objects=6789 prims=153931 nodes=3212 gpu=289MB
sim-profile t=456.867s ticks=252 us/tick | Tick=3121.87 AI=298.27 AICommand=0.68 AIThink=28.03 AIDrive=73.97 AIEngage=192.47 Gunnery=0.61 ShipStep=467.72 Collision=487.50 Projectiles=0.55 Missiles=251.61 PointDefense=1291.09 Drones=302.31 Sensors=7.32 Post=13.48
perf t=461s fps=13.3 frame=75ms | physics=59.1/23 sim=57.4/6 fxSync=6.1/7 hudDraw=2.6/3 ballistics=1.6/7 fxObserve=0.8/0 shipViews=0.8/1 audioObserve=0.4/0 contacts=0.3/0 ordnance=0.1/0 shipCombat=0.0/0 combat+am=0.0/0 audioListener=0.0/0 | draws=642 objects=6783 prims=161615 nodes=3204 gpu=289MB
sim-profile t=461.200s ticks=260 us/tick | Tick=3092.55 AI=369.59 AICommand=0.64 AIThink=38.72 AIDrive=80.13 AIEngage=246.99 Gunnery=0.62 ShipStep=498.08 Collision=499.03 Projectiles=0.61 Missiles=232.47 PointDefense=1210.17 Drones=259.58 Sensors=7.05 Post=13.93
perf t=465s fps=12.9 frame=78ms | physics=61.0/16 sim=59.3/5 fxSync=6.0/7 hudDraw=2.7/3 ballistics=2.0/10 shipViews=0.9/1 fxObserve=0.8/0 audioObserve=0.4/0 contacts=0.4/1 ordnance=0.2/1 shipCombat=0.0/0 combat+am=0.0/0 audioListener=0.0/0 | draws=638 objects=6717 prims=150182 nodes=3208 gpu=289MB
sim-profile t=465.267s ticks=244 us/tick | Tick=3161.65 AI=324.43 AICommand=0.72 AIThink=34.68 AIDrive=75.70 AIEngage=210.20 Gunnery=0.63 ShipStep=480.85 Collision=499.86 Projectiles=0.60 Missiles=225.96 PointDefense=1328.63 Drones=277.79 Sensors=7.32 Post=14.02
perf t=469s fps=17.9 frame=56ms | physics=41.3/17 sim=40.1/4 fxSync=5.3/7 hudDraw=2.7/3 ballistics=0.8/4 shipViews=0.8/1 fxObserve=0.5/0 audioObserve=0.3/0 contacts=0.2/0 ordnance=0.1/0 shipCombat=0.0/0 combat+am=0.0/0 audioListener=0.0/0 | draws=708 objects=6882 prims=190201 nodes=3242 gpu=289MB
sim-profile t=469.333s ticks=244 us/tick | Tick=2959.23 AI=281.11 AICommand=0.80 AIThink=33.31 AIDrive=74.86 AIEngage=168.93 Gunnery=0.65 ShipStep=466.54 Collision=500.13 Projectiles=0.59 Missiles=225.48 PointDefense=1204.71 Drones=256.74 Sensors=7.05 Post=14.73
perf t=473s fps=21.7 frame=46ms | physics=31.8/17 sim=30.9/8 fxSync=5.7/7 hudDraw=2.8/5 shipViews=0.8/1 fxObserve=0.4/0 ballistics=0.2/4 audioObserve=0.2/0 contacts=0.2/0 ordnance=0.1/0 shipCombat=0.0/0 audioListener=0.0/0 combat+am=0.0/0 | draws=750 objects=6933 prims=224953 nodes=3238 gpu=289MB
sim-profile t=473.400s ticks=244 us/tick | Tick=2787.77 AI=241.40 AICommand=0.80 AIThink=22.08 AIDrive=71.17 AIEngage=144.30 Gunnery=0.66 ShipStep=463.16 Collision=481.01 Projectiles=0.55 Missiles=214.63 PointDefense=1135.31 Drones=229.34 Sensors=6.75 Post=13.60
perf t=477s fps=21.9 frame=46ms | physics=31.6/15 sim=30.8/4 fxSync=6.1/7 hudDraw=2.6/3 shipViews=0.8/1 fxObserve=0.4/0 audioObserve=0.2/0 contacts=0.2/0 ordnance=0.1/0 ballistics=0.0/0 shipCombat=0.0/0 audioListener=0.0/0 combat+am=0.0/0 | draws=807 objects=7038 prims=227385 nodes=3267 gpu=289MB
sim-profile t=477.333s ticks=236 us/tick | Tick=2873.13 AI=199.92 AICommand=0.81 AIThink=25.87 AIDrive=68.11 AIEngage=102.11 Gunnery=0.65 ShipStep=442.11 Collision=469.63 Projectiles=0.54 Missiles=225.91 PointDefense=1232.86 Drones=277.04 Sensors=6.93 Post=16.20
perf t=481s fps=18.2 frame=55ms | physics=40.3/15 sim=39.3/5 fxSync=6.1/7 hudDraw=2.5/3 shipViews=0.8/1 ballistics=0.7/6 fxObserve=0.5/0 audioObserve=0.2/0 contacts=0.2/0 ordnance=0.1/0 shipCombat=0.0/0 combat+am=0.0/0 audioListener=0.0/0 | draws=775 objects=6935 prims=216491 nodes=3246 gpu=289MB
sim-profile t=481.467s ticks=248 us/tick | Tick=3010.35 AI=265.13 AICommand=0.95 AIThink=20.99 AIDrive=71.05 AIEngage=169.21 Gunnery=0.58 ShipStep=450.25 Collision=465.20 Projectiles=0.52 Missiles=252.84 PointDefense=1270.53 Drones=284.63 Sensors=6.51 Post=12.81
perf t=486s fps=16.5 frame=60ms | physics=45.2/15 sim=44.1/4 fxSync=5.8/6 hudDraw=2.5/3 ballistics=1.4/13 shipViews=0.7/1 fxObserve=0.6/0 audioObserve=0.3/0 contacts=0.2/0 ordnance=0.1/0 shipCombat=0.0/0 combat+am=0.0/0 audioListener=0.0/0 | draws=753 objects=6893 prims=195339 nodes=3238 gpu=289MB
sim-profile t=485.667s ticks=252 us/tick | Tick=2972.98 AI=360.54 AICommand=0.63 AIThink=32.01 AIDrive=73.96 AIEngage=251.08 Gunnery=0.57 ShipStep=465.59 Collision=462.23 Projectiles=0.56 Missiles=227.75 PointDefense=1176.97 Drones=258.45 Sensors=6.43 Post=12.58
perf t=490s fps=18.0 frame=56ms | physics=40.8/15 sim=39.8/4 fxSync=5.6/6 hudDraw=2.6/3 ballistics=1.3/7 shipViews=0.8/1 fxObserve=0.5/0 audioObserve=0.3/0 contacts=0.2/0 ordnance=0.1/0 shipCombat=0.0/0 combat+am=0.0/0 audioListener=0.0/0 | draws=766 objects=6938 prims=213285 nodes=3238 gpu=289MB
sim-profile t=489.733s ticks=244 us/tick | Tick=2933.90 AI=300.00 AICommand=0.67 AIThink=36.06 AIDrive=70.58 AIEngage=189.66 Gunnery=0.60 ShipStep=443.00 Collision=463.19 Projectiles=0.57 Missiles=220.88 PointDefense=1222.55 Drones=262.52 Sensors=6.47 Post=12.80
perf t=494s fps=23.8 frame=42ms | physics=28.8/14 sim=28.1/4 fxSync=4.9/5 hudDraw=2.6/3 shipViews=0.7/1 ballistics=0.6/7 fxObserve=0.3/0 audioObserve=0.2/0 contacts=0.2/0 ordnance=0.1/0 shipCombat=0.0/0 audioListener=0.0/0 combat+am=0.0/0 | draws=842 objects=7089 prims=229725 nodes=3250 gpu=289MB
sim-profile t=493.733s ticks=240 us/tick | Tick=2810.79 AI=257.73 AICommand=0.71 AIThink=29.12 AIDrive=68.71 AIEngage=156.23 Gunnery=0.57 ShipStep=432.40 Collision=469.01 Projectiles=0.49 Missiles=225.18 PointDefense=1163.15 Drones=241.09 Sensors=6.72 Post=13.06
perf t=498s fps=20.9 frame=48ms | physics=34.0/16 sim=33.1/5 fxSync=5.6/8 hudDraw=2.8/5 shipViews=0.8/1 fxObserve=0.4/0 ballistics=0.3/4 contacts=0.2/1 audioObserve=0.2/0 ordnance=0.1/0 shipCombat=0.0/0 audioListener=0.0/0 combat+am=0.0/0 | draws=842 objects=7088 prims=226766 nodes=3246 gpu=289MB
sim-profile t=497.733s ticks=240 us/tick | Tick=2892.38 AI=262.92 AICommand=0.75 AIThink=26.24 AIDrive=71.61 AIEngage=160.49 Gunnery=0.60 ShipStep=454.37 Collision=494.64 Projectiles=0.56 Missiles=235.89 PointDefense=1181.16 Drones=241.10 Sensors=6.95 Post=12.80
perf t=502s fps=19.9 frame=50ms | physics=36.3/16 sim=35.4/5 fxSync=6.2/7 hudDraw=2.7/3 shipViews=0.8/1 fxObserve=0.5/0 ballistics=0.2/4 audioObserve=0.2/0 contacts=0.2/0 ordnance=0.1/0 shipCombat=0.0/0 audioListener=0.0/0 combat+am=0.0/0 | draws=840 objects=7059 prims=219689 nodes=3239 gpu=289MB
sim-profile t=501.667s ticks=236 us/tick | Tick=2996.08 AI=235.01 AICommand=0.69 AIThink=31.06 AIDrive=70.90 AIEngage=129.39 Gunnery=0.58 ShipStep=455.47 Collision=490.07 Projectiles=0.55 Missiles=236.58 PointDefense=1277.73 Drones=279.02 Sensors=6.74 Post=12.85
perf t=506s fps=14.6 frame=69ms | physics=53.5/15 sim=52.2/4 fxSync=6.3/7 hudDraw=2.7/3 shipViews=0.8/1 fxObserve=0.7/0 ballistics=0.7/10 audioObserve=0.3/0 contacts=0.3/0 ordnance=0.1/0 shipCombat=0.0/0 combat+am=0.0/0 audioListener=0.0/0 | draws=806 objects=6960 prims=218111 nodes=3254 gpu=289MB
sim-profile t=505.733s ticks=244 us/tick | Tick=3208.87 AI=300.81 AICommand=0.70 AIThink=25.28 AIDrive=73.49 AIEngage=198.35 Gunnery=0.89 ShipStep=464.69 Collision=480.97 Projectiles=0.52 Missiles=274.16 PointDefense=1360.43 Drones=305.22 Sensors=6.49 Post=13.26
perf t=510s fps=12.2 frame=82ms | physics=65.6/15 sim=63.9/4 fxSync=5.8/6 hudDraw=2.6/3 ballistics=2.2/10 shipViews=0.8/1 fxObserve=0.8/0 audioObserve=0.4/0 contacts=0.3/0 ordnance=0.1/0 shipCombat=0.0/0 combat+am=0.0/0 audioListener=0.0/0 | draws=817 objects=6948 prims=210451 nodes=3246 gpu=289MB
sim-profile t=510.067s ticks=260 us/tick | Tick=3196.73 AI=398.55 AICommand=0.87 AIThink=35.28 AIDrive=78.61 AIEngage=280.60 Gunnery=0.62 ShipStep=499.69 Collision=494.08 Projectiles=0.58 Missiles=253.17 PointDefense=1248.39 Drones=278.96 Sensors=7.09 Post=14.17
perf t=514s fps=13.5 frame=74ms | physics=58.4/18 sim=57.0/5 fxSync=5.4/7 hudDraw=2.7/4 ballistics=1.5/7 shipViews=0.8/1 fxObserve=0.7/0 audioObserve=0.4/0 contacts=0.3/0 ordnance=0.1/0 shipCombat=0.0/0 combat+am=0.0/0 audioListener=0.0/0 | draws=741 objects=6950 prims=190483 nodes=3242 gpu=289MB
sim-profile t=514.200s ticks=248 us/tick | Tick=3217.34 AI=382.68 AICommand=0.82 AIThink=37.08 AIDrive=77.58 AIEngage=264.09 Gunnery=0.64 ShipStep=494.62 Collision=498.62 Projectiles=0.56 Missiles=234.20 PointDefense=1300.30 Drones=283.50 Sensors=6.91 Post=13.84
perf t=518s fps=20.9 frame=48ms | physics=34.2/14 sim=33.4/4 fxSync=4.7/5 hudDraw=2.9/8 shipViews=0.8/1 ballistics=0.6/4 fxObserve=0.4/0 audioObserve=0.2/0 contacts=0.2/0 ordnance=0.1/0 shipCombat=0.0/0 audioListener=0.0/0 combat+am=0.0/0 | draws=831 objects=7792 prims=205015 nodes=3270 gpu=289MB
sim-profile t=518.467s ticks=256 us/tick | Tick=2867.83 AI=263.79 AICommand=0.70 AIThink=24.58 AIDrive=69.17 AIEngage=166.42 Gunnery=0.57 ShipStep=434.15 Collision=474.79 Projectiles=0.51 Missiles=227.25 PointDefense=1199.25 Drones=247.26 Sensors=6.55 Post=12.41
perf t=523s fps=15.6 frame=64ms | physics=47.7/14 sim=46.4/4 fxSync=5.9/7 hudDraw=4.2/5 shipViews=0.8/1 fxObserve=0.7/0 ballistics=0.4/4 audioObserve=0.3/0 contacts=0.3/0 ordnance=0.1/0 shipCombat=0.0/0 combat+am=0.0/0 audioListener=0.0/0 | draws=886 objects=7879 prims=214245 nodes=3278 gpu=289MB
sim-profile t=522.533s ticks=244 us/tick | Tick=3041.15 AI=248.68 AICommand=0.75 AIThink=21.94 AIDrive=73.75 AIEngage=149.13 Gunnery=0.60 ShipStep=460.85 Collision=491.42 Projectiles=0.59 Missiles=263.75 PointDefense=1284.11 Drones=268.66 Sensors=7.22 Post=13.86
perf t=527s fps=15.8 frame=63ms | physics=46.7/15 sim=45.4/5 fxSync=5.9/6 hudDraw=4.0/5 ballistics=0.9/3 shipViews=0.7/1 fxObserve=0.7/0 contacts=0.3/0 audioObserve=0.3/0 ordnance=0.2/0 shipCombat=0.0/0 combat+am=0.0/0 audioListener=0.0/0 | draws=881 objects=7829 prims=200243 nodes=3290 gpu=289MB
sim-profile t=526.533s ticks=240 us/tick | Tick=3027.41 AI=193.92 AICommand=8.90 AIThink=14.74 AIDrive=66.92 AIEngage=100.51 Gunnery=0.56 ShipStep=430.29 Collision=465.27 Projectiles=0.53 Missiles=279.28 PointDefense=1346.32 Drones=290.54 Sensors=6.65 Post=12.72
perf t=531s fps=15.6 frame=64ms | physics=47.0/15 sim=45.7/4 fxSync=6.0/8 hudDraw=4.0/5 ballistics=1.3/7 shipViews=0.8/1 fxObserve=0.7/0 audioObserve=0.3/0 contacts=0.3/0 ordnance=0.1/0 shipCombat=0.0/0 combat+am=0.0/0 audioListener=0.0/0 | draws=854 objects=7807 prims=198087 nodes=3262 gpu=289MB
sim-profile t=530.600s ticks=244 us/tick | Tick=2993.19 AI=199.07 AICommand=0.70 AIThink=17.91 AIDrive=65.61 AIEngage=112.03 Gunnery=0.56 ShipStep=418.48 Collision=458.81 Projectiles=0.49 Missiles=270.14 PointDefense=1328.99 Drones=296.42 Sensors=6.13 Post=12.80
perf t=535s fps=17.3 frame=58ms | physics=41.1/15 sim=39.9/4 fxSync=5.9/9 hudDraw=4.0/5 ballistics=1.2/7 shipViews=0.8/1 fxObserve=0.6/0 audioObserve=0.3/0 contacts=0.3/0 ordnance=0.1/0 shipCombat=0.0/0 combat+am=0.0/0 audioListener=0.0/0 | draws=789 objects=7696 prims=175663 nodes=3234 gpu=289MB
sim-profile t=534.933s ticks=260 us/tick | Tick=2760.92 AI=230.11 AICommand=0.78 AIThink=21.51 AIDrive=68.83 AIEngage=136.12 Gunnery=0.56 ShipStep=438.28 Collision=467.14 Projectiles=0.57 Missiles=220.43 PointDefense=1136.26 Drones=247.31 Sensors=6.17 Post=12.78
perf t=539s fps=14.7 frame=68ms | physics=50.0/16 sim=48.7/5 fxSync=5.7/7 hudDraw=4.0/4 ballistics=2.6/17 shipViews=0.8/1 fxObserve=0.6/0 audioObserve=0.4/0 contacts=0.3/0 ordnance=0.1/0 shipCombat=0.0/0 combat+am=0.0/0 audioListener=0.0/0 | draws=750 objects=7645 prims=169831 nodes=3218 gpu=289MB
sim-profile t=539.000s ticks=244 us/tick | Tick=2992.08 AI=282.76 AICommand=0.76 AIThink=21.33 AIDrive=73.80 AIEngage=183.83 Gunnery=0.58 ShipStep=473.78 Collision=466.79 Projectiles=0.52 Missiles=195.97 PointDefense=1315.17 Drones=233.14 Sensors=6.96 Post=15.04
perf t=543s fps=19.2 frame=52ms | physics=37.3/13 sim=36.4/4 fxSync=4.6/5 hudDraw=3.9/4 ballistics=1.1/15 shipViews=0.7/1 fxObserve=0.4/0 audioObserve=0.2/0 contacts=0.2/0 ordnance=0.1/0 shipCombat=0.0/0 combat+am=0.0/0 audioListener=0.0/0 | draws=796 objects=7658 prims=174957 nodes=3216 gpu=289MB
sim-profile t=543.133s ticks=248 us/tick | Tick=2934.99 AI=362.51 AICommand=0.76 AIThink=28.04 AIDrive=73.65 AIEngage=257.17 Gunnery=0.56 ShipStep=458.03 Collision=454.12 Projectiles=0.48 Missiles=169.57 PointDefense=1272.97 Drones=196.92 Sensors=6.28 Post=12.24
perf t=547s fps=29.8 frame=34ms | physics=20.9/13 sim=20.4/6 hudDraw=3.8/4 fxSync=3.6/4 shipViews=0.7/1 fxObserve=0.2/0 ballistics=0.2/3 audioObserve=0.2/0 contacts=0.1/0 ordnance=0.1/0 shipCombat=0.0/0 audioListener=0.0/0 combat+am=0.0/0 | draws=726 objects=7633 prims=161014 nodes=3209 gpu=289MB
sim-profile t=547.267s ticks=248 us/tick | Tick=2467.59 AI=284.72 AICommand=0.84 AIThink=26.89 AIDrive=69.09 AIEngage=185.09 Gunnery=0.56 ShipStep=432.53 Collision=458.12 Projectiles=54.63 Missiles=144.88 PointDefense=899.32 Drones=172.66 Sensors=6.31 Post=12.56
perf t=551s fps=30.9 frame=32ms | physics=19.8/12 sim=19.4/3 hudDraw=4.0/4 fxSync=3.4/4 shipViews=0.8/1 fxObserve=0.2/0 contacts=0.1/0 audioObserve=0.1/0 ordnance=0.1/0 ballistics=0.1/0 shipCombat=0.0/0 audioListener=0.0/0 combat+am=0.0/0 | draws=735 objects=7609 prims=162193 nodes=3212 gpu=289MB
sim-profile t=551.200s ticks=236 us/tick | Tick=2543.03 AI=206.27 AICommand=1.29 AIThink=13.42 AIDrive=68.33 AIEngage=120.34 Gunnery=0.64 ShipStep=446.48 Collision=482.04 Projectiles=104.38 Missiles=156.54 PointDefense=942.02 Drones=184.36 Sensors=6.36 Post=12.54
perf t=555s fps=19.4 frame=52ms | physics=37.9/15 sim=37.0/5 hudDraw=4.1/6 fxSync=3.0/4 ballistics=0.9/8 shipViews=0.8/1 fxObserve=0.3/0 audioObserve=0.3/0 contacts=0.2/0 ordnance=0.1/0 shipCombat=0.0/0 combat+am=0.0/0 audioListener=0.0/0 | draws=764 objects=7704 prims=164521 nodes=3229 gpu=289MB
sim-profile t=555.333s ticks=248 us/tick | Tick=2985.77 AI=270.87 AICommand=0.83 AIThink=18.31 AIDrive=71.82 AIEngage=176.83 Gunnery=0.62 ShipStep=457.37 Collision=491.34 Projectiles=409.63 Missiles=158.41 PointDefense=989.40 Drones=186.10 Sensors=6.68 Post=13.86
perf t=559s fps=12.2 frame=82ms | physics=67.5/26 sim=66.1/7 hudDraw=4.4/7 fxSync=3.1/5 shipViews=0.9/1 ballistics=0.5/4 fxObserve=0.5/0 contacts=0.4/0 audioObserve=0.4/0 ordnance=0.1/0 shipCombat=0.0/0 combat+am=0.0/0 audioListener=0.0/0 | draws=744 objects=7588 prims=156321 nodes=3238 gpu=289MB
sim-profile t=559.333s ticks=240 us/tick | Tick=3579.76 AI=346.51 AICommand=0.96 AIThink=23.79 AIDrive=83.75 AIEngage=234.62 Gunnery=0.71 ShipStep=504.49 Collision=553.18 Projectiles=598.29 Missiles=177.77 PointDefense=1137.02 Drones=237.05 Sensors=7.28 Post=15.73
perf t=564s fps=17.7 frame=57ms | physics=42.6/14 sim=41.7/4 hudDraw=3.8/4 fxSync=2.6/3 ballistics=2.1/14 shipViews=0.8/1 fxObserve=0.3/0 audioObserve=0.3/0 contacts=0.2/0 ordnance=0.1/0 shipCombat=0.0/0 combat+am=0.0/0 audioListener=0.0/0 | draws=759 objects=7652 prims=160903 nodes=3283 gpu=289MB
sim-profile t=563.667s ticks=260 us/tick | Tick=2887.77 AI=319.38 AICommand=0.79 AIThink=21.24 AIDrive=70.59 AIEngage=223.86 Gunnery=0.57 ShipStep=447.94 Collision=466.99 Projectiles=250.52 Missiles=153.99 PointDefense=1043.10 Drones=185.17 Sensors=6.23 Post=12.47
perf t=568s fps=23.6 frame=42ms | physics=29.2/14 sim=28.6/4 hudDraw=4.0/5 fxSync=2.4/3 ballistics=0.9/8 shipViews=0.8/1 fxObserve=0.2/0 audioObserve=0.2/0 contacts=0.2/0 ordnance=0.1/0 shipCombat=0.0/0 audioListener=0.0/0 combat+am=0.0/0 | draws=752 objects=7654 prims=151363 nodes=3283 gpu=289MB
sim-profile t=567.733s ticks=244 us/tick | Tick=2808.18 AI=297.05 AICommand=3.23 AIThink=18.55 AIDrive=71.80 AIEngage=197.76 Gunnery=0.60 ShipStep=457.94 Collision=477.00 Projectiles=132.94 Missiles=160.06 PointDefense=1083.61 Drones=177.96 Sensors=6.37 Post=13.17
perf t=572s fps=29.8 frame=34ms | physics=22.3/15 sim=21.9/5 hudDraw=3.8/5 fxSync=1.8/2 shipViews=0.8/1 ballistics=0.3/7 fxObserve=0.1/0 contacts=0.1/0 audioObserve=0.1/0 ordnance=0.1/0 shipCombat=0.0/0 audioListener=0.0/0 combat+am=0.0/0 | draws=713 objects=7638 prims=123249 nodes=3281 gpu=289MB
sim-profile t=571.733s ticks=240 us/tick | Tick=2731.10 AI=259.77 AICommand=2.80 AIThink=19.13 AIDrive=70.29 AIEngage=164.54 Gunnery=0.56 ShipStep=441.05 Collision=463.40 Projectiles=354.62 Missiles=150.82 PointDefense=868.40 Drones=171.15 Sensors=6.89 Post=13.11
perf t=576s fps=24.9 frame=40ms | physics=28.5/13 sim=28.0/4 hudDraw=3.7/4 fxSync=2.1/2 shipViews=0.8/1 ballistics=0.6/12 fxObserve=0.2/0 contacts=0.2/0 audioObserve=0.1/0 ordnance=0.1/0 shipCombat=0.0/0 audioListener=0.0/0 combat+am=0.0/0 | draws=697 objects=7926 prims=125004 nodes=3281 gpu=289MB
sim-profile t=575.733s ticks=240 us/tick | Tick=2918.91 AI=330.35 AICommand=1.68 AIThink=25.03 AIDrive=71.42 AIEngage=229.37 Gunnery=0.54 ShipStep=428.60 Collision=460.46 Projectiles=507.27 Missiles=146.43 PointDefense=856.99 Drones=168.55 Sensors=6.44 Post=11.92
perf t=580s fps=18.9 frame=53ms | physics=40.6/15 sim=39.9/4 hudDraw=3.9/5 fxSync=2.3/3 ballistics=0.8/4 shipViews=0.7/1 fxObserve=0.2/0 audioObserve=0.2/0 contacts=0.2/0 ordnance=0.1/0 shipCombat=0.0/0 combat+am=0.0/0 audioListener=0.0/0 | draws=671 objects=8302 prims=123258 nodes=3287 gpu=289MB
sim-profile t=579.867s ticks=248 us/tick | Tick=3215.35 AI=375.40 AICommand=1.50 AIThink=23.26 AIDrive=77.37 AIEngage=270.39 Gunnery=0.57 ShipStep=432.23 Collision=459.56 Projectiles=685.38 Missiles=141.81 PointDefense=926.78 Drones=172.94 Sensors=6.60 Post=12.70
perf t=584s fps=11.9 frame=84ms | physics=69.9/18 sim=68.8/5 hudDraw=3.8/4 ballistics=2.3/26 fxSync=2.2/3 shipViews=0.8/1 audioObserve=0.4/0 fxObserve=0.3/0 contacts=0.3/0 ordnance=0.1/0 shipCombat=0.0/0 combat+am=0.0/0 audioListener=0.0/0 | draws=698 objects=13345 prims=138842 nodes=3318 gpu=289MB
sim-profile t=583.933s ticks=244 us/tick | Tick=3662.80 AI=411.08 AICommand=0.86 AIThink=24.95 AIDrive=77.27 AIEngage=305.07 Gunnery=0.58 ShipStep=434.52 Collision=462.59 Projectiles=1074.56 Missiles=132.92 PointDefense=942.85 Drones=183.08 Sensors=6.53 Post=12.68
perf t=587s fps=5.6 frame=178ms | physics=163.8/29 sim=161.3/9 hudDraw=4.2/5 fxSync=2.3/3 shipViews=0.9/1 contacts=0.9/1 fxObserve=0.8/0 audioObserve=0.7/0 ballistics=0.6/1 ordnance=0.1/0 shipCombat=0.0/0 combat+am=0.0/0 audioListener=0.0/0 | draws=688 objects=7835 prims=116825 nodes=3361 gpu=289MB
sim-profile t=587.133s ticks=192 us/tick | Tick=5039.32 AI=420.24 AICommand=1.06 AIThink=21.76 AIDrive=86.32 AIEngage=307.82 Gunnery=0.70 ShipStep=487.68 Collision=504.89 Projectiles=2182.43 Missiles=148.44 PointDefense=1061.58 Drones=206.79 Sensors=7.42 Post=17.23
perf t=590s fps=4.6 frame=217ms | physics=199.5/40 sim=196.7/11 hudDraw=3.9/5 ballistics=3.6/9 fxSync=2.3/3 audioObserve=1.0/0 shipViews=0.9/1 fxObserve=0.8/0 contacts=0.8/0 ordnance=0.1/0 shipCombat=0.0/0 combat+am=0.0/0 audioListener=0.0/0 | draws=674 objects=8005 prims=115233 nodes=3380 gpu=289MB
sim-profile t=589.800s ticks=160 us/tick | Tick=6146.78 AI=507.03 AICommand=0.76 AIThink=31.10 AIDrive=97.85 AIEngage=373.69 Gunnery=0.79 ShipStep=525.37 Collision=550.39 Projectiles=3133.87 Missiles=159.15 PointDefense=1041.25 Drones=199.13 Sensors=8.08 Post=19.62
perf t=592s fps=4.5 frame=223ms | physics=197.3/42 sim=194.3/13 ballistics=10.8/25 hudDraw=4.6/7 fxSync=2.8/4 audioObserve=1.0/0 fxObserve=1.0/0 shipViews=0.9/1 contacts=0.8/0 ordnance=0.1/0 shipCombat=0.1/0 combat+am=0.0/0 audioListener=0.0/0 | draws=657 objects=8306 prims=117401 nodes=3380 gpu=289MB
sim-profile t=592.467s ticks=160 us/tick | Tick=6072.46 AI=565.15 AICommand=1.61 AIThink=38.74 AIDrive=101.50 AIEngage=419.33 Gunnery=0.88 ShipStep=603.11 Collision=598.58 Projectiles=2517.20 Missiles=177.40 PointDefense=1325.41 Drones=235.86 Sensors=7.56 Post=38.94
perf t=596s fps=5.9 frame=169ms | physics=148.5/27 sim=145.7/7 ballistics=6.5/30 hudDraw=4.3/5 fxSync=2.7/3 shipViews=1.0/2 audioObserve=1.0/0 fxObserve=0.9/0 contacts=0.8/0 ordnance=0.1/0 shipCombat=0.0/0 combat+am=0.0/0 audioListener=0.0/0 | draws=679 objects=9267 prims=135395 nodes=3385 gpu=289MB
sim-profile t=595.667s ticks=192 us/tick | Tick=4551.07 AI=429.98 AICommand=0.74 AIThink=31.74 AIDrive=90.67 AIEngage=302.84 Gunnery=0.78 ShipStep=506.40 Collision=533.36 Projectiles=1700.04 Missiles=147.63 PointDefense=1004.61 Drones=199.41 Sensors=7.49 Post=19.38
perf t=599s fps=6.8 frame=148ms | physics=133.2/22 sim=131.0/6 hudDraw=4.1/4 fxSync=2.1/3 ballistics=1.3/7 shipViews=0.9/1 contacts=0.7/0 audioObserve=0.7/0 fxObserve=0.6/0 ordnance=0.1/0 shipCombat=0.1/0 combat+am=0.0/0 audioListener=0.0/0 | draws=773 objects=8905 prims=143354 nodes=3385 gpu=289MB
sim-profile t=599.400s ticks=224 us/tick | Tick=4094.36 AI=308.54 AICommand=1.17 AIThink=22.50 AIDrive=74.31 AIEngage=207.19 Gunnery=0.64 ShipStep=455.40 Collision=489.84 Projectiles=1600.46 Missiles=132.53 PointDefense=902.42 Drones=180.03 Sensors=7.01 Post=15.82
autoplay 10min: sim=600.47s FPS min=2.92 mean=54.24 engine=6.0
perf t=603s fps=6.7 frame=150ms | physics=136.1/20 sim=134.1/5 hudDraw=3.7/5 fxSync=2.3/3 ballistics=1.3/4 shipViews=0.8/1 fxObserve=0.6/0 audioObserve=0.6/0 contacts=0.6/0 ordnance=0.1/0 shipCombat=0.0/0 combat+am=0.0/0 audioListener=0.0/0 | draws=691 objects=15598 prims=148348 nodes=3361 gpu=289MB
sim-profile t=603.133s ticks=224 us/tick | Tick=4190.07 AI=268.36 AICommand=0.94 AIThink=27.59 AIDrive=67.64 AIEngage=169.01 Gunnery=0.57 ShipStep=417.84 Collision=464.80 Projectiles=1817.96 Missiles=118.37 PointDefense=907.47 Drones=173.19 Sensors=6.34 Post=13.66
perf t=607s fps=7.9 frame=127ms | physics=112.7/17 sim=110.9/5 hudDraw=3.7/5 fxSync=2.1/2 ballistics=1.9/7 shipViews=0.8/1 audioObserve=0.6/0 fxObserve=0.6/0 contacts=0.5/0 ordnance=0.1/0 shipCombat=0.0/0 combat+am=0.0/0 audioListener=0.0/0 | draws=611 objects=11600 prims=130491 nodes=3352 gpu=289MB
sim-profile t=607.267s ticks=248 us/tick | Tick=3577.50 AI=241.01 AICommand=0.78 AIThink=18.48 AIDrive=65.17 AIEngage=153.05 Gunnery=0.56 ShipStep=413.43 Collision=481.34 Projectiles=1438.18 Missiles=97.82 PointDefense=766.68 Drones=116.38 Sensors=6.95 Post=13.72
perf t=611s fps=7.8 frame=129ms | physics=115.3/22 sim=113.6/6 hudDraw=3.9/6 fxSync=1.8/2 shipViews=0.8/1 audioObserve=0.5/0 contacts=0.5/0 fxObserve=0.5/0 ballistics=0.4/1 ordnance=0.1/0 shipCombat=0.0/0 combat+am=0.0/0 audioListener=0.0/0 | draws=648 objects=6683 prims=128731 nodes=3352 gpu=301MB
sim-profile t=611.333s ticks=244 us/tick | Tick=4189.29 AI=237.86 AICommand=0.97 AIThink=13.79 AIDrive=65.89 AIEngage=154.05 Gunnery=0.60 ShipStep=446.20 Collision=504.72 Projectiles=2056.77 Missiles=93.22 PointDefense=747.42 Drones=77.58 Sensors=6.66 Post=16.49
perf t=615s fps=5.4 frame=184ms | physics=166.0/29 sim=163.9/8 ballistics=7.1/40 hudDraw=3.0/4 fxSync=1.5/2 shipViews=0.8/1 audioObserve=0.8/0 contacts=0.7/0 fxObserve=0.5/0 ordnance=0.1/0 shipCombat=0.1/0 combat+am=0.0/0 audioListener=0.0/0 | draws=620 objects=9271 prims=169634 nodes=3357 gpu=301MB
sim-profile t=614.533s ticks=192 us/tick | Tick=5120.29 AI=338.83 AICommand=9.43 AIThink=16.11 AIDrive=73.25 AIEngage=236.73 Gunnery=0.62 ShipStep=446.98 Collision=496.77 Projectiles=2925.53 Missiles=81.16 PointDefense=721.27 Drones=83.49 Sensors=7.29 Post=16.66
perf t=619s fps=7.3 frame=136ms | physics=120.9/20 sim=118.8/5 ballistics=5.3/23 hudDraw=3.3/5 audioObserve=1.1/4 fxSync=0.8/1 shipViews=0.8/1 contacts=0.6/1 fxObserve=0.3/0 ordnance=0.1/0 shipCombat=0.0/0 combat+am=0.0/0 audioListener=0.0/0 | draws=584 objects=6612 prims=150591 nodes=3347 gpu=301MB
sim-profile t=618.733s ticks=252 us/tick | Tick=3771.13 AI=363.08 AICommand=0.92 AIThink=22.70 AIDrive=68.06 AIEngage=268.36 Gunnery=0.56 ShipStep=403.38 Collision=460.24 Projectiles=1747.25 Missiles=62.56 PointDefense=641.26 Drones=71.82 Sensors=6.10 Post=13.49
perf t=623s fps=20.0 frame=50ms | physics=41.0/17 sim=40.4/5 hudDraw=2.4/3 ballistics=1.3/17 shipViews=0.7/1 audioObserve=0.2/0 contacts=0.2/0 fxSync=0.1/0 fxObserve=0.1/0 ordnance=0.0/0 shipCombat=0.0/0 combat+am=0.0/0 audioListener=0.0/0 | draws=589 objects=6617 prims=156485 nodes=3347 gpu=301MB
sim-profile t=623.000s ticks=256 us/tick | Tick=3158.80 AI=429.80 AICommand=0.99 AIThink=24.53 AIDrive=68.49 AIEngage=332.70 Gunnery=0.61 ShipStep=428.58 Collision=475.48 Projectiles=1086.19 Missiles=55.80 PointDefense=595.75 Drones=63.53 Sensors=7.34 Post=14.31
perf t=627s fps=29.8 frame=34ms | physics=26.2/15 sim=25.8/5 hudDraw=2.2/3 shipViews=0.8/1 ballistics=0.3/0 contacts=0.1/0 audioObserve=0.1/0 fxObserve=0.1/0 ordnance=0.0/0 shipCombat=0.0/0 fxSync=0.0/0 audioListener=0.0/0 combat+am=0.0/0 | draws=563 objects=6582 prims=161411 nodes=3347 gpu=301MB
sim-profile t=627.000s ticks=240 us/tick | Tick=3226.92 AI=449.46 AICommand=0.86 AIThink=24.18 AIDrive=71.40 AIEngage=349.84 Gunnery=0.61 ShipStep=435.99 Collision=477.02 Projectiles=1123.91 Missiles=55.04 PointDefense=598.32 Drones=63.68 Sensors=6.96 Post=14.43
perf t=631s fps=31.6 frame=32ms | physics=24.3/16 sim=23.9/5 hudDraw=2.1/2 shipViews=0.8/1 ballistics=0.4/7 audioObserve=0.1/0 contacts=0.1/0 fxObserve=0.1/0 ordnance=0.0/0 fxSync=0.0/0 shipCombat=0.0/0 audioListener=0.0/0 combat+am=0.0/0 | draws=589 objects=6622 prims=168713 nodes=3331 gpu=301MB
sim-profile t=631.133s ticks=248 us/tick | Tick=3082.29 AI=490.35 AICommand=0.88 AIThink=23.76 AIDrive=73.76 AIEngage=388.75 Gunnery=0.61 ShipStep=448.28 Collision=481.45 Projectiles=988.81 Missiles=42.41 PointDefense=552.01 Drones=55.66 Sensors=6.74 Post=14.58
perf t=635s fps=61.5 frame=16ms | physics=9.5/12 sim=9.3/3 hudDraw=2.1/3 shipViews=0.7/1 fxSync=0.2/0 ballistics=0.1/0 audioObserve=0.1/0 contacts=0.1/0 ordnance=0.0/0 fxObserve=0.0/0 shipCombat=0.0/0 audioListener=0.0/0 combat+am=0.0/0 | draws=633 objects=8565 prims=165243 nodes=3331 gpu=301MB
sim-profile t=635.067s ticks=236 us/tick | Tick=2452.27 AI=483.02 AICommand=1.65 AIThink=22.93 AIDrive=75.23 AIEngage=379.72 Gunnery=0.62 ShipStep=429.35 Collision=465.21 Projectiles=424.87 Missiles=39.97 PointDefense=532.84 Drones=53.89 Sensors=6.87 Post=14.26
perf t=639s fps=39.4 frame=25ms | physics=18.4/15 sim=18.1/4 hudDraw=2.3/4 shipViews=0.7/1 ballistics=0.2/0 contacts=0.1/0 audioObserve=0.1/0 fxSync=0.0/0 ordnance=0.0/0 fxObserve=0.0/0 shipCombat=0.0/0 audioListener=0.0/0 combat+am=0.0/0 | draws=648 objects=6992 prims=162830 nodes=3331 gpu=301MB
sim-profile t=639.067s ticks=240 us/tick | Tick=3022.01 AI=458.87 AICommand=0.63 AIThink=23.60 AIDrive=78.40 AIEngage=353.18 Gunnery=0.61 ShipStep=427.29 Collision=468.22 Projectiles=1014.75 Missiles=40.49 PointDefense=536.24 Drones=53.97 Sensors=6.68 Post=13.55
perf t=643s fps=12.5 frame=80ms | physics=67.3/22 sim=66.3/7 hudDraw=3.8/4 ballistics=3.1/17 shipViews=0.8/1 contacts=0.4/1 audioObserve=0.4/0 fxSync=0.2/1 fxObserve=0.2/0 ordnance=0.1/0 shipCombat=0.0/0 combat+am=0.0/0 audioListener=0.0/0 | draws=741 objects=7037 prims=185812 nodes=3345 gpu=301MB
sim-profile t=643.133s ticks=244 us/tick | Tick=3802.51 AI=328.40 AICommand=0.82 AIThink=17.73 AIDrive=77.93 AIEngage=228.52 Gunnery=0.65 ShipStep=457.71 Collision=499.00 Projectiles=1769.45 Missiles=61.31 PointDefense=596.63 Drones=64.92 Sensors=6.70 Post=16.08
perf t=646s fps=5.8 frame=173ms | physics=152.4/26 sim=150.3/8 ballistics=8.5/15 hudDraw=3.8/4 fxSync=0.8/1 shipViews=0.8/1 audioObserve=0.7/0 contacts=0.7/0 fxObserve=0.5/0 ordnance=0.1/0 shipCombat=0.0/0 combat+am=0.0/0 audioListener=0.0/0 | draws=733 objects=6967 prims=174446 nodes=3360 gpu=301MB
sim-profile t=646.333s ticks=192 us/tick | Tick=4697.19 AI=392.83 AICommand=1.19 AIThink=22.07 AIDrive=79.69 AIEngage=286.58 Gunnery=0.71 ShipStep=473.30 Collision=512.73 Projectiles=2461.05 Missiles=90.10 PointDefense=666.35 Drones=74.01 Sensors=7.44 Post=16.98
perf t=650s fps=5.0 frame=199ms | physics=177.3/30 sim=175.0/8 ballistics=8.7/17 hudDraw=3.9/4 fxSync=1.2/1 audioObserve=0.9/0 shipViews=0.8/1 contacts=0.7/0 fxObserve=0.6/0 ordnance=0.1/0 shipCombat=0.1/0 combat+am=0.0/0 audioListener=0.0/0 | draws=750 objects=7029 prims=174505 nodes=3368 gpu=301MB
sim-profile t=649.533s ticks=192 us/tick | Tick=5467.28 AI=437.89 AICommand=0.53 AIThink=24.33 AIDrive=80.39 AIEngage=329.23 Gunnery=0.67 ShipStep=478.88 Collision=503.72 Projectiles=2957.01 Missiles=120.50 PointDefense=862.77 Drones=78.41 Sensors=7.12 Post=18.35
perf t=653s fps=5.2 frame=191ms | physics=174.0/27 sim=171.8/9 ballistics=5.1/13 hudDraw=4.1/4 fxSync=1.2/1 shipViews=0.9/1 audioObserve=0.8/0 contacts=0.7/0 fxObserve=0.6/0 ordnance=0.1/0 shipCombat=0.0/0 combat+am=0.0/0 audioListener=0.0/0 | draws=757 objects=7026 prims=157361 nodes=3361 gpu=301MB
sim-profile t=652.733s ticks=192 us/tick | Tick=5368.94 AI=392.05 AICommand=0.85 AIThink=25.69 AIDrive=73.99 AIEngage=288.35 Gunnery=0.62 ShipStep=428.83 Collision=473.38 Projectiles=3116.68 Missiles=103.42 PointDefense=758.67 Drones=71.26 Sensors=5.85 Post=16.49
perf t=655s fps=5.0 frame=201ms | physics=171.7/30 sim=169.6/9 ballistics=17.6/43 hudDraw=3.8/4 fxSync=1.1/1 audioObserve=0.8/0 shipViews=0.8/1 contacts=0.6/0 fxObserve=0.5/0 ordnance=0.1/0 shipCombat=0.1/0 combat+am=0.0/0 audioListener=0.0/0 | draws=740 objects=6973 prims=189649 nodes=3360 gpu=301MB
sim-profile t=655.400s ticks=160 us/tick | Tick=5301.13 AI=362.22 AICommand=0.61 AIThink=23.15 AIDrive=74.13 AIEngage=261.01 Gunnery=0.61 ShipStep=421.07 Collision=474.53 Projectiles=3192.52 Missiles=90.08 PointDefense=668.51 Drones=66.28 Sensors=7.42 Post=16.27
perf t=659s fps=5.8 frame=173ms | physics=147.4/21 sim=145.5/6 ballistics=14.2/27 hudDraw=3.8/5 fxSync=0.9/1 shipViews=0.8/1 audioObserve=0.7/0 contacts=0.6/0 fxObserve=0.4/0 ordnance=0.1/1 shipCombat=0.0/0 combat+am=0.0/0 audioListener=0.0/0 | draws=713 objects=6987 prims=174461 nodes=3359 gpu=301MB
sim-profile t=658.600s ticks=192 us/tick | Tick=4545.67 AI=312.14 AICommand=0.84 AIThink=20.92 AIDrive=67.81 AIEngage=219.52 Gunnery=0.59 ShipStep=400.59 Collision=466.09 Projectiles=2576.54 Missiles=83.09 PointDefense=618.17 Drones=64.86 Sensors=6.38 Post=15.66
perf t=662s fps=5.7 frame=176ms | physics=158.7/24 sim=156.8/7 ballistics=5.6/18 hudDraw=3.6/4 fxSync=1.1/1 audioObserve=0.7/0 shipViews=0.7/1 contacts=0.6/0 fxObserve=0.5/0 shipCombat=0.1/0 ordnance=0.1/0 combat+am=0.0/0 audioListener=0.0/0 | draws=719 objects=7052 prims=172504 nodes=3362 gpu=301MB
sim-profile t=661.800s ticks=192 us/tick | Tick=4898.38 AI=374.23 AICommand=0.69 AIThink=23.63 AIDrive=68.02 AIEngage=278.68 Gunnery=0.63 ShipStep=399.93 Collision=468.15 Projectiles=2945.31 Missiles=83.32 PointDefense=537.33 Drones=65.00 Sensors=6.79 Post=16.12
perf t=665s fps=5.5 frame=183ms | physics=160.0/23 sim=157.7/7 ballistics=10.6/18 hudDraw=4.0/4 fxSync=1.1/1 audioObserve=0.9/0 shipViews=0.8/1 contacts=0.7/0 fxObserve=0.5/0 shipCombat=0.1/0 ordnance=0.1/0 combat+am=0.0/0 audioListener=0.0/0 | draws=691 objects=7073 prims=155740 nodes=3359 gpu=301MB
sim-profile t=665.000s ticks=192 us/tick | Tick=4929.05 AI=368.86 AICommand=0.92 AIThink=21.45 AIDrive=71.71 AIEngage=271.39 Gunnery=0.67 ShipStep=418.51 Collision=491.01 Projectiles=2881.19 Missiles=90.24 PointDefense=583.16 Drones=68.70 Sensors=6.84 Post=18.06
perf t=668s fps=5.9 frame=170ms | physics=149.0/23 sim=146.8/8 ballistics=9.8/22 hudDraw=4.0/4 fxSync=1.1/1 audioObserve=0.9/0 shipViews=0.8/1 contacts=0.6/0 fxObserve=0.5/0 shipCombat=0.1/0 ordnance=0.1/0 combat+am=0.0/0 audioListener=0.0/0 | draws=710 objects=7128 prims=175333 nodes=3356 gpu=301MB
sim-profile t=668.200s ticks=192 us/tick | Tick=4586.47 AI=371.70 AICommand=0.93 AIThink=20.83 AIDrive=83.94 AIEngage=262.59 Gunnery=0.63 ShipStep=403.57 Collision=481.67 Projectiles=2521.85 Missiles=83.23 PointDefense=633.16 Drones=66.09 Sensors=6.09 Post=16.73
perf t=671s fps=5.0 frame=202ms | physics=169.0/25 sim=166.2/8 ballistics=20.3/34 hudDraw=3.8/4 fxSync=1.3/2 audioObserve=1.2/0 shipViews=0.8/1 fxObserve=0.7/0 contacts=0.7/0 ordnance=0.1/0 shipCombat=0.1/0 combat+am=0.0/0 audioListener=0.0/0 | draws=716 objects=7172 prims=164538 nodes=3377 gpu=301MB
sim-profile t=670.867s ticks=160 us/tick | Tick=5193.20 AI=395.83 AICommand=0.83 AIThink=25.17 AIDrive=70.38 AIEngage=295.86 Gunnery=0.70 ShipStep=440.41 Collision=511.17 Projectiles=2883.39 Missiles=116.29 PointDefense=737.98 Drones=77.82 Sensors=7.30 Post=20.31
perf t=675s fps=6.8 frame=147ms | physics=128.3/20 sim=126.3/7 ballistics=7.6/24 hudDraw=3.7/4 fxSync=1.5/2 audioObserve=0.8/0 shipViews=0.7/1 contacts=0.6/0 fxObserve=0.5/0 ordnance=0.1/0 shipCombat=0.0/0 combat+am=0.0/0 audioListener=0.0/0 | draws=709 objects=7184 prims=180708 nodes=3360 gpu=301MB
sim-profile t=674.600s ticks=224 us/tick | Tick=3947.41 AI=350.57 AICommand=0.67 AIThink=22.33 AIDrive=62.02 AIEngage=262.60 Gunnery=0.58 ShipStep=387.62 Collision=466.36 Projectiles=1835.29 Missiles=96.57 PointDefense=720.42 Drones=67.71 Sensors=6.29 Post=14.54
perf t=679s fps=7.8 frame=129ms | physics=112.5/16 sim=110.7/5 ballistics=5.0/14 hudDraw=3.9/4 fxSync=0.9/1 shipViews=0.8/1 audioObserve=0.7/0 contacts=0.5/0 fxObserve=0.4/0 ordnance=0.1/0 shipCombat=0.0/0 combat+am=0.0/0 audioListener=0.0/0 | draws=723 objects=7237 prims=186844 nodes=3341 gpu=301MB
sim-profile t=678.733s ticks=248 us/tick | Tick=3572.03 AI=351.30 AICommand=0.67 AIThink=23.51 AIDrive=61.54 AIEngage=262.61 Gunnery=0.57 ShipStep=383.50 Collision=458.83 Projectiles=1521.21 Missiles=70.28 PointDefense=706.24 Drones=58.71 Sensors=6.25 Post=13.67
perf t=683s fps=7.4 frame=135ms | physics=110.5/19 sim=108.5/5 ballistics=12.7/36 hudDraw=4.0/5 audioObserve=0.9/0 shipViews=0.8/1 contacts=0.6/0 fxSync=0.6/1 fxObserve=0.4/0 shipCombat=0.1/0 ordnance=0.1/0 combat+am=0.0/0 audioListener=0.0/0 | draws=773 objects=7292 prims=246678 nodes=3337 gpu=301MB
sim-profile t=682.667s ticks=236 us/tick | Tick=3677.24 AI=381.38 AICommand=0.75 AIThink=24.50 AIDrive=72.79 AIEngage=280.12 Gunnery=0.64 ShipStep=402.83 Collision=478.35 Projectiles=1645.44 Missiles=60.34 PointDefense=628.14 Drones=55.77 Sensors=6.56 Post=16.18
autoplay outcome: sim=683.73s FPS min=2.92 mean=48.52 engine=7.0
perf t=685s fps=42.6 frame=23ms | physics=10.4/18 sim=10.2/5 hudDraw=4.5/7 ballistics=1.4/18 shipViews=0.8/2 fxSync=0.7/2 ordnance=0.1/0 contacts=0.1/0 fxObserve=0.0/0 audioObserve=0.0/0 shipCombat=0.0/0 audioListener=0.0/0 combat+am=0.0/0 | draws=1044 objects=7944 prims=213856 nodes=3345 gpu=301MB
sim-profile t=684.550s ticks=113 us/tick | Tick=3897.22 AI=361.35 AICommand=1.01 AIThink=26.50 AIDrive=71.80 AIEngage=257.82 Gunnery=0.73 ShipStep=438.00 Collision=510.38 Projectiles=1666.91 Missiles=147.14 PointDefense=675.55 Drones=61.92 Sensors=7.32 Post=25.80
perf t=686s fps=69.7 frame=14ms | hudDraw=4.4/6 physics=3.2/6 sim=3.2/6 shipViews=0.8/1 fxSync=0.8/1 ballistics=0.5/12 ordnance=0.1/0 shipCombat=0.0/0 contacts=0.0/0 fxObserve=0.0/0 audioListener=0.0/0 combat+am=0.0/0 audioObserve=0.0/0 | draws=991 objects=7891 prims=212130 nodes=3345 gpu=301MB
sim-profile t=685.567s ticks=61 us/tick | Tick=3638.95 AI=409.62 AICommand=0.55 AIThink=29.45 AIDrive=77.31 AIEngage=297.10 Gunnery=0.84 ShipStep=431.40 Collision=483.12 Projectiles=1469.50 Missiles=162.98 PointDefense=587.95 Drones=61.03 Sensors=7.39 Post=23.36
autoplay after outcome: sim=685.65s projectiles=20 missiles=12 impacts=18 ordnanceEvents=0 battleEvents=68 intervals=23
