done 1/normal: Blue:0.000/0.000/130.750/142.000/179.517/515.683/523.607/432.167/693.713/726.395/-;M=140/99;R=364/311;AM=4/4|Red:0.000/0.000/130.750/142.000/247.517/511.617/519.569/428.763/619.778/559.554/-;M=140/86;R=306/268;AM=4/2|Approach:120.000,Missile:360.000,Gunnery:0.000,Sniping:120.000,Brawl:135.217|collisions=0|events=123|winner=Red;time=735.217 wall=20.9s
done 1/mirror: Blue:0.000/0.000/128.250/126.000/158.000/544.167/552.144/487.088/-/-/-;M=120/87;R=200/159;AM=0/0|Red:0.000/0.000/128.250/134.000/305.454/549.250/557.175/477.179/560.850/-/-;M=140/81;R=142/102;AM=0/0|Approach:120.000,Missile:390.000,Gunnery:0.000,Sniping:90.000,Brawl:41.467|collisions=0|events=53|winner=Blue;time=641.467 wall=15.3s
done 2/normal: Blue:0.000/0.000/134.250/148.000/218.600/546.133/554.085/491.579/654.830/-/764.000;M=140/107;R=982/953;AM=10/7|Red:0.000/0.000/134.250/148.000/321.158/544.217/552.208/476.358/667.043/-/764.000;M=140/102;R=1420/1336;AM=10/5|Approach:150.000,Missile:420.000,Gunnery:0.000,Sniping:150.000,Brawl:497.483|collisions=0|events=157|winner=Blue;time=1217.483 wall=22.8s
done 2/mirror: Blue:0.000/0.000/154.250/148.000/250.500/543.133/551.062/421.217/595.983/649.967/-;M=120/92;R=312/256;AM=0/0|Red:0.000/0.000/154.250/148.000/288.671/539.283/547.248/387.979/644.356/-/-;M=120/87;R=148/124;AM=0/0|Approach:120.000,Missile:360.000,Gunnery:30.000,Sniping:179.617,Brawl:0.000|collisions=0|events=105|winner=Red;time=689.617 wall=19.7s
done 3/normal: Blue:0.000/0.000/165.500/168.000/199.554/555.533/563.473/496.229/687.169/-/772.000;M=140/97;R=1007/870;AM=5/5|Red:0.000/0.000/165.500/168.000/234.542/557.267/565.248/373.733/675.551/-/772.000;M=140/112;R=414/315;AM=10/6|Approach:150.000,Missile:360.000,Gunnery:0.000,Sniping:120.000,Brawl:286.100|collisions=0|events=126|winner=Blue;time=916.100 wall=21.1s
done 3/mirror: Blue:0.000/0.000/160.250/170.000/306.346/569.517/574.282/375.838/-/681.271/-;M=120/89;R=294/195;AM=0/0|Red:0.000/0.000/160.250/170.000/271.033/569.050/577.018/498.296/578.825/595.445/-;M=138/94;R=204/149;AM=0/0|Approach:180.000,Missile:360.000,Gunnery:30.000,Sniping:60.000,Brawl:58.100|collisions=0|events=96|winner=Blue;time=688.100 wall=17.5s
done 4/normal: Blue:0.000/0.000/134.250/132.000/164.000/545.250/553.193/456.500/-/-/-;M=140/90;R=485/354;AM=0/0|Red:0.000/0.000/134.250/132.000/304.029/546.367/554.314/485.142/623.374/-/-;M=120/92;R=114/46;AM=0/0|Approach:120.000,Missile:420.000,Gunnery:0.000,Sniping:60.000,Brawl:62.667|collisions=0|events=57|winner=Blue;time=662.667 wall=19.2s
done 4/mirror: Blue:0.000/0.000/146.250/148.000/284.371/525.767/533.711/416.821/610.250/-/-;M=120/93;R=170/128;AM=0/0|Red:0.000/0.000/146.250/148.000/284.346/526.783/534.725/442.367/664.761/-/-;M=140/94;R=366/308;AM=0/0|Approach:120.000,Missile:330.000,Gunnery:0.000,Sniping:180.000,Brawl:67.083|collisions=0|events=94|winner=Red;time=697.083 wall=19.1s
done 5/normal: Blue:0.000/0.000/148.250/146.000/178.013/547.517/555.461/500.425/-/-/-;M=140/97;R=533/447;AM=0/0|Red:0.000/0.000/148.250/146.000/319.108/547.800/555.767/14.300/595.964/14.300/-;M=120/96;R=44/32;AM=0/0|Approach:90.000,Missile:390.000,Gunnery:60.000,Sniping:90.000,Brawl:53.117|collisions=1|events=79|winner=Blue;time=683.117 wall=19.6s
done 5/mirror: Blue:0.000/0.000/146.250/158.000/228.663/559.517/567.466/14.608/612.506/-/-;M=140/85;R=314/223;AM=0/0|Red:0.000/0.000/146.250/158.000/189.621/557.417/565.368/462.125/671.730/-/-;M=120/94;R=142/116;AM=0/0|Approach:150.000,Missile:390.000,Gunnery:30.000,Sniping:62.883,Brawl:60.000|collisions=1|events=86|winner=Red;time=692.883 wall=17.7s
done 6/normal: Blue:0.000/0.000/178.250/190.000/227.383/538.800/546.752/7.525/561.936/-/-;M=120/69;R=86/77;AM=0/0|Red:0.000/0.000/178.250/180.000/217.667/538.867/546.858/401.458/672.144/-/-;M=120/85;R=308/182;AM=0/0|Approach:180.000,Missile:330.000,Gunnery:90.000,Sniping:79.650,Brawl:0.000|collisions=1|events=76|winner=Red;time=679.650 wall=15.3s
done 6/mirror: Blue:0.000/0.000/160.250/170.000/236.521/544.250/552.199/455.167/595.565/-/673.000;M=120/86;R=76/48;AM=0/0|Red:0.000/0.000/160.250/170.000/302.421/538.883/546.837/7.504/-/-/673.000;M=138/81;R=522/403;AM=0/0|Approach:180.000,Missile:300.000,Gunnery:30.000,Sniping:120.000,Brawl:75.017|collisions=1|events=67|winner=Red;time=705.017 wall=16.0s
done 7/normal: Blue:0.000/0.000/131.000/132.000/198.625/524.050/531.978/484.633/650.721/-/667.000;M=137/94;R=408/312;AM=0/0|Red:0.000/0.000/131.000/132.000/233.813/523.017/531.001/435.254/606.223/-/667.000;M=120/78;R=104/73;AM=0/0|Approach:120.000,Missile:390.000,Gunnery:0.000,Sniping:120.000,Brawl:58.533|collisions=0|events=79|winner=Blue;time=688.533 wall=15.1s
done 7/mirror: Blue:0.000/0.000/134.250/132.000/163.800/545.600/550.346/376.617/581.835/-/-;M=120/86;R=178/162;AM=0/0|Red:0.000/0.000/134.250/136.000/167.788/544.633/549.245/449.788/569.725/-/-;M=130/105;R=309/265;AM=0/0|Approach:120.000,Missile:390.000,Gunnery:0.000,Sniping:150.000,Brawl:42.367|collisions=0|events=103|winner=Red;time=702.367 wall=14.6s
done 8/normal: Blue:0.000/0.000/131.000/132.000/203.442/546.883/554.827/485.413/649.187/-/766.000;M=140/103;R=1101/994;AM=2/2|Red:0.000/0.000/131.000/132.000/233.517/546.867/554.810/460.738/635.879/-/766.000;M=140/82;R=380/374;AM=5/3|Approach:120.000,Missile:420.000,Gunnery:0.000,Sniping:90.000,Brawl:190.283|collisions=0|events=119|winner=Red;time=820.283 wall=18.4s
done 8/mirror: Blue:0.000/0.000/146.250/148.000/323.121/560.500/568.452/350.050/676.434/-/706.000;M=140/101;R=1306/1203;AM=10/7|Red:0.000/0.000/146.250/148.000/249.000/564.117/572.068/506.671/640.310/-/706.000;M=140/105;R=974/911;AM=9/7|Approach:120.000,Missile:420.000,Gunnery:60.000,Sniping:120.000,Brawl:302.467|collisions=0|events=154|winner=Blue;time=1022.467 wall=23.3s
done 9/normal: Blue:0.000/0.000/130.750/142.000/179.463/531.583/539.575/494.879/582.205/670.929/-;M=130/97;R=242/156;AM=0/0|Red:0.000/0.000/130.750/142.000/213.275/534.533/542.503/348.008/654.249/671.376/-;M=120/97;R=196/169;AM=0/0|Approach:120.000,Missile:330.000,Gunnery:30.000,Sniping:180.000,Brawl:18.117|collisions=0|events=100|winner=Red;time=678.117 wall=14.3s
done 9/mirror: Blue:0.000/0.000/134.250/132.000/163.800/556.517/564.339/376.529/646.778/629.617/-;M=130/92;R=302/218;AM=0/0|Red:0.000/0.000/134.250/136.000/167.788/542.583/550.560/481.571/612.753/570.843/-;M=120/110;R=168/155;AM=0/0|Approach:120.000,Missile:390.000,Gunnery:0.000,Sniping:227.733,Brawl:0.000|collisions=0|events=118|winner=Blue;time=737.733 wall=16.4s
done 10/normal: Blue:0.000/0.000/131.250/132.000/163.871/540.033/547.958/377.463/671.715/1018.700/713.000;M=140/91;R=1121/1061;AM=7/7|Red:0.000/0.000/131.250/132.000/268.004/541.867/549.796/376.829/597.396/773.515/713.000;M=140/100;R=919/871;AM=8/5|Approach:120.000,Missile:360.000,Gunnery:0.000,Sniping:210.000,Brawl:346.250|collisions=0|events=181|winner=Blue;time=1036.250 wall=21.2s
done 10/mirror: Blue:0.000/0.000/128.250/134.000/173.638/555.717/563.643/482.754/651.273/-/789.000;M=140/109;R=800/680;AM=9/8|Red:0.000/0.000/128.250/134.000/200.500/552.117/560.061/463.129/710.297/-/789.000;M=140/113;R=666/652;AM=0/0|Approach:120.000,Missile:420.000,Gunnery:0.000,Sniping:120.000,Brawl:135.300|collisions=0|events=114|winner=Red;time=795.300 wall=17.5s
PASS: 20/20 battle summaries match shots/perf-stage1-20261010/baseline.summaries.json byte for byte
sections All weighted us/tick: Tick=392.69 AI=56.21 AICommand=0.49 AIThink=3.87 AIDrive=17.23 AIEngage=33.57 Gunnery=0.13 ShipStep=96.46 Collision=48.46 Projectiles=44.55 Missiles=18.97 PointDefense=105.71 Drones=16.53 Sensors=1.36 Post=3.59
sections phase:Approach weighted us/tick: Tick=249.86 AI=20.81 AICommand=0.61 AIThink=1.58 AIDrive=14.19 AIEngage=3.40 Gunnery=0.11 ShipStep=90.64 Collision=59.41 Projectiles=0.18 Missiles=4.55 PointDefense=61.46 Drones=7.44 Sensors=1.37 Post=3.19
sections phase:Missile weighted us/tick: Tick=367.69 AI=53.18 AICommand=0.46 AIThink=3.77 AIDrive=17.51 AIEngage=30.38 Gunnery=0.12 ShipStep=98.86 Collision=43.62 Projectiles=0.19 Missiles=24.20 PointDefense=121.50 Drones=20.52 Sensors=1.33 Post=3.44
sections phase:Sniping weighted us/tick: Tick=516.86 AI=80.34 AICommand=0.51 AIThink=5.58 AIDrive=19.05 AIEngage=54.09 Gunnery=0.14 ShipStep=102.33 Collision=52.36 Projectiles=107.19 Missiles=23.78 PointDefense=124.61 Drones=19.95 Sensors=1.41 Post=3.97
sections phase:Brawl weighted us/tick: Tick=475.99 AI=76.19 AICommand=0.44 AIThink=4.68 AIDrive=17.51 AIEngage=52.55 Gunnery=0.14 ShipStep=87.70 Collision=47.33 Projectiles=160.10 Missiles=11.30 PointDefense=77.95 Drones=9.22 Sensors=1.33 Post=3.98
sections time:0-300 weighted us/tick: Tick=267.71 AI=28.31 AICommand=0.52 AIThink=1.74 AIDrive=15.21 AIEngage=9.81 Gunnery=0.11 ShipStep=92.46 Collision=51.97 Projectiles=0.17 Missiles=8.65 PointDefense=71.23 Drones=9.61 Sensors=1.33 Post=3.15
sections time:300-540 weighted us/tick: Tick=453.55 AI=70.87 AICommand=0.46 AIThink=5.49 AIDrive=19.00 AIEngage=44.81 Gunnery=0.13 ShipStep=104.31 Collision=44.96 Projectiles=0.99 Missiles=35.59 PointDefense=161.76 Drones=29.01 Sensors=1.38 Post=3.76
sections time:540+ weighted us/tick: Tick=490.31 AI=76.90 AICommand=0.47 AIThink=4.93 AIDrive=18.00 AIEngage=52.44 Gunnery=0.14 ShipStep=93.54 Collision=47.55 Projectiles=145.91 Missiles=15.15 PointDefense=92.45 Drones=12.60 Sensors=1.36 Post=3.97
sections phase:Gunnery weighted us/tick: Tick=528.31 AI=74.85 AICommand=0.56 AIThink=5.14 AIDrive=18.86 AIEngage=49.14 Gunnery=0.14 ShipStep=106.82 Collision=49.63 Projectiles=77.92 Missiles=33.19 PointDefense=154.31 Drones=24.93 Sensors=1.47 Post=4.26
section csv=C:\Users\yurib\Documents\New project\space_fleet\shots\perf-stage1-20261010\profile-release.sections.csv; Tick includes all sections; AI includes its four child sections.
AM Hit: 68 (mean launch 3828m, closest hull 3.3m)
AM PointDefense: 13 (mean launch 3685m, closest hull 1180.0m)
AM Expired: 12 (mean launch 3602m, closest hull 33.5m)
AM InFlight at outcome: 0
Contact: median=0.00 min=0.00 max=0.00 occurred=20/20
Blue Contact: median=0.00 min=0.00 max=0.00 occurred=20/20
Red Contact: median=0.00 min=0.00 max=0.00 occurred=20/20
Identified: median=0.00 min=0.00 max=0.00 occurred=20/20
Blue Identified: median=0.00 min=0.00 max=0.00 occurred=20/20
Red Identified: median=0.00 min=0.00 max=0.00 occurred=20/20
Locked: median=134.25 min=128.25 max=178.25 occurred=20/20
Blue Locked: median=134.25 min=128.25 max=178.25 occurred=20/20
Red Locked: median=134.25 min=128.25 max=178.25 occurred=20/20
MissileLaunch: median=144.00 min=126.00 max=180.00 occurred=20/20
Blue MissileLaunch: median=144.00 min=126.00 max=190.00 occurred=20/20
Red MissileLaunch: median=144.00 min=132.00 max=180.00 occurred=20/20
MissileHit: median=194.12 min=158.00 max=284.35 occurred=20/20
Blue MissileHit: median=199.09 min=158.00 max=323.12 occurred=20/20
Red MissileHit: median=248.26 min=167.79 max=321.16 occurred=20/20
RailLaunch: median=544.19 min=511.62 max=569.05 occurred=20/20
Blue RailLaunch: median=545.42 min=515.68 max=569.52 occurred=20/20
Red RailLaunch: median=544.42 min=511.62 max=569.05 occurred=20/20
RailHit: median=551.35 min=519.57 max=574.28 occurred=20/20
Blue RailHit: median=552.70 min=523.61 max=574.28 occurred=20/20
Red RailHit: median=551.38 min=519.57 max=577.02 occurred=20/20
ModuleDestroyed: median=376.72 min=7.50 max=477.18 occurred=20/20
Blue ModuleDestroyed: median=443.67 min=7.53 max=500.43 occurred=20/20
Red ModuleDestroyed: median=446.08 min=7.50 max=506.67 occurred=20/20
Disabled: median=608.24 min=560.85 max=675.55 occurred=20/20
Blue Disabled: median=647.98 min=561.94 max=693.71 occurred=16/20
Red Disabled: median=635.88 min=560.85 max=710.30 occurred=19/20
Destroyed: median=595.44 min=14.30 max=773.52 occurred=7/20
Blue Destroyed: median=676.10 min=629.62 max=1018.70 occurred=6/20
Red Destroyed: median=583.14 min=14.30 max=773.52 occurred=6/20
Close: median=738.50 min=667.00 max=789.00 occurred=8/20
Blue Close: median=738.50 min=667.00 max=789.00 occurred=8/20
Red Close: median=738.50 min=667.00 max=789.00 occurred=8/20
Outcome: median=699.73 min=641.47 max=1217.48 occurred=20/20
Wall: median=18.08 min=14.27 max=23.26 occurred=20/20
wins Blue: 10/20
wins Red: 10/20
draws: 0/20; unresolved: 0
position normal: Blue 6/10, Red 4/10
position mirror: Blue 4/10, Red 6/10
phase Approach >=60s: 20/20
phase Missile >=60s: 20/20
phase Gunnery >=60s: 3/20
phase Sniping >=60s: 20/20
phase Brawl >=60s: 11/20
friendly collisions: mean=0.20
batch wall=365.8s jobs=1 csv=C:\Users\yurib\Documents\New project\space_fleet\shots\perf-stage1-20261010\profile-release.csv
step 1/False All: mean=0.474 p99=1.400 max=70.110 ms
step 1/False Approach: mean=0.358 p99=1.786 max=70.110 ms
step 1/False Missile: mean=0.489 p99=1.260 max=26.472 ms
step 1/False Gunnery: no ticks
step 1/False Sniping: mean=0.559 p99=1.249 max=5.441 ms
step 1/False Brawl: mean=0.464 p99=1.161 max=4.828 ms
step 1/True All: mean=0.397 p99=1.107 max=3.705 ms
step 1/True Approach: mean=0.226 p99=0.506 max=1.282 ms
step 1/True Missile: mean=0.383 p99=0.964 max=1.864 ms
step 1/True Gunnery: no ticks
step 1/True Sniping: mean=0.577 p99=1.163 max=3.705 ms
step 1/True Brawl: mean=0.629 p99=1.549 max=3.096 ms
step 2/False All: mean=0.312 p99=0.968 max=4.950 ms
step 2/False Approach: mean=0.207 p99=0.539 max=1.306 ms
step 2/False Missile: mean=0.336 p99=0.894 max=2.874 ms
step 2/False Gunnery: no ticks
step 2/False Sniping: mean=0.433 p99=1.344 max=1.880 ms
step 2/False Brawl: mean=0.287 p99=0.863 max=4.950 ms
step 2/True All: mean=0.477 p99=1.294 max=9.342 ms
step 2/True Approach: mean=0.250 p99=0.611 max=1.165 ms
step 2/True Missile: mean=0.450 p99=1.192 max=9.342 ms
step 2/True Gunnery: mean=0.624 p99=1.276 max=1.828 ms
step 2/True Sniping: mean=0.659 p99=1.435 max=3.890 ms
step 2/True Brawl: no ticks
step 3/False All: mean=0.385 p99=1.172 max=5.698 ms
step 3/False Approach: mean=0.292 p99=0.659 max=2.228 ms
step 3/False Missile: mean=0.341 p99=0.837 max=2.784 ms
step 3/False Gunnery: no ticks
step 3/False Sniping: mean=0.363 p99=0.785 max=2.188 ms
step 3/False Brawl: mean=0.498 p99=1.409 max=5.698 ms
step 3/True All: mean=0.423 p99=1.298 max=7.118 ms
step 3/True Approach: mean=0.220 p99=0.556 max=3.255 ms
step 3/True Missile: mean=0.412 p99=1.214 max=7.118 ms
step 3/True Gunnery: mean=0.510 p99=1.000 max=1.311 ms
step 3/True Sniping: mean=0.748 p99=1.435 max=2.591 ms
step 3/True Brawl: mean=0.735 p99=1.525 max=2.024 ms
step 4/False All: mean=0.483 p99=1.897 max=6.454 ms
step 4/False Approach: mean=0.279 p99=0.690 max=3.551 ms
step 4/False Missile: mean=0.418 p99=1.251 max=6.454 ms
step 4/False Gunnery: no ticks
step 4/False Sniping: mean=0.728 p99=1.626 max=2.316 ms
step 4/False Brawl: mean=1.073 p99=2.445 max=4.601 ms
step 4/True All: mean=0.457 p99=1.475 max=7.648 ms
step 4/True Approach: mean=0.314 p99=0.800 max=2.483 ms
step 4/True Missile: mean=0.363 p99=1.102 max=7.648 ms
step 4/True Gunnery: no ticks
step 4/True Sniping: mean=0.576 p99=1.288 max=3.535 ms
step 4/True Brawl: mean=0.851 p99=1.982 max=2.877 ms
step 5/False All: mean=0.479 p99=1.316 max=5.045 ms
step 5/False Approach: mean=0.329 p99=1.031 max=1.549 ms
step 5/False Missile: mean=0.444 p99=1.057 max=5.045 ms
step 5/False Gunnery: mean=0.486 p99=1.066 max=1.613 ms
step 5/False Sniping: mean=0.587 p99=1.691 max=3.272 ms
step 5/False Brawl: mean=0.798 p99=1.656 max=3.812 ms
step 5/True All: mean=0.427 p99=1.054 max=3.295 ms
step 5/True Approach: mean=0.243 p99=0.635 max=2.192 ms
step 5/True Missile: mean=0.422 p99=1.019 max=2.358 ms
step 5/True Gunnery: mean=0.630 p99=1.160 max=1.863 ms
step 5/True Sniping: mean=0.603 p99=1.268 max=3.295 ms
step 5/True Brawl: mean=0.630 p99=1.159 max=3.078 ms
step 6/False All: mean=0.375 p99=1.208 max=2.115 ms
step 6/False Approach: mean=0.249 p99=0.844 max=1.679 ms
step 6/False Missile: mean=0.333 p99=0.794 max=1.817 ms
step 6/False Gunnery: mean=0.597 p99=1.610 max=2.115 ms
step 6/False Sniping: mean=0.581 p99=1.214 max=1.928 ms
step 6/False Brawl: no ticks
step 6/True All: mean=0.379 p99=1.035 max=2.777 ms
step 6/True Approach: mean=0.261 p99=0.800 max=1.362 ms
step 6/True Missile: mean=0.323 p99=0.807 max=2.777 ms
step 6/True Gunnery: mean=0.573 p99=1.172 max=2.093 ms
step 6/True Sniping: mean=0.553 p99=1.091 max=1.634 ms
step 6/True Brawl: mean=0.535 p99=1.320 max=2.519 ms
step 7/False All: mean=0.366 p99=1.023 max=3.243 ms
step 7/False Approach: mean=0.202 p99=0.478 max=2.170 ms
step 7/False Missile: mean=0.340 p99=0.879 max=3.243 ms
step 7/False Gunnery: no ticks
step 7/False Sniping: mean=0.458 p99=0.981 max=1.989 ms
step 7/False Brawl: mean=0.680 p99=1.467 max=2.905 ms
step 7/True All: mean=0.347 p99=0.930 max=2.869 ms
step 7/True Approach: mean=0.263 p99=0.478 max=1.759 ms
step 7/True Missile: mean=0.316 p99=0.803 max=2.869 ms
step 7/True Gunnery: no ticks
step 7/True Sniping: mean=0.484 p99=1.160 max=2.164 ms
step 7/True Brawl: mean=0.377 p99=0.939 max=1.537 ms
step 8/False All: mean=0.374 p99=1.206 max=3.130 ms
step 8/False Approach: mean=0.219 p99=0.577 max=2.057 ms
step 8/False Missile: mean=0.346 p99=0.935 max=1.773 ms
step 8/False Gunnery: no ticks
step 8/False Sniping: mean=0.474 p99=1.062 max=2.593 ms
step 8/False Brawl: mean=0.488 p99=1.499 max=3.130 ms
step 8/True All: mean=0.379 p99=1.093 max=4.481 ms
step 8/True Approach: mean=0.233 p99=0.603 max=1.139 ms
step 8/True Missile: mean=0.325 p99=0.790 max=2.194 ms
step 8/True Gunnery: mean=0.326 p99=0.791 max=3.046 ms
step 8/True Sniping: mean=0.435 p99=1.022 max=2.847 ms
step 8/True Brawl: mean=0.501 p99=1.262 max=4.481 ms
step 9/False All: mean=0.351 p99=0.911 max=3.662 ms
step 9/False Approach: mean=0.247 p99=0.465 max=1.246 ms
step 9/False Missile: mean=0.330 p99=0.777 max=3.662 ms
step 9/False Gunnery: mean=0.588 p99=1.154 max=1.589 ms
step 9/False Sniping: mean=0.394 p99=0.958 max=3.434 ms
step 9/False Brawl: mean=0.586 p99=1.149 max=1.549 ms
step 9/True All: mean=0.371 p99=0.949 max=2.273 ms
step 9/True Approach: mean=0.226 p99=0.516 max=2.236 ms
step 9/True Missile: mean=0.336 p99=0.904 max=1.894 ms
step 9/True Gunnery: no ticks
step 9/True Sniping: mean=0.506 p99=1.018 max=2.273 ms
step 9/True Brawl: no ticks
step 10/False All: mean=0.341 p99=0.925 max=2.747 ms
step 10/False Approach: mean=0.212 p99=0.473 max=1.714 ms
step 10/False Missile: mean=0.319 p99=0.799 max=2.655 ms
step 10/False Gunnery: no ticks
step 10/False Sniping: mean=0.464 p99=1.160 max=2.747 ms
step 10/False Brawl: mean=0.334 p99=0.795 max=2.350 ms
step 10/True All: mean=0.366 p99=1.195 max=2.710 ms
step 10/True Approach: mean=0.201 p99=0.492 max=1.425 ms
step 10/True Missile: mean=0.328 p99=0.831 max=2.710 ms
step 10/True Gunnery: no ticks
step 10/True Sniping: mean=0.501 p99=1.323 max=2.099 ms
step 10/True Brawl: mean=0.509 p99=1.460 max=2.474 ms
