done 1/normal: Blue:0.000/0.000/130.750/142.000/179.517/515.683/523.607/432.167/693.713/726.395/-;M=140/99;R=364/311;AM=4/4|Red:0.000/0.000/130.750/142.000/247.517/511.617/519.569/428.763/619.778/559.554/-;M=140/86;R=306/268;AM=4/2|Approach:120.000,Missile:360.000,Gunnery:0.000,Sniping:120.000,Brawl:135.217|collisions=0|events=123|winner=Red;time=735.217 wall=100.0s
PASS: 1/1 battle summaries match shots/perf-stage1-20261010/seed1.summaries.json byte for byte
sections All weighted us/tick: Tick=2266.49 AI=148.98 AICommand=1.81 AIThink=13.54 AIDrive=41.98 AIEngage=86.21 Gunnery=0.69 ShipStep=349.35 Collision=535.88 Projectiles=216.52 Missiles=90.31 PointDefense=760.11 Drones=138.58 Sensors=7.32 Post=14.51
sections phase:Approach weighted us/tick: Tick=1465.33 AI=61.84 AICommand=4.88 AIThink=9.45 AIDrive=32.42 AIEngage=10.04 Gunnery=0.72 ShipStep=333.03 Collision=518.16 Projectiles=1.11 Missiles=10.46 PointDefense=461.24 Drones=54.72 Sensors=7.52 Post=12.54
sections phase:Missile weighted us/tick: Tick=2213.08 AI=141.37 AICommand=1.33 AIThink=13.18 AIDrive=41.68 AIEngage=79.63 Gunnery=0.68 ShipStep=365.47 Collision=541.56 Projectiles=1.16 Missiles=109.00 PointDefense=866.60 Drones=161.22 Sensors=7.51 Post=14.27
sections phase:Sniping weighted us/tick: Tick=2796.71 AI=194.29 AICommand=1.06 AIThink=16.74 AIDrive=44.61 AIEngage=126.32 Gunnery=0.71 ShipStep=344.96 Collision=521.54 Projectiles=437.97 Missiles=134.69 PointDefense=949.22 Drones=186.79 Sensors=7.01 Post=15.30
sections phase:Brawl weighted us/tick: Tick=2649.15 AI=206.36 AICommand=1.04 AIThink=15.25 AIDrive=48.93 AIEngage=135.74 Gunnery=0.68 ShipStep=324.81 Collision=549.19 Projectiles=784.54 Missiles=72.03 PointDefense=574.02 Drones=109.91 Sensors=6.95 Post=16.20
sections time:0-300 weighted us/tick: Tick=1697.55 AI=91.67 AICommand=3.03 AIThink=9.77 AIDrive=36.92 AIEngage=36.58 Gunnery=0.69 ShipStep=355.55 Collision=541.73 Projectiles=1.15 Missiles=36.88 PointDefense=564.53 Drones=80.27 Sensors=7.60 Post=13.30
sections time:300-540 weighted us/tick: Tick=2624.47 AI=174.31 AICommand=0.88 AIThink=16.30 AIDrive=43.77 AIEngage=107.80 Gunnery=0.71 ShipStep=358.89 Collision=523.71 Projectiles=29.02 Missiles=168.57 PointDefense=1114.91 Drones=227.95 Sensors=7.29 Post=14.93
sections time:540+ weighted us/tick: Tick=2700.72 AI=205.91 AICommand=1.07 AIThink=15.92 AIDrive=47.57 AIEngage=135.94 Gunnery=0.68 ShipStep=328.09 Collision=541.84 Projectiles=778.01 Missiles=76.21 PointDefense=624.48 Drones=118.31 Sensors=6.94 Post=15.86
section csv=C:\Users\yurib\Documents\New project\space_fleet\shots\perf-stage1-20261010\profile-debug.sections.csv; Tick includes all sections; AI includes its four child sections.
AM Hit: 6 (mean launch 4316m, closest hull 0.0m)
AM PointDefense: 2 (mean launch 3718m, closest hull 1791.4m)
AM InFlight at outcome: 0
Contact: median=0.00 min=0.00 max=0.00 occurred=1/1
Blue Contact: median=0.00 min=0.00 max=0.00 occurred=1/1
Red Contact: median=0.00 min=0.00 max=0.00 occurred=1/1
Identified: median=0.00 min=0.00 max=0.00 occurred=1/1
Blue Identified: median=0.00 min=0.00 max=0.00 occurred=1/1
Red Identified: median=0.00 min=0.00 max=0.00 occurred=1/1
Locked: median=130.75 min=130.75 max=130.75 occurred=1/1
Blue Locked: median=130.75 min=130.75 max=130.75 occurred=1/1
Red Locked: median=130.75 min=130.75 max=130.75 occurred=1/1
MissileLaunch: median=142.00 min=142.00 max=142.00 occurred=1/1
Blue MissileLaunch: median=142.00 min=142.00 max=142.00 occurred=1/1
Red MissileLaunch: median=142.00 min=142.00 max=142.00 occurred=1/1
MissileHit: median=179.52 min=179.52 max=179.52 occurred=1/1
Blue MissileHit: median=179.52 min=179.52 max=179.52 occurred=1/1
Red MissileHit: median=247.52 min=247.52 max=247.52 occurred=1/1
RailLaunch: median=511.62 min=511.62 max=511.62 occurred=1/1
Blue RailLaunch: median=515.68 min=515.68 max=515.68 occurred=1/1
Red RailLaunch: median=511.62 min=511.62 max=511.62 occurred=1/1
RailHit: median=519.57 min=519.57 max=519.57 occurred=1/1
Blue RailHit: median=523.61 min=523.61 max=523.61 occurred=1/1
Red RailHit: median=519.57 min=519.57 max=519.57 occurred=1/1
ModuleDestroyed: median=428.76 min=428.76 max=428.76 occurred=1/1
Blue ModuleDestroyed: median=432.17 min=432.17 max=432.17 occurred=1/1
Red ModuleDestroyed: median=428.76 min=428.76 max=428.76 occurred=1/1
Disabled: median=619.78 min=619.78 max=619.78 occurred=1/1
Blue Disabled: median=693.71 min=693.71 max=693.71 occurred=1/1
Red Disabled: median=619.78 min=619.78 max=619.78 occurred=1/1
Destroyed: median=559.55 min=559.55 max=559.55 occurred=1/1
Blue Destroyed: median=726.39 min=726.39 max=726.39 occurred=1/1
Red Destroyed: median=559.55 min=559.55 max=559.55 occurred=1/1
Close: no events
Blue Close: no events
Red Close: no events
Outcome: median=735.22 min=735.22 max=735.22 occurred=1/1
Wall: median=100.02 min=100.02 max=100.02 occurred=1/1
wins Blue: 0/1
wins Red: 1/1
draws: 0/1; unresolved: 0
position normal: Blue 0/1, Red 1/1
phase Approach >=60s: 1/1
phase Missile >=60s: 1/1
phase Gunnery >=60s: 0/1
phase Sniping >=60s: 1/1
phase Brawl >=60s: 1/1
friendly collisions: mean=0.00
batch wall=100.3s jobs=1 csv=C:\Users\yurib\Documents\New project\space_fleet\shots\perf-stage1-20261010\profile-debug.csv
step 1/False All: mean=2.267 p99=4.688 max=56.693 ms
step 1/False Approach: mean=1.466 p99=2.456 max=56.693 ms
step 1/False Missile: mean=2.213 p99=4.132 max=12.156 ms
step 1/False Gunnery: no ticks
step 1/False Sniping: mean=2.797 p99=4.908 max=9.357 ms
step 1/False Brawl: mean=2.650 p99=5.447 max=9.258 ms
